? ガ
? ク
? コ
x ザ
x シ
x ジ
? セ
x ソ
x ド
? フ
? ポ
x ミ
x ラ
x レ
x アイ
? アカ
? アク
? アサ
? アザ
? アシ
? アジ
? アダ
? アテ
x アド
? アナ
? アブ
? アポ
? アマ
? アミ
? アメ
? アヤ
? アユ
? アラ
? アリ
? アワ
x アン
? イカ
? イガ
x イス
? イチ
x イデ
? イナ
? イヌ
? イネ
x イブ
? イボ
? イモ
x イン
x イー
? ウオ
? ウケ
? ウゴ
? ウシ
? ウジ
? ウソ
? ウチ
? ウド
? ウナ
? ウニ
? ウマ
? ウメ
? ウヨ
? ウリ
? ウル
x エア
? エイ
x エコ
x エゴ
? エサ
x エス
? エダ
? エト
? エナ
x エヌ
? エビ
x エフ
x エペ
x エム
x エラ
? エリ
x エル
x エー
? オオ
? オガ
? オシ
? オジ
? オス
? オチ
? オバ
? オビ
x オフ
x オブ
? オヤ
? オリ
x オー
x カイ
? カキ
? カギ
? カク
? カゲ
? カサ
? カシ
x カジ
? カス
? カセ
? カゼ
? カツ
? カテ
? カド
? カナ
? カニ
? カネ
? カバ
? カヒ
? カビ
? カブ
? カベ
? カマ
x カム
? カメ
? カモ
? カヤ
? カラ
? カリ
x カン
x カー
? ガキ
? ガク
? ガサ
x ガス
? ガセ
? ガニ
? ガマ
x ガム
x ガン
? キガ
? キク
? キグ
? キジ
? キズ
? キド
? キナ
? キビ
? キラ
? キリ
? キレ
x キロ
x キン
x キー
x ギア
x ギガ
? ギキ
? ギギ
? ギコ
? ギザ
? ギシ
? ギジ
? ギダ
? ギテ
? ギヒ
? ギフ
? ギボ
? ギム
? ギリ
? クギ
? クコ
? クシ
? クス
? クズ
? クニ
? クビ
? クマ
? クモ
? クリ
? クロ
? クワ
? グズ
? グチ
? グマ
x グミ
x グル
? グロ
x ケア
x ケイ
? ケゴ
? ケシ
? ケタ
? ケチ
? ケバ
? ケラ
? ケリ
x ゲイ
? ゲキ
? ゲソ
? ゲタ
? ゲバ
? ゲラ
x ゲル
? ゲロ
? ゲン
x コア
? コイ
? コウ
? コク
? コケ
? コチ
? コツ
? コテ
? コネ
? コビ
? コブ
? コマ
? コム
? コメ
? コモ
? コル
x コン
? ゴマ
? ゴミ
x ゴム
? ゴリ
? ゴロ
x サイ
? サオ
? サギ
? サケ
? ササ
? サシ
? サジ
? サバ
? サビ
x サブ
? サボ
? サメ
? サラ
? サル
x サン
? ザコ
? ザル
? シイ
? シエ
? シカ
? シキ
? シギ
? シコ
? シシ
? シズ
? シソ
? シダ
? シナ
? シバ
? シビ
? シフ
? シボ
? シマ
? シミ
? シメ
? ショ
? シラ
? シロ
? シワ
x シー
? ジイ
? ジカ
? ジク
x ジグ
x ジム
? ジャ
x ジン
x ジー
x スカ
? スガ
? スギ
? スゲ
? スサ
? スジ
? スズ
? スト
? スフ
? スリ
? ズイ
? ズエ
? ズク
? ズル
? ズレ
? セコ
? セツ
x セミ
? セリ
x セル
x セロ
? ゼミ
? ゼン
? ソカ
? ソク
? ソシ
? ソジ
? ソツ
? ソバ
? ソマ
x ソル
x ソロ
x ソン
? ゾウ
? ゾロ
x タイ
? タエ
? タカ
? タガ
x タグ
? タケ
? タコ
? タダ
? タチ
? タテ
? タデ
? タナ
? タネ
x タブ
? タボ
? タラ
? タレ
x タン
x ダウ
? ダシ
? ダダ
? ダニ
? ダバ
? ダフ
? ダマ
x ダム
? ダメ
x ダル
x ダン
? チゲ
? チゴ
? チサ
? チツ
? チヌ
? チミ
? チャ
x チリ
? ツエ
? ツガ
? ツキ
? ツケ
? ツゲ
? ツタ
x ツナ
? ツノ
? ツボ
? ツミ
? ツメ
? ツル
x ツー
? ヅル
? テキ
x テク
? テコ
x テラ
? テロ
x テン
x デイ
? デカ
? デキ
? デク
? デマ
x デモ
? トウ
? トキ
? トゲ
? トチ
? トツ
? トド
? トビ
? トラ
? トリ
? トロ
x トン
x ドア
? ドバ
? ドラ
x ドル
x ドン
? ナイ
x ナウ
? ナギ
? ナシ
? ナス
? ナゾ
x ナノ
? ナベ
? ナマ
? ナミ
? ナメ
? ナラ
x ナン
? ニオ
? ニシ
? ニス
? ニセ
? ニベ
? ニラ
? ニレ
? ヌエ
? ヌメ
x ネオ
? ネガ
? ネギ
? ネコ
? ネジ
? ネタ
? ネブ
? ネム
? ネル
? ノア
? ノド
x ノブ
? ノミ
? ノリ
? ノロ
x ノー
x ハイ
? ハエ
? ハカ
? ハギ
? ハク
? ハゲ
? ハジ
? ハス
x ハズ
? ハゼ
? ハチ
? ハト
? ハネ
x ハブ
? ハマ
? ハミ
x ハム
? ハモ
? ハヤ
? ハラ
? ハリ
? ハロ
? ハン
x バイ
? バク
x バグ
x バス
? バタ
? バチ
? バツ
? バネ
? ババ
? バラ
? バル
x バン
x バー
x パイ
? パオ
x パテ
? パデ
x パパ
x パフ
x パブ
x パン
x パー
? ヒエ
? ヒキ
? ヒゲ
? ヒザ
? ヒシ
? ヒジ
? ヒス
? ヒツ
? ヒト
? ヒナ
? ヒバ
? ヒヒ
? ヒビ
? ヒモ
? ヒユ
? ヒル
? ヒレ
? ヒワ
x ビア
x ビザ
? ビス
? ビラ
x ビル
? ビレ
? ビワ
x ビン
x ビー
x ピア
? ピケ
x パイク
x スピア
x ソード
x シールド
x ダガー
x アクス
x アックス
x ハルバード
x メイス
x フレイル
x アーマー
x ピコ
x ピザ
x ピル
x ピン
x ピー
x ファ
? フカ
? フキ
? フグ
? フケ
? フサ
? フシ
? フジ
? フタ
? フナ
? フラ
? フリ
? フン
x ブイ
x ブギ
? ブシ
? ブス
? ブタ
? ブト
? ブナ
? ブユ
? ブヨ
? ブラ
? ブリ
x ブル
x プロ
x ヘア
? ヘタ
? ヘビ
? ヘリ
x ヘル
? ヘン
x ベア
x ベイ
? ベソ
? ベタ
? ベラ
x ベル
x ベン
x ペア
x ペイ
? ペケ
x ペソ
x ペン
? ホオ
? ホシ
? ホネ
x ホモ
? ホヤ
x ホロ
? ホン
x ボア
x ボウ
x クロスボウ
x スリング
x スリングショット
? ボケ
? ボシ
x ボス
? ボツ
? ボヤ
? ボラ
? ボー
? ポジ
? ポチ
? ポリ
? ポロ
? マキ
? マゲ
? マシ
x マス
? マツ
? マト
x マナ
x マフ
? マホ
x ママ
? マミ
? マメ
? マル
x マン
x ミサ
x ミス
? ミソ
? ミダ
x ミニ
x ミリ
x ミル
? ムギ
? ムク
? ムコ
? ムダ
? ムチ
x ウィップ
? ムツ
? ムベ
? ムラ
x メカ
x メガ
? メシ
? メジ
x メス
x メタ
? メド
x メン
x モカ
x モス
? モズ
? モチ
x モノ
? モヒ
? モミ
? モモ
? モレ
? ヤギ
x ヤク
? ヤゴ
? ヤシ
? ヤジ
? ヤセ
? ヤソ
? ヤニ
? ヤマ
? ヤミ
? ユズ
? ユビ
? ユメ
? ユリ
x ユー
x ヨガ
? ヨコ
? ヨシ
? ヨセ
x ライ
? ラウ
? ラオ
? ラス
? ラバ
x ラブ
x ラボ
x ラマ
x ラム
x ラメ
x ラン
x ラヴ
x リア
? リス
? リト
? リマ
x リム
x リラ
? リン
x リー
? ルビ
? ルポ
x ルー
x レイ
? レジ
x レフ
? レポ
? レン
x ロウ
? ロク
? ロケ
x ロゴ
? ロジ
x ロス
? ロハ
? ロバ
x ロボ
x ロー
x ワイ
? ワカ
? ワギ
? ワコ
? ワサ
? ワシ
? ワジ
? ワセ
? ワタ
? ワナ
? ワニ
? ワラ
? ワル
x ワン
? アイキ
x アイス
? アイツ
? アイテ
x アウト
? アオイ
? アオキ
? アオコ
? アオサ
? アオジ
? アオタ
? アオナ
? アオミ
? アカギ
? アカゲ
? アカザ
? アカジ
? アカネ
? アカミ
? アカメ
? アガリ
? アケビ
? アサギ
? アサジ
? アサヂ
? アサマ
? アサミ
? アサリ
? アザミ
? アシカ
? アシダ
? アシバ
? アシビ
? アジト
? アズキ
? アズサ
? アセビ
? アセリ
? アソン
? アタマ
? アッパ
x アトム
? アトリ
? アナゴ
? アナジ
? アニキ
x アニメ
? アバタ
x アバター
? アバラ
? アヒル
? アフタ
? アブラ
? アプリ
? アヘン
x アミド
? アヤメ
? アラキ
? アラト
? アラノ
? アラミ
? アラメ
x アリア
? アリソ
? アルス
x アルト
? アルミ
x アレイ
x アロエ
x アロハ
? アロン
x アローン
? アワビ
x アワー
? アンズ
? アンダ
x アンチ
x アンド
x アンプ
x アーク
x アーチ
x アート
x アーム
x アール
x イエス
? イオウ
x イオン
? イカル
? イガイ
? イガタ
? イキミ
? イクラ
? イグサ
? イケス
? イサキ
? イサゴ
? イサザ
? イシク
? イシコ
x イシス
? イスカ
? イズミ
x イズム
? イソメ
? イタコ
? イタチ
? イタミ
? イチイ
? イチコ
? イチゴ
? イチビ
? イッキ
x イット
x イデア
? イデー
? イトド
? イトメ
? イナカ
? イナゴ
? イナダ
? イノリ
? イバラ
? イブキ
? イブシ
? イボタ
? イモノ
? イモリ
x イヤー
? イルカ
? イロケ
? イワイ
? イワシ
? イワナ
x インカ
? インキ
x インク
? インコ
x インチ
? インモ
x ウィズ
x ウィル
x ウェア
x ウェイ
x ウェブ
? ウエキ
? ウエス
? ウエハ
x ウォン
? ウグイ
? ウケテ
? ウケラ
? ウコギ
? ウコン
? ウサギ
? ウサン
? ウシオ
? ウズラ
? ウチコ
? ウチニ
x ウッド
? ウツギ
? ウツボ
? ウトウ
? ウドン
? ウナギ
? ウバラ
? ウマレ
? ウラン
? ウルシ
? ウルメ
? ウレイ
? ウロン
? ウワテ
? ウンカ
x ウール
x エアー
x エイチ
x エイト
? エキス
? エクボ
? エゴマ
? エステ
x エタン
x エチル
x エッグ
x エッジ
x エデン
x エトス
? エノキ
? エビネ
x エリア
x エルグ
? エレキ
x エロス
x エンド
x エース
x エール
x オイル
x オウチ
? オウナ
? オウム
x オウン
? オオジ
? オオス
? オオテ
? オオド
? オオネ
? オオバ
? オオミ
? オオメ
? オオヤ
? オカボ
? オカラ
? オガワ
? オキテ
? オクラ
? オケラ
? オコゼ
? オコタ
? オコリ
? オサメ
? オザサ
? オシベ
? オセチ
x オゾン
? オタク
x オッズ
? オトコ
? オトナ
? オドロ
? オナガ
? オナラ
? オニビ
? オバケ
? オバナ
x オペラ
? オマツ
? オムツ
x オメガ
? オモト
? オモヤ
? オモリ
? オヤキ
? オヤジ
? オリジ
? オリド
? オルグ
? オロチ
? オワリ
x オンス
? オンチ
x オーク
x オーサー
x オーダー
x オート
? オーム
x オーラ
x オール
? カイコ
? カイバ
? カエデ
? カエリ
? カエル
x カオス
? カカア
x カカオ
? カカン
? カガミ
? カグラ
? カケイ
? カケス
? カケラ
? カコウ
? カゴメ
? カサゴ
? カサネ
? カシテ
? カシマ
? カシヤ
? カシラ
? カシワ
? カジカ
? カジキ
? カジク
x カジノ
? カジメ
? カジョ
? カスイ
? カスガ
? カスト
? カスリ
? カズイ
? カズキ
? カズラ
? カセイ
? カタキ
? カタミ
? カタメ
? カタリ
? カタル
? カッカ
? カッケ
? カッコ
? カッパ
x カッパー
x カップ
? カツオ
? カツラ
? カナメ
? カナワ
x カヌー
? カノコ
? カノト
x カノン
? カバン
? カビネ
x カフェ
x カフス
? カフン
? カブト
? カブラ
? カブレ
? カベン
? カマス
? カマチ
? カマド
? カミテ
? カミヨ
x カメラ
? カモツ
? カモメ
? カラザ
? カラシ
? カラス
? カラテ
? カラミ
x カラム
? カラメ
? カラン
x カラー
? カリテ
? カリバ
x カリフ
? カリン
? カルキ
? カルタ
? カルテ
x カルト
? カルビ
? カレイ
? カレシ
? カレハ
x カレー
? カワズ
? カワベ
? カワモ
? カンテ
? カンナ
? カンバ
? カンペ
x カンマ
? カンロ
? カーキ
x カート
x カード
x ガウン
? ガザミ
? ガセキ
x ガッツ
x ガット
? ガホウ
? ガモウ
x ガラス
x ガラナ
? ガレキ
x ガロン
? ガンコ
? ガンピ
? ガンモ
x ガーゼ
x ガール
? キアイ
? キイン
x キウイ
? キウン
? キカイ
? キカク
? キカン
? キクナ
? キゲン
? キコウ
? キコク
? キコリ
? キコン
? キサキ
? キサゴ
? キサマ
? キシャ
? キジュ
? キジョ
? キスイ
? キズキ
? キセツ
? キセル
? キソク
? キゾク
? キタイ
? キタケ
? キダイ
? キチク
? キチジ
? キチョ
x キチン
? キッカ
? キッテ
x キット
x キッド
? キップ
? キツネ
? キヅタ
? キデン
? キドリ
? キナイ
? キナン
? キネマ
? キネン
? キノコ
? キハダ
? キハン
? キブツ
? キヘイ
? キホウ
? キマツ
? キママ
? キミツ
? キムチ
? キモチ
? キャラ
? キヤク
x キュウ
x キュー
? キユウ
? キヨセ
? キラン
x キラー
? キリコ
? キリツ
? キリハ
? キリン
? キルク
x キルト
? キレツ
? キワタ
? キワダ
? キンカ
x キング
? キンコ
? キンス
? キンバ
? キンパ
? キンメ
x キール
? ギアン
? ギイン
? ギウン
? ギエン
? ギオン
? ギカイ
? ギガン
? ギケン
? ギコウ
? ギサン
? ギシュ
? ギシン
? ギジン
? ギセイ
? ギゼン
? ギタイ
x ギター
? ギダイ
? ギダン
? ギノウ
? ギフン
? ギブス
? ギプス
? ギホウ
? ギボシ
? ギモン
x ギャグ
? ギャラ
x ギャル
? ギュウ
x ギルド
? ギレン
? ギワク
? ギンガ
? ギンザ
? ギンジ
? ギンポ
x クイズ
? クイナ
? クイン
? クグイ
? クグツ
? クサキ
? クサビ
? クサミ
? クサヤ
? クジラ
? クスリ
? クチビ
x クック
? クッパ
? クツワ
? クドキ
? クヌギ
? クビキ
? クビワ
? クマデ
? クミコ
? クモデ
? クラゲ
x クラス
? クラニ
x クラブ
x クリア
? クリゲ
? クリヤ
? クリー
? クルス
? クルマ
? クルミ
? クルル
x クルー
x クレー
x クロウ
? クロキ
? クロゲ
? クロコ
? クロゴ
? クロジ
? クロダ
? クロミ
x クロム
? クロメ
x クロー
? クワイ
? クワゴ
? クワス
? クンシ
x クーペ
x グアノ
x グッズ
x グッド
x グラス
x グラフ
x グラブ
x グリス
x グリル
? グリー
x グルメ
x グレイ
? グレン
x グレー
x グロス
? グワイ
? ケアイ
? ケイス
? ケイバ
? ケイヒ
? ケイマ
? ケカビ
? ケガニ
? ケコミ
? ケシキ
? ケジメ
? ケット
? ケヅメ
x ケトル
? ケハイ
? ケマン
? ケムシ
? ケモノ
? ケヤキ
? ケンジ
x ケーキ
x ケージ
x ケース
x ケープ
x ケール
? ゲイコ
x ゲスト
? ゲッカ
? ゲップ
x ゲノム
x ゲリラ
? ゲンゲ
? ゲンコ
? ゲンジ
? ゲンチ
? ゲンバ
x ゲージ
x ゲート
x ゲーム
x ゲイン
? コアザ
? コアミ
x コアラ
? コイケ
? コイシ
? コイツ
x コイル
x コイン
? コウギ
? コウグ
? コウコ
? コウジ
? コウソ
? コウゾ
? コウハ
? コウボ
? コウメ
? コウヤ
? コウラ
? コウワ
? コエビ
? コオリ
? コガタ
? コガネ
? コガモ
? コガラ
? コキュ
? コギク
? コクガ
? コグマ
? コケン
x ココア
? ココム
? コゴト
? コゴミ
? コゴメ
? コサク
? コサメ
? コシオ
? コジカ
? コジキ
? コジマ
? コジワ
x コスト
x コスモ
? コズエ
? コセイ
? コセキ
? コゼニ
? コタツ
? コタン
x コック
? コッシ
x コップ
? コツブ
? コヅカ
? コヅチ
? コテイ
? コトバ
? コトリ
? コドク
? コヌカ
? コハダ
? コハル
? コハン
? コバチ
? コバナ
? コバラ
? コバン
? コヒル
? コビト
? コビン
? コフン
? コブシ
? コブネ
x コブラ
? コプラ
? コマイ
? コマエ
? コマク
? コマタ
? コマチ
? コマツ
? コミチ
? コミミ
? コムギ
? コムラ
? コモノ
x コモン
? コヤマ
? コユキ
? コヨリ
x コラム
x コリー
x コルク
x コルト
x コレラ
? コロシ
x コロナ
? コロリ
x コロン
? コワザ
? コワリ
x コンス
? コンテ
? コント
? コンパ
? コンビ
? コンブ
? コンペ
x コンボ
x コンマ
? コンロ
x コース
x コーダ
x コート
x コード
? コーナ
? コーポ
x コーラ
x コール
x コーン
? ゴイン
? ゴオウ
? ゴオヤ
? ゴカイ
? ゴカン
? ゴクリ
? ゴコク
? ゴサイ
x ゴス
? ゴセイ
? ゴタイ
x ゴッド
? ゴトウ
? ゴボウ
? ゴマメ
? ゴメン
? ゴモク
? ゴラク
x ゴリラ
x ゴルフ
x ゴング
? ゴーヤ
x ゴール
x サイズ
x サイト
x サイド
? サイフ
x サイロ
? サウジ
x サウナ
? サカキ
? サカサ
? サカナ
? サカバ
? サカヤ
? サクラ
? サコツ
? サコン
? ササゲ
? サザエ
? サシバ
? サシミ
? サソリ
x サタン
x サック
? サッシ
? サツキ
? サティ
x サテン
? サトウ
? サドウ
x サドル
? サナエ
? サナギ
? サナダ
? サノウ
? サバキ
x サマー
? サユリ
? サヨク
? サヨリ
? サラサ
? サラシ
x サラダ
x サラミ
x サラン
x サリー
x サルサ
x サロン
? サワラ
? サンゴ
? サンサ
? サンソ
? サンチ
x サンド
x サンバ
? サンマ
x サージ
x サーチ
x サード
? サーバ
x サーボ
? サーモ
? ザイル
x ザイン
? ザクロ
? ザゼン
? ザッカ
? ザック
? ザッシ
? ザボン
? ザラメ
? シアイ
x シアン
? シイラ
x シェア
x シェフ
x シェル
? シオジ
? シオデ
? シオミ
? シオリ
? シオン
? シカイ
x シガー
? シキシ
? シキジ
? シキソ
? シキブ
? シキミ
? シグレ
? シケイ
? シゲン
? シコメ
? シショ
? シジマ
? シジミ
? シジュ
? シズイ
? シズリ
? シセイ
? シセン
? シゼン
? シタイ
? シタン
? シダレ
? シチク
? シッキ
x シック
? シッケ
? シッチ
? シッポ
? シツド
x シティ
? シドミ
? シナイ
x シニア
x シネマ
? シノブ
? シハイ
? シバフ
? シブミ
? シホン
? シボウ
? シボリ
? シマカ
? シミズ
? シメイ
? シメシ
? シメジ
? シモト
x シャイ
? シャカ
? シャガ
? シャギ
? シャケ
? シャコ
? シャチ
? シャツ
? シャバ
? シャフ
x チャフ
x シャム
? シャモ
? シャラ
? シャレ
? シャン
? シュイ
? シュカ
? シュガ
? シュキ
? シュギ
? シュゴ
? シュサ
? シュシ
? シュジ
? シュス
? シュチ
? シュト
? シュフ
? シュブ
? シュミ
? シュム
? シュラ
? シュロ
? シュワ
? シュン
? ショイ
x ショウ
? ショカ
? ショキ
? ショケ
? ショコ
? ショゴ
? ショシ
? ショタ
? ショバ
? ショホ
? ショム
x ショー
? シラガ
? シラス
? シラフ
? シラミ
? シラン
x シルク
? シルケ
? シワス
? シンイ
? シンカ
? シンギ
x シンク
x シング
? シンケ
? シンジ
? シンチ
? シンド
? シンパ
? シンビ
? シンピ
? シンブ
? シンプ
? シンポ
? シンミ
? シンメ
? シンヤ
? シンリ
? シンロ
? シンワ
x シヴァ
x シーク
x シース
x シーツ
x シート
x シール
x シーン
? ジアメ
? ジイン
? ジウン
x ジェイ
? ジカン
? ジガン
? ジキル
? ジクウ
? ジクロ
? ジグモ
? ジケン
? ジコク
? ジゴク
? ジゴロ
? ジシャ
? ジシュ
? ジジイ
? ジセイ
? ジセキ
? ジソク
? ジソン
? ジタク
? ジダン
? ジッカ
? ジッチ
? ジッテ
? ジッピ
? ジップ
? ジツギ
? ジテン
? ジデン
? ジトウ
? ジナイ
? ジナン
x ジニア
? ジヌシ
? ジノリ
? ジバク
? ジバチ
? ジバラ
? ジバン
? ジビカ
? ジブン
? ジベタ
? ジホウ
? ジマイ
? ジムシ
? ジモト
? ジモン
? ジャキ
? ジャク
? ジャコ
x ジャズ
x ジャブ
? ジャミ
x ジャム
x ジャー
? ジュカ
? ジュク
? ジュツ
? ジュヒ
? ジュフ
? ジュワ
? ジュー
x ジョイ
? ジョカ
? ジョシ
? ジョロ
? ジヨウ
x ジラフ
x ジルバ
? ジレー
? ジロウ
? ジロン
? ジワリ
? ジンカ
? ジンガ
? ジンギ
x ジンク
? ジンゴ
? ジンジ
? ジンタ
? ジンバ
? ジンヤ
x ジープ
x ジーン
? スアマ
? スイカ
? スイバ
? スイフ
? スイマ
? スイロ
? スウジ
? スウリ
? スオウ
x スカイ
x スカル
? スガイ
? スガオ
? スガキ
? スガル
? スキヤ
x スキル
x スキン
x スキー
? スギナ
? スクネ
? スクレ
? スグリ
x スコア
? スジコ
? ススキ
? ススミ
? スズキ
? スズシ
? スズナ
? スズミ
? スズメ
? スズリ
x スタブ
x スター
x スタン
? スダコ
? スダチ
? スダマ
x スチル
? スハイ
? スハマ
? スバル
x スパイ
x スパナ
x スパン
? スブタ
? スプン
? スベタ
x スペア
x スペル
? スマイ
? スマタ
? スミソ
? スミレ
? スメン
? スモウ
? スモモ
? スモン
x スラム
x スラー
? スリエ
x スリル
x スリー
? スルメ
x スルー
x スワン
? スンド
x スーツ
x スープ
? ズアン
? ズカン
? ズコウ
? ズック
? ズノウ
? ズボシ
? ズボン
? ズメン
? セイカ
? セイキ
? セイギ
? セイク
? セイゴ
? セイサ
? セイザ
? セイシ
? セイジ
? セイズ
? セイト
? セイド
? セイフ
? セイブ
x セイム
? セイヤ
? セイユ
? セイヨ
? セイリ
? セイロ
? セカイ
? セガレ
? セキユ
? セキリ
? セクタ
x セクト
? セケン
? セジン
x セスナ
? セタイ
? セダイ
x セダン
? セッキ
? セック
? セッシ
? セッタ
x セット
? セッピ
? セップ
? セツリ
x セピア
x セブン
? セムシ
? セメン
x セリフ
x セルフ
? セレン
x セロリ
? セロン
? センイ
? センカ
? センガ
? センク
? セング
? センシ
? センジ
x センス
? センゾ
? センタ
? センテ
x セント
x センド
? センビ
? センム
? センヤ
? センリ
x セージ
x セーフ
x セーブ
x セール
? ゼイゴ
? ゼイム
x ゼット
x ゼブラ
x ゼリー
? ゼンケ
? ゼンコ
? ゼンゴ
? ゼンザ
? ゼンシ
? ゼント
? ゼンド
? ゼンフ
? ゼンミ
? ソアン
? ソウカ
? ソウキ
? ソウギ
? ソウコ
? ソウゴ
? ソウサ
? ソウジ
? ソウズ
? ソウト
? ソウニ
? ソウバ
? ソウビ
? ソウフ
? ソウム
? ソウリ
? ソウワ
? ソカイ
? ソクド
? ソケイ
? ソサン
? ソザイ
? ソシキ
? ソゼイ
? ソッカ
? ソップ
? ソテツ
x ソテー
x ソナタ
? ソヌス
? ソファ
x ソフト
? ソブリ
? ソヨウ
? ソリン
? ソンギ
x ソング
? ソンゴ
? ソンシ
? ソンポ
x ソース
x ソーダ
x ソート
x ソープ
x ソーン
? ゾウカ
? ゾウゲ
? ゾクリ
? ゾッキ
? ゾンデ
x ゾーン
? タイイ
? タイカ
? タイガ
? タイキ
? タイギ
? タイク
? タイグ
? タイケ
? タイゴ
? タイサ
? タイシ
? タイソ
? タイチ
x タイツ
x タイト
x タイド
? タイフ
? タイブ
x タイプ
? タイマ
x タイム
x タイヤ
x タイル
? タイロ
x タウン
x タオル
? タカク
? タカセ
? タカナ
? タカノ
? タカハ
? タカラ
? タガメ
? タキギ
? タクジ
? タクチ
x タクト
? タケス
? タケツ
? タケン
? タコウ
? タコン
? タサイ
? タサツ
? タシャ
? タシン
? タスキ
x タスク
? タスケ
? タタイ
? タタミ
? タタラ
? タタン
? タダレ
? タチバ
x タック
x タッグ
? タッパ
x タップ
? タツイ
? タツミ
? タトウ
? タドン
? タナゴ
? タナダ
? タニク
? タニシ
? タニマ
? タニン
? タヌキ
? タネン
? タバイ
x タバコ
? タフタ
x タブー
? タマゴ
? タマナ
? タメン
? タモン
? タヨウ
? タライ
? タラコ
? タリキ
x タルク
? タワケ
? タワシ
x タワー
? タンイ
? タンカ
? タンキ
x タンク
? タンコ
x タンゴ
? タンザ
? タンス
? タンソ
? タンダ
? タンパ
? タンマ
? タンヤ
x ターボ
x ターム
x タール
x ターン
? ダイイ
? ダイカ
? ダイガ
? ダイク
? ダイゴ
? ダイザ
? ダイシ
? ダイジ
x ダイス
? ダイズ
? ダイダ
? ダイチ
? ダイバ
x ダイム
? ダイヤ
x ダイン
? ダカン
x ダクト
? ダゲキ
? ダサク
? ダシテ
? ダシャ
? ダシュ
? ダスウ
x ダスト
? ダット
? ダテン
x ダブル
? ダブン
? ダベン
? ダホン
? ダボラ
? ダマシ
? ダミン
x ダミー
? ダモノ
? ダラニ
x ダラー
x ダリア
? ダリツ
? ダルマ
? ダレカ
? ダンカ
? ダンゴ
? ダンサ
? ダンシ
? ダンジ
x ダンス
? ダンチ
? ダント
? ダンナ
? ダンピ
? ダンロ
x ダーク
x ダーツ
x ダート
? チアイ
x チアン
? チイキ
x チェア
x チェス
x チェロ
? チエキ
? チエン
? チオン
? チカラ
? チカン
? チガク
? チガヤ
x チキン
? チクゴ
? チクサ
? チクシ
? チクバ
? チクロ
? チクワ
? チグサ
? チケイ
? チケン
? チコウ
? チコク
? チコリ
? チサン
? チシキ
? チシャ
? チジク
? チジン
? チセイ
? チセキ
? チソウ
? チタイ
x チタン
? チダイ
? チヂミ
? チッキ
x チック
? チッソ
x チップ
? チテン
? チトク
? チトセ
? チドリ
? チノウ
? チバン
? チヒロ
? チフス
? チボウ
? チメイ
? チャカ
? チャキ
? チャコ
? チャド
? チャボ
? チャミ
? チャヤ
? チャラ
? チャリ
? チャン
? チユウ
? チョウ
? チョキ
? チョコ
? チョマ
? チヨダ
? チラシ
? チラン
? チロリ
? チンキ
x チーク
x チーズ
x チーフ
x チーム
x ツアー
? ツイジ
x ツイン
? ツキジ
? ツキヨ
? ツギキ
? ツギホ
? ツクシ
? ツグミ
? ツツジ
? ツヅミ
? ツヅラ
? ツナソ
? ツナデ
? ツナミ
? ツバキ
? ツバナ
? ツバメ
? ツマミ
? ツミキ
? ツミニ
? ツムジ
? ツララ
x ツリー
? ツルギ
? ツルナ
? ツワリ
x ツール
? テアイ
x ティー
? テイシ
? テイジ
? テガタ
? テガミ
? テガラ
? テキン
x テクノ
? テグス
? テグリ
? テサゲ
? テシオ
? テスウ
? テスキ
? テスリ
? テダイ
? テッキ
x テック
x テディ
x テナー
x テニス
? テヌキ
? テビキ
? テヘン
? テホン
? テマエ
? テマリ
? テモト
x テラス
x テラー
x テリア
? テリヤ
? テルル
? テレカ
? テレコ
? テレビ
? テレン
? テング
? テンス
x テント
x テンプ
x テンポ
x テーゼ
x テープ
x テーマ
x テール
? デアイ
x ディス
x ディー
x デウス
? デキネ
? デグチ
? デコラ
? デシオ
? デシン
x デスク
? デセン
? デッキ
x デック
x デッド
x デニム
? デノミ
? デバン
x デビル
? デフレ
x デポー
? デマエ
? デマル
? デモノ
x デモン
x デュオ
? デリカ
x デリ
x デルタ
? デング
? デンパ
x データ
? トイタ
? トイレ
? トウキ
? トウナ
? トウユ
? トカゲ
? トキワ
? トギョ
? トクサ
? トケイ
? トケン
? トコヤ
? トコヨ
? トショ
? トタン
? トッカ
? トック
? トッテ
x トップ
? トドメ
? トネリ
? トバリ
x トマト
? トリエ
x トリオ
x トリム
x トリル
? トリー
? トレイ
x トレー
? トロロ
? トンチ
? トンビ
? トンボ
x トーク
x トーチ
x トーン
? ドクガ
? ドクロ
x ドグマ
? ドタマ
x ドック
x ドット
? ドッド
? ドッポ
x ドナー
? ドバト
x ドミノ
? ドモリ
x ドラマ
x ドラム
? ドリア
x ドリル
x ドレス
? ドレメ
? ドンコ
? ドンス
x ドーム
x ナイス
x ナイト
x ナイフ
x ナイン
? ナカイ
? ナカゴ
? ナカシ
? ナカト
? ナカネ
? ナカビ
? ナカミ
? ナギサ
? ナスビ
? ナズナ
? ナタネ
? ナダレ
x ナッツ
x ナット
? ナッパ
x ナップ
? ナツメ
? ナナエ
x ナフサ
? ナマコ
? ナマス
? ナマズ
? ナマミ
? ナミダ
? ナメコ
? ナリキ
? ナンジ
x ナース
? ニイロ
? ニウム
? ニオウ
? ニオブ
? ニカワ
? ニガテ
? ニガミ
? ニガリ
? ニキビ
? ニクガ
? ニコラ
? ニシキ
? ニシン
x ニッチ
x ニット
x ニトロ
x ニュー
? ニョウ
? ニワカ
? ニンキ
x ニンフ
? ニンプ
x ニーズ
? ヌイユ
? ヌカゴ
x ヌガー
? ヌマタ
? ヌマチ
? ヌメリ
? ヌルデ
? ヌルユ
x ヌード
? ネイモ
? ネウチ
? ネオシ
x ネオン
? ネグセ
? ネコミ
? ネゴト
? ネゴロ
? ネジキ
x ネスト
? ネズミ
? ネタバ
? ネダン
x ネック
x ネット
? ネップ
? ネドコ
? ネハン
? ネボケ
? ネマキ
? ネライ
x ネーム
x ノイズ
? ノウソ
? ノエル
? ノギス
? ノシメ
x ノズル
x ノッチ
x ノット
? ノッブ
? ノバラ
? ノビル
x ノベル
? ノリテ
? ノリト
x ノルマ
x ノルム
? ノロケ
x ノート
x ノード
? ハアリ
? ハイク
? ハイツ
? ハイフ
? ハイポ
? ハイム
? ハイリ
x ハウス
? ハカリ
? ハガキ
? ハガネ
? ハギレ
? ハグキ
? ハコベ
? ハサミ
? ハシタ
? ハシラ
? ハスウ
? ハズレ
? ハタヤ
? ハダカ
? ハダシ
? ハチク
? ハチス
? ハッカ
? ハッキ
x ハック
x ハッチ
x ハット
? ハッパ
? ハッピ
? ハツネ
? ハヅナ
? ハナダ
? ハナビ
? ハマチ
? ハムシ
? ハモノ
? ハヤク
? ハヤセ
? ハヤテ
? ハヤマ
? ハヤミ
? ハラン
? ハリコ
? ハリス
? ハリテ
? ハリマ
? ハレム
x ハロー
x ハング
? ハンコ
? ハンダ
? ハンデ
x ハンド
x ハート
x ハード
x ハーフ
x ハーブ
x ハープ
x バイオ
x バイク
? バイチ
? バイト
? バクフ
? バケツ
x バザー
? バショ
? バスエ
? バスケ
x バスト
x バター
? バダイ
x バック
x バッグ
x バッジ
? バッタ
x バッチ
x バット
x バディ
x バトル
x バトン
x バナナ
x バニラ
? バフン
x バブル
? バメン
x バラス
x バルク
x バルブ
x バレエ
x バレー
x バロン
x バンク
x バント
x バンド
x バンプ
x バーツ
x バール
x バーン
x パイプ
x パイル
x パイン
? パクリ
x パゴダ
x パスタ
x パズル
x パセリ
x パター
x パック
x パッチ
x パット
x パッド
x パップ
x パトス
x パドル
x パネル
x パフェ
x パラス
? パリク
x パリス
x パルス
x パルプ
x パレス
x パワー
x パンダ
x パンチ
x パンツ
? パンパ
? パンフ
? パンヤ
x パーク
x パージ
x パース
x パーツ
x パート
? パーマ
x パール
? ヒウオ
? ヒカリ
? ヒガイ
? ヒガラ
? ヒグマ
? ヒゴイ
? ヒジキ
? ヒジリ
? ヒスイ
? ヒタキ
x ヒップ
? ヒツジ
? ヒデリ
? ヒトケ
? ヒトデ
? ヒトヤ
x ヒドラ
? ヒニク
? ヒノキ
? ヒノト
? ヒバラ
? ヒバリ
? ヒョウ
? ヒヨコ
? ヒラメ
x ヒント
x ヒース
x ヒープ
x ヒール
x ビオラ
x ビキニ
x ビジー
x ビスタ
? ビタイ
x ビット
x ビデオ
? ビナン
? ビロウ
? ビンタ
x ビーズ
x ビーチ
x ビート
x ビーフ
x ビーム
x ビール
? ピアス
x ピアノ
x ピエロ
? ピクル
x ピック
x ピッチ
x ピット
? ピュレ
x ピラフ
x ピンク
x ピンチ
? ピント
x ピーク
x ピース
x ピーチ
x ファン
x ファー
x フィル
x フィン
x フェア
? フォア
x フォト
x フォン
x フォー
? フカミ
? フクベ
? フタゴ
? フタバ
x フック
? フッコ
x フッタ
? フトイ
? フトジ
? フトン
? フナバ
? フヌケ
? フノリ
? フユウ
? フヨウ
x フライ
? フラウ
? フラク
x フラグ
? フラノ
x フラン
? フリコ
x フリル
? フルエ
x フレア
x フロア
? フロン
x フロー
? フンド
? フンヌ
x フーガ
x フード
x フープ
x ブザー
x ブタン
x ブック
? ブドウ
x ブラシ
? ブリキ
x ブレイク
x ブルー
x ブロー
x ブーケ
x ブース
x ブーツ
x ブーム
x プラウ
x プラグ
x プラザ
x プラス
x プラム
? プラモ
x プラン
? プリマ
x プリン
? プルス
? プルト
x プレス
x プール
? ヘイコ
? ヘキサ
? ヘクト
? ヘチマ
x ヘッダ
? ヘット
x ヘッド
? ヘドロ
x ヘビー
x ヘルス
x ヘルプ
? ベアラ
x ベイズ
? ベイチ
x ベスト
x ベター
x ベッド
? ベデカ
? ベトン
? ベニヤ
x ベビー
? ベリィ
x ベリー
x ベルト
x ベレー
? ベロア
? ベンダ
x ベンチ
? ベンツ
x ベース
x ベーゼ
x ベータ
? ベーダ
x ペイン
x ペスト
x ペセタ
x ペダル
? ペチカ
x ペット
? ペテン
x ペニー
? ペルー
? ペンキ
x ペンス
? ペンチ
x ページ
x ペース
x ホイル
? ホイロ
? ホイン
? ホウカ
? ホウシ
? ホコリ
? ホシコ
x ホスト
? ホタテ
? ホタル
? ホック
? ホッケ
? ホッパ
x ホップ
x ホテル
? ホトケ
x ホビー
x ホラー
x ホルン
x ホーク
x ホース
x ホープ
x ホーム
x ホール
x ホーン
x ボイス
x ボイル
? ボイン
x ボウル
? ボギー
x ボタン
x ボディ
x ボトム
x ボトル
x ボビン
? ボヤキ
x ボルタ
x ボルト
x ボレロ
x ボレー
x ボンゴ
? ボンジ
x ボンド
? ボンベ
x ボーイ
? ボーク
x ボート
x ボード
? ボーメ
x ボール
? ボーロ
x ポエム
x ポスト
x ポット
x ポテト
? ポトス
? ポトフ
x ポプラ
? ポメロ
? ポリオ
x ポリス
x ポルカ
x ポルノ
? ポンス
? ポンチ
x ポンド
? ポンプ
x ポーク
x ポーズ
x ポーチ
x ポート
x ポール
? マアジ
x マイク
x マイト
x マイル
x マウス
? マウラ
? マエバ
? マエビ
? マオウ
? マガモ
? マキシ
? マクリ
x マクロ
x マグマ
? マグロ
? マコト
? マコモ
? マゴイ
? マサキ
? マサゴ
x マザー
? マシタ
x マシン
x マスク
x マスト
? マタギ
? マダイ
? マダケ
? マダコ
x マダム
? マダラ
? マチイ
? マチヤ
x マッチ
x マット
x マッハ
x マップ
? マツチ
? マツバ
x マトン
x マナー
x マニア
? マヌケ
? マネキ
x マネー
? マフユ
? マムシ
? マユミ
? マラヤ
? マリモ
? マルカ
x マルク
x マルチ
x マロン
? マンガ
? マント
x マンボ
? マーカ
x マーク
x マージ
x マーチ
? ミイラ
? ミウチ
? ミカン
? ミギワ
? ミクロ
? ミコシ
? ミサオ
? ミサゴ
? ミシン
? ミジン
? ミスギ
? ミズキ
? ミズナ
? ミズベ
x ミセス
? ミソジ
? ミソラ
? ミタケ
x ミット
? ミツバ
? ミディ
? ミトス
x ミトン
x ミドル
? ミナト
? ミナミ
? ミナモ
? ミナリ
? ミブン
? ミホン
? ミミズ
x ミモザ
? ミモト
? ミモノ
? ミヤマ
? ミヨリ
x ミラー
x ミルク
x ミンク
? ミンチ
x ミント
x ミート
? ミード
x ミール
? ムカゴ
? ムカデ
? ムクゲ
? ムグラ
? ムコウ
? ムシズ
? ムジナ
? ムスビ
? ムーア
x ムース
x ムード
x ムーン
? メイツ
x メイド
x メイル
x メイン
? メカケ
? メガネ
? メガミ
x メシア
? メシベ
? メジロ
? メソン
x メタル
x メタン
? メダカ
? メダケ
x メダル
? メチエ
? メッカ
? メッキ
x メトロ
? メドギ
? メナダ
? メネジ
? メバナ
? メバル
? メマツ
? メモリ
x メロン
? メンコ
? メンス
? メンズ
? メンチ
? メンツ
? メンバ
? メンマ
x メーク
x メール
? モウオ
? モグサ
? モグラ
? モシュ
? モジリ
x モスク
? モズク
? モッブ
x モップ
? モテル
x モデム
x モデル
? モナカ
? モヘア
? モヤシ
x モラル
? モロコ
x モード
x モール
? ヤイバ
? ヤクザ
? ヤグラ
? ヤコビ
? ヤスケ
? ヤスデ
? ヤスミ
? ヤチョ
? ヤッケ
? ヤツデ
? ヤトイ
? ヤドリ
? ヤナギ
? ヤノフ
? ヤブカ
? ヤマシ
? ヤマダ
? ヤマメ
? ヤモリ
? ヤヨイ
? ヤラセ
? ヤロー
? ヤワラ
x ヤング
? ヤンマ
x ヤード
? ヤーベ
? ヤール
? ユキジ
? ユズリ
? ユッカ
? ユッケ
? ユビワ
? ユース
x ユーロ
? ヨシミ
? ヨスギ
? ヨタカ
? ヨダレ
x ヨット
? ヨツギ
? ヨメナ
? ヨモギ
x ヨーク
? ヨード
x ライス
? ライタ
? ライチ
x ライト
x ライフ
x ライブ
x ライム
x ライン
x ライヴ
x ラガー
? ラクダ
? ラシャ
x ラジオ
x ラスク
? ラスタ
x ラスト
? ラッカ
x ラック
? ラッコ
x ラッチ
x ラット
? ラッパ
x ラップ
x ラテン
x ラドン
x ラバー
x ラベル
x ラペル
? ラミー
x ラムダ
? ラムネ
x ラリー
x ラルゴ
? ラワン
x ランク
? ランズ
x ランチ
x ランド
x ランプ
x ラード
? リイン
x リエル
x リスク
x リスト
x リスプ
x リズム
? リッシ
x リップ
x リニア
x リネン
x リバー
x リフト
x リボン
? リャン
? リュウ
? リロー
x リロード
x リンカ
x リンク
x リング
? リンゴ
? リンジ
? リンズ
? リンチ
x リント
? リンパ
? リンブ
? リンポ
x リーグ
x リーチ
? リート
x リード
x リーフ
? リーベ
x リール
? ルイカ
? ルイジ
x ルチン
x ルック
x ルビー
? ルピア
x ルピー
? ルンゲ
x ルンバ
x ルーツ
x ルート
x ルーフ
x ループ
? ルーペ
x ルーム
x ルール
? レイウ
? レイシ
? レイヤ
x レゲエ
x レザー
x レシピ
x レタス
x レター
x レッド
x レディ
x レバー
x レフト
? レプラ
x レベル
x レモン
? レンガ
? レンゲ
x レンジ
x レンズ
x レンチ
? レンヤ
? レンリ
? レーキ
x レーク
? レーザ
x レース
? レーダ
x レート
x レール
x レーン
? ロウカ
? ロウコ
? ロウゴ
? ロウソ
x ロガー
? ロギン
x ロココ
x ロゴス
? ロシン
x ロスト
? ロセン
? ロダイ
x ロック
x ロッジ
x ロット
x ロッド
? ロップ
? ロテン
? ロバタ
? ロバン
x ロビン
x ロビー
? ロボウ
x ロマン
? ロメン
? ロレツ
? ロンゴ
x ロンド
? ロンリ
? ロース
x ローズ
x ローダ
x ロード
x ローブ
x ロープ
x ローム
x ローン
x ワイフ
x ワイル
x ワイン
? ワオン
? ワカギ
? ワカテ
? ワカナ
? ワカバ
? ワカメ
? ワカン
? ワキガ
? ワキン
? ワケギ
? ワコク
? ワゴム
x ワゴン
? ワサビ
? ワシツ
? ワショ
? ワシン
? ワッカ
x ワット
? ワナゲ
? ワニス
? ワフウ
? ワフク
? ワライ
? ワラサ
? ワラビ
x ワルツ
x ワーク
x ワード
x ヴィザ
x アイアン
? アイオイ
? アイカギ
? アイガモ
? アイゼン
? アイヅチ
x アイテム
x アイデア
x アイドル
? アイナメ
? アイノリ
? アイハン
? アイボウ
x アイリス
? アイロン
? アオイロ
? アオカビ
? アオギリ
? アオジソ
? アオスジ
? アオゾラ
? アオノリ
? アオバエ
? アオバト
? アオマメ
? アオムシ
? アオヤギ
? アオヤマ
? アカイロ
? アカエイ
? アカガイ
? アカガシ
? アカガネ
x アカシア
? アカシオ
? アカジソ
? アカスリ
? アカチン
? アカナス
? アカヌケ
? アカハタ
? アカハラ
? アカバナ
? アカホン
? アカマツ
? アカモン
x アガペー
? アキカン
? アキクサ
? アキンド
x アクセル
x アクリル
? アケボノ
? アゲマキ
? アサイチ
x アサイン
? アサガオ
? アサダチ
? アサツキ
? アサヤケ
? アサレン
? アザラシ
? アザレア
? アシアト
x アシスト
? アシモト
x アジアン
? アジサイ
? アジプロ
? アスター
x アストロ
? アスナロ
? アスパラ
x アセトン
? アダジオ
? アダリン
x アダルト
x アッパー
x アップル
? アテレコ
? アトニー
? アトピー
? アトリエ
x アドリブ
x アドレス
? アナグマ
? アナグラ
x アナナス
x アナログ
x アニリン
? アネモネ
? アパチャ
x アパレル
x アパート
x アビーム
x アフィン
x アフター
? アフレコ
x アブサン
? アブラナ
? アブラメ
? アベック
? アボカド
x アボート
x アマゾン
? アマダイ
? アマチャ
? アマノリ
? アムール
? アメンボ
x アメーバ
? アライソ
? アライバ
? アラカワ
? アラクレ
? アラスジ
? アラナミ
? アラマキ
? アララギ
? アラワザ
? アリクイ
? アリヅカ
x アリバイ
? アリマキ
x アリーナ
x アルカリ
x アルゴン
x アルバム
x アルパカ
x アルファ
x アルペン
x アルミナ
x アレグロ
x アワード
? アンカケ
x アンカー
x アンクル
x アングル
? アンコウ
? アンゴラ
? アンジョ
x アンダー
x アンテナ
? アントレ
? アンドン
x アンバー
? アンパン
x アンプル
x アンペア
? アンペラ
? アンミツ
? アービタ
? アーラン
? イイダコ
? イエダニ
? イエバエ
x イエロー
? イカズチ
? イカナゴ
? イカモノ
? イキザマ
? イキモノ
? イケニエ
x イコール
? イザカヤ
? イザヨイ
? イシガキ
? イシガミ
? イシガメ
? イシケン
? イシコロ
? イシダイ
? イシヅキ
? イシナギ
? イシバシ
? イシモチ
? イシヤマ
? イシワタ
? イタダキ
? イタドリ
? イタメシ
? イチジク
? イチハツ
? イチョウ
? イッカク
? イッチニ
? イツワリ
? イデタチ
? イトスギ
? イトノコ
x イニング
? イヌカキ
? イヌゾリ
? イヌタデ
? イヌワシ
? イノシシ
x イベント
? イボダイ
? イモムシ
? イラクサ
x イラスト
? イラムシ
? イレズミ
x イレブン
? イロニー
? イロモノ
? イワタケ
? インカレ
? インゲン
? インジゴ
x インター
? インチキ
? インテリ
x インドア
x インナー
x インフラ
? インフレ
? インレー
x イーグル
x イーサー
x イースト
x イーゼル
x ウィット
x ウィルス
x ウィング
x ウィンド
x ウィン
x ウィナー
? ウィンナー
x ウィーク
? ウインチ
x ウェイト
x ウェット
x ウェーブ
? ウエスト
x ウォーク
x ウォーム
x ウオッカ
x ウオッチ
x ウクレレ
? ウグイス
? ウケアイ
? ウケイレ
? ウケウリ
? ウケトリ
? ウジムシ
? ウスノロ
? ウタカタ
? ウッソウ
? ウドンゲ
? ウノハナ
? ウバガイ
? ウマオイ
? ウマバエ
? ウミウシ
? ウミガメ
? ウミドリ
? ウミネコ
? ウミヘビ
? ウラジロ
? ウルオイ
x ウルトラ
x ウレタン
? ウーファ
x ウーマン
x エアカー
x エアガン
? エアコン
x エアバス
x エイティ
x エキスポ
? エクラン
x エクレア
x エコール
? エゴノキ
? エゴノリ
? エスエフ
? エスキス
x エステル
x エスプリ
? エゾギク
? エゾマツ
? エダマメ
x エチレン
x エックス
? エッセイ
? エッセン
? エッセー
x エディタ
? エトワス
x エナジー
? エナメル
? エニシダ
? エヌジー
? エビガニ
x エピック
? エプロン
x エポック
x エミッタ
? エリマキ
x エリート
x エレジー
? エログロ
? エンジュ
x エンジン
x エントリー
? エンドウ
? エンバク
x エーカー
x エーテル
x エートス
x オアシス
? オイタチ
? オイドン
? オイラー
? オウトウ
? オウバイ
? オウバク
? オオアザ
? オオアナ
? オオイシ
? オオウチ
? オオカミ
? オオカワ
? オオキミ
? オオギリ
? オオクチ
? オオクラ
? オオグチ
? オオゴト
? オオシオ
? オオシカ
? オオゼキ
? オオゾラ
? オオタカ
? オオダイ
? オオトリ
? オオハシ
? オオバコ
? オオミヤ
? オオムギ
? オオモト
? オオモノ
? オオモリ
? オオモン
? オオヤマ
? オオユキ
x オカリナ
? オキアミ
? オキモノ
? オギョウ
? オゴノリ
? オシドリ
? オショウ
? オシロイ
? オジサン
? オダマキ
? オッサン
? オッパイ
x オニオン
? オニグモ
? オニババ
? オニユリ
? オバサン
x オパール
x オフィス
? オフコン
? オフレコ
? オブジェ
? オミクジ
? オムレツ
? オモダカ
? オモチャ
? オモムキ
? オヤカタ
? オヤバカ
? オヤブン
? オヤユビ
? オリコミ
x オリジン
? オリヅル
? オリヒメ
? オリモト
x オリーブ
x オルガン
x オレンジ
x オンエア
? オンドル
? オンムン
? オークス
x オーケー
x オータム
x オーナー
x オーバー
x オーブン
x オーボエ
x オールド
x オーロラ
x ブレード
? カイガラ
? カイケイ
? カイコガ
? カイコン
? カイソウ
? カイゾク
? カイドウ
? カイバツ
? カイメン
? カイワレ
? カガヤキ
? カキイレ
? カキカタ
? カキコミ
? カキトメ
? カキモノ
? カギロイ
? カクザイ
x カクテル
? カゲロウ
? カササギ
? カザック
? カシダシ
? カシツケ
? カシドリ
x カシミア
x カシュー
? カジノキ
x カスタム
x カステラ
x カセット
x カゼイン
? カゼクサ
? カタカナ
? カタガキ
? カタクリ
? カタシキ
? カタシロ
? カタバミ
? カタビラ
? カタブツ
? カタヤキ
x カタログ
? カチカチ
? カチドキ
? カッキン
? カッコウ
? カッソウ
x カッター
x カップル
? カツアゲ
? カツレツ
? カデット
? カデュセ
x カトレア
? カトンボ
? カナカナ
? カナキン
? カナクソ
? カナッペ
? カナブン
? カナヘビ
? カナモノ
x カナリア
x カバディ
? カバノキ
? カピタン
x カプセル
? カペイカ
? カボチャ
? カポック
? カマキリ
? カマボコ
? カミカゼ
? カミガタ
? カミサマ
? カミソリ
? カミツレ
? カミナリ
? カミワザ
? カメムシ
? カメリア
? カモシカ
? カヤック
? カラアゲ
? カラウス
? カラオケ
? カラクリ
? カラシナ
? カラセキ
? カラタケ
? カラタチ
? カラバン
? カラビナ
x カラフル
? カラマツ
? カラミソ
? カラムシ
? カラメル
? カラード
? カリアゲ
x カリウム
? カリエス
? カリガネ
? カリスマ
? カリパス
? カルカヤ
? カルサン
? カルスト
x カルテル
x カルデラ
? カルトン
? カルノー
? カルメラ
x カルメン
? カレイド
x カレッジ
? カレンズ
x カレント
x カロチン
? カワウソ
? カワカミ
? カワシモ
? カワジリ
? カワセミ
? カワタケ
? カワナカ
? カワハギ
? カワバタ
? カワブチ
? カワホネ
? カワホリ
? カワラケ
? カンギク
? カンシャ
? カンショ
? カンゾウ
? カンタン
? カンチク
? カンヅメ
? カンテラ
? カンテン
? カンデラ
? カンナベ
? カンナン
? カンバス
? カンバン
? カンパン
? カンフル
? カンボク
? カンメン
? カンラン
x カースト
x カーソル
x カーテン
x カートン
? カーナビ
x カーネル
x カーボン
? カーミン
? ガイコツ
? ガクブチ
? ガジマル
x ガソリン
? ガチョウ
? ガッコツ
? ガッシュ
? ガバディ
x ガバナー
x ガボット
x ガムラン
x ガリウム
? ガルソン
x ガレージ
? ガロップ
? ガンセキ
? ガンタン
? ガンドウ
? ガンバリ
? ガンバン
? ガンピシ
? ガンポン
x ガンマ
x ガンマン
x ガード
x ガーター
x ガーダー
x ガーディアン
x ガーデン
x ガードル
x ガーベラ
? キイチゴ
? キカンシ
? キクイモ
? キクスイ
? キクラゲ
? キコウシ
? キササゲ
? キサラギ
? キシメン
? キシャゴ
? キショク
? キジバト
x キセノン
? キチガイ
x キッカー
? キッシン
? キッチュ
x キッチン
? キツツキ
x キニーネ
? キネズミ
? キビタキ
? キマグレ
x キャスト
? キャセイ
x キャップ
x キャビア
? キャビネ
x キャビン
x キャベツ
? キャラコ
x キャリア
? キュウイ
? キュウリ
x キュリー
x キューブ
? キョウナ
? キョーミ
? キヨモト
? キラボシ
? キリカエ
? キリクチ
? キリヌキ
? キリハタ
? キリフダ
? キリモミ
? キリンジ
? キレモノ
? キワモノ
? キンイロ
? キンカイ
? キンカン
? キンギョ
? キンケイ
? キンセキ
? キンツバ
? キントン
? キンニク
? キンバエ
? キンパツ
? キンピカ
? キンピラ
? キンボシ
? キンマン
? キンラン
? キンルイ
? キーセン
x キーパー
x キーマン
? ギキョウ
? ギシギシ
? ギジュツ
? ギチョウ
x ギャザー
x ギャップ
x ギャング
x ギヤマン
? ギョウザ
? ギョーザ
? ギリギリ
? ギルダー
x ギロチン
? ギンガム
? ギンナン
x クィック
? クイモノ
x クィーン
x クエスト
x クォート
? クサカリ
? クサガメ
? クサバナ
? クサボケ
? クサムラ
? クシカツ
? クシャミ
? クジャク
? クスグリ
? クスノキ
? クソバエ
? クソムシ
? クチグセ
? クチコミ
? クチナシ
? クチナワ
x クッキー
? クッパー
? クツベラ
? クニグニ
? クネンボ
? クビキリ
? クビツリ
? クマザサ
? クマタカ
? クマバチ
? クモザル
x クラウン
x クラスター
? クラスト
? クラダシ
x クラック
x クラッチ
x クラフト
? クラモト
x クランク
? クランケ
x クランチ
? クリカラ
x クリック
x クリップ
? クリーク
? クリーネ
x クリーム
? クルップ
x クルーズ
? クレオン
? クレソン
? クレタケ
? クレナイ
x クレバス
? クレパス
x クレヨン
x クリエイト
? クレート
x クレープ
x クレーム
x クレーン
? クロイシ
? クロウエ
? クロウト
? クロウド
? クロカビ
? クロカミ
? クロガキ
? クロクマ
? クロシオ
? クロシロ
? クロズミ
? クロダイ
? クロチク
x クロック
? クロテン
? クロフネ
? クロブチ
? クロマク
? クロマツ
? クロマメ
? クロモジ
? クロヤマ
? クロユリ
x クロレラ
x クローク
x クロース
x クローブ
x クローム
x クロール
? クワガタ
? クワバラ
x クーポン
x クーラー
? クーリー
x クーロン
? グァラニ
? グスグズ
x グッピー
x グラタン
x グラビア
x グラマー
x グランド
? グランプ
x グリッド
x グリース
x グリーン
x グルテン
? グルデン
x グラント
? グルント
x グループ
x グレート
x グレード
x グレープ
x グレーン
x グローブ
? ケイサイ
? ケイサツ
? ケイシキ
? ケイソウ
? ケイタイ
? ケイタク
? ケイトウ
? ケイフン
? ケイラク
? ケイラン
? ケイリン
? ケシゴム
? ケシズミ
? ケジラミ
? ケダモノ
? ケッカク
? ケッカン
? ケッサク
? ケッセイ
? ケッセキ
? ケッチン
? ケッテン
? ケツアツ
? ケツエキ
x ケミカル
? ケミスト
x ケルビン
x ケロイド
? ケンガイ
? ケンサキ
? ケンザオ
? ケンスイ
? ケンドウ
? ケンナイ
? ケーソン
x ケーブル
? ゲイシャ
? ゲイニン
? ゲキカラ
? ゲジゲジ
? ゲッケイ
? ゲッツー
x ゲットー
? ゲッポウ
? ゲツガク
? ゲツレイ
? ゲバルト
? ゲレンデ
? ゲンカン
? ゲンガク
? ゲンキン
? ゲンコウ
? ゲンコツ
? ゲンジツ
? ゲンスイ
? ゲンセイ
? ゲンバク
? ゲンマイ
? ゲンロク
? ゲートル
? コイサン
? コウカク
? コウカン
? コウギョ
? コウゲイ
? コウゲン
? コウコツ
? コウサイ
? コウサク
? コウサツ
? コウザイ
? コウシツ
? コウシュ
? コウシン
? コウスイ
? コウズイ
? コウソン
? コウゾウ
? コウタイ
? コウチャ
? コウツウ
? コウナゴ
? コウバイ
? コウバコ
? コウバン
? コウホネ
? コウモク
? コウモリ
? コオロギ
x コカイン
? コキュウ
? コキョウ
x コキール
? コギャル
? コクジン
? コクセキ
? コクタン
? コクバン
? コクミン
? コクリツ
? コケット
x コカトリス
x バジリスク
x ワイバーン
x ジャイアント
x ペッパー
? コケモモ
? コゲチャ
? ココナツ
? ココヤシ
? ココロエ
x コサイン
? コサージ
? コシダカ
? コシヌケ
? コシマキ
? コショウ
? コショー
x コスモス
? コックス
x コットン
? コップン
? コッヘル
? コツバン
x コテージ
? コデマリ
? コトダマ
x コネクト
? コノシロ
? コノワタ
? コバナシ
x コバルト
? コペック
? コマツナ
? コマドリ
x コマンド
x コミック
? コムギコ
? コムスメ
x コメット
x メテオ
? コメツキ
x コメディ
x コラール
? コリクツ
? コリゴリ
x コレクト
x コロイド
? コロッケ
? コロップ
x コロニー
? コワッパ
? コンジュ
x コンソメ
? コンタン
x コンテナ
? コンデン
x コントラ
x コンドル
x コンパス
? コンビニ
? コンピラ
? コンベア
? コークス
? コーチン
x コーナー
x コーパス
x コーヒー
x コーラス
x コーラン
x コールド
? ゴイサギ
? ゴウキン
? ゴウコン
? ゴウセン
? ゴキブリ
? ゴギョウ
x ゴシック
x ゴシップ
? ゴチック
? ゴブゴブ
? ゴマスリ
? ゴムノキ
? ゴンスケ
x ゴンドラ
? ゴンベン
? ゴーゴー
x ゴースト
x ガスト
x ワイト
x ゴールド
? サイアク
? サイカチ
? サイキン
x サイクル
? サイコウ
? サイコロ
x サイダー
? サイテイ
? サイホン
? サイボウ
? サイミン
x シレン
x サイレン
x サイレンス
x サウンド
? サオダケ
? サカサマ
? サカダイ
? サカダチ
? サカマタ
? サカムケ
? サキヤマ
? サクサン
x サクセス
? ササグリ
? ササタケ
? ササヤブ
? サザンカ
? サスプロ
x サッカー
x サックス
x サッシュ
? サツバツ
? サトイモ
x サバンナ
? サビアユ
x サファリ
x サフラン
x サプレス
? サボテン
x サマリ
x サミット
? サムライ
? サメハダ
? サヨナラ
? サラセン
x サラリー
x サルタン
x サルビア
x サルーン
? サワガニ
? サンカク
? サンケン
? サンゲン
? サンゴク
? サンサイ
? サンサン
? サンザシ
? サンスケ
x サンダル
x サンデー
? サントメ
? サントラ
? サンパン
x サンプル
? サンボウ
? サンマー
? サンロク
x サーカス
x サークル
x サーティ
x サーバー
? サーブル
x サーベイ
x サーベル
x サーモン
? ザイダン
? ザウルス
? ザッキン
? ザッソウ
? ザツガク
? ザブトン
? ザリガニ
? ザルソバ
? ザレゴト
? ザンネン
x シアター
? シイタケ
x シェイプ
x シェリー
x シェルパ
x シェーク
x シェード
? シェーマ
? シェーレ
x シエスタ
? シオイリ
? シオサイ
? シオドキ
? シオフキ
? シカバネ
? シキサイ
? シキシャ
? シキテン
x シグナル
? シシトウ
? シシマイ
? シシャモ
? シショウ
x シスター
x システム
x シチュー
? シチリン
? シックイ
x シックス
? シッコク
? シッタン
? シッチン
? シッペイ
? シツナイ
x シティー
x シトロン
? シナノキ
x シナプス
x シナモン
x シナリオ
? シネスコ
x シネラマ
? シノダケ
x シノニム
? シノノメ
? シハライ
? シバイヌ
? シバエビ
? シバグリ
? シバヤマ
x シフォン
? シブガキ
? シマウマ
? シマヘビ
? シミーズ
? シモフリ
? シャクシ
? シャクチ
? シャクマ
? シャグマ
? シャケン
? シャシュ
x シャシー
? シャタク
? シャダイ
? シャッカ
? シャック
x シャット
? シャッポ
? シャトウ
x シャトル
? シャトー
x シャドウ
? シャナイ
? シャノン
x シャフト
? シャボン
? シャメイ
? シャモジ
? シャリン
? シャーレ
? シュイン
? シュウイ
? シュウウ
? シュウカ
? シュウキ
? シュウジ
? シュウタ
? シュウト
? シュウビ
? シュエン
? シュカン
x シュガー
? シュクセ
? シュケン
? シュゲイ
? シュサイ
? シュザイ
? シュザン
? シュシュ
? シュシン
? シュジン
? シュタイ
? シュダイ
? シュダン
? シュチン
? シュテン
? シュトウ
? シュドウ
? シュニン
? シュホウ
? シュミネ
? シュヤク
? シュラバ
? シュラン
? シュルイ
? シュレン
? シュワン
? シュンガ
? シュンキ
x シューズ
? シューバ
? シュープ
? ショイン
? ショウイ
? ショウカ
? ショウガ
? ショウギ
? ショウコ
? ショウゴ
? ショウチ
? ショウド
? ショウニ
? ショウビ
? ショウブ
? ショウミ
? ショウム
? ショウメ
? ショウヤ
? ショウヨ
? ショウリ
? ショウロ
? ショウワ
? ショカイ
? ショカン
? ショクジ
? ショクバ
? ショクム
? ショケン
? ショコク
? ショコラ
? ショザイ
? ショシキ
? ショシン
? ショジョ
? ショセキ
? ショダイ
? ショッキ
x ショップ
? ショテイ
? ショテン
? ショトク
? ショドウ
? ショニン
? ショハン
x ショベル
? ショホウ
? ショボウ
? ショミン
? ショメイ
? ショユウ
? ショヨウ
? ショリン
? ショルイ
? ショロン
x ショーツ
x ショート
x ショール
? シラウオ
? シラカシ
? シラカバ
? シラサギ
? シラタマ
? シラヌイ
x シラブル
x シリアル
x シリコン
? シリトリ
? シリモチ
x シリング
x シリーズ
x シルバー
? シロアリ
? シロウオ
? シロウリ
? シロギス
? シロクマ
x シロップ
? シロヘビ
? シロホン
? シロヤマ
? シンアン
? シンウチ
? シンエイ
? シンエツ
? シンカイ
x シンカー
? シンガク
? シンガタ
x シンガー
? シンキン
? シンクイ
? シンクウ
x シンクロ
? シンクン
? シングウ
x シングル
? シンケイ
? シンケン
? シンゲツ
? シンコク
? シンコン
? シンゴウ
? シンサイ
? シンサン
? シンザン
? シンショ
? シンジャ
? シンジュ
? シンスイ
? シンセイ
? シンセキ
? シンセツ
? シンセン
? シンソウ
? シンゾウ
? シンゾク
? シンタイ
? シンタク
? シンダイ
? シンテイ
? シンテン
? シンデン
? シントク
? シンドウ
? シンナー
? シンニチ
? シンニン
? シンネン
? シンノウ
x シンバル
? シンパク
? シンピン
? シンペイ
? シンペン
x シンボル
? シンマイ
? シンミン
? シンメイ
? シンヤク
? シンユウ
? シンライ
? シンリン
? シンレイ
? シンレキ
? シンロウ
x シーズン
x シーソー
x シードル
x ジェット
? ジオラマ
? ジガバチ
? ジキュウ
x ジグソー
? ジシャク
? ジストマ
? ジセダイ
? ジダンダ
? ジチタイ
? ジッサイ
? ジッシツ
? ジッセキ
? ジッソウ
? ジッタイ
? ジッチク
x ジッパー
? ジツブツ
? ジネズミ
x ジハード
x ジプシー
x ジャイロ
? ジャイン
? ジャカゴ
? ジャカン
x ジャガー
? ジャクシ
? ジャグチ
? ジャケツ
? ジャケン
? ジャコウ
? ジャシン
x ジャスト
? ジャッキ
x ジャック
x ジャッジ
x ジャップ
? ジャドウ
? ジャバラ
? ジャロン
x ジャンク
x ジャンボ
x ジャンル
? ジュウイ
? ジュウキ
? ジュウク
? ジュウゴ
? ジュウザ
? ジュウシ
? ジュウジ
? ジュウド
x ジュエル
? ジュクゴ
? ジュゴン
? ジュサン
x ジュニア
? ジュホウ
? ジュモク
? ジュヨウ
? ジュリン
? ジュンイ
? ジュンコ
? ジュンサ
x ジュース
x ジュート
x ジュール
x ジョイン
? ジョウイ
? ジョウカ
? ジョウガ
? ジョウキ
? ジョウク
? ジョウジ
? ジョウチ
? ジョウド
? ジョウム
? ジョカン
? ジョサン
? ジョシュ
? ジョジョ
? ジョッキ
? ジョナン
? ジョバン
? ジョレン
? ジョロン
x ジョーク
? ジリュウ
x ジルコン
x ジレンマ
? ジワジワ
? ジンイン
? ジンカク
? ジンガイ
x ジンクス
? ジングウ
? ジンケン
? ジンコウ
? ジンザイ
? ジンジャ
? ジンジュ
? ジンタン
? ジンダイ
? ジンドウ
? ジンナイ
? ジンブツ
? ジンブン
? ジンベイ
? ジンミン
? ジンメイ
? ジンメン
? ジンライ
? ジンルイ
? ジンロウ
? ジーパン
? ジーメン
x ジーンズ
? スイセン
x スイッチ
? スイデン
? スイトウ
? スイドウ
? スイブン
? スイヘイ
? スイミツ
? スイモン
? スイヨウ
? スイラン
? スイレイ
? スイレン
? スウガク
x スエード
x スカウト
x スカッド
x スカラー
x スカンク
? スカンポ
x スカート
x スカーフ
? スカール
x スキッド
? スキュー
x スキーマ
x スキーム
? スギゴケ
? スギハラ
? スギヤマ
x スクイズ
x スクエア
x スクウェア
x スクラム
x スクール
? スケット
? スケベエ
x スケート
x スケール
x スコッチ
? スコップ
? スコンク
x スコープ
x スコール
? スゴロク
? スジガネ
? スズカケ
? スズカゼ
? スズシロ
? スズムシ
? スズラン
x スタイル
x スタウト
x スタジオ
? スタッカ
x スタック
x スタッフ
x スタディ
x スタミナ
? スタメン
? スタンザ
x スタンス
x スタンド
x スタンプ
x スチーム
x スチール
? スッポン
? スツール
? ステッキ
? ステッチ
x ステップ
? ステテコ
x ステレオ
x ステーキ
? ステーク
x ステージ
x ステート
x ストア
x ストック
x ストップ
? ストマイ
x ストレス
x ストロボ
x ストロー
x ストーブ
x ストーム
x ストール
x ストーン
x スナック
x スナッチ
x スノッブ
x スパイク
x スパイス
? スパコン
? スパッツ
x スパルタ
x スピッツ
x スピード
x スプレー
x スプール
x スプーン
x スペース
x スペード
? スポイト
x スポット
x スポンジ
x スポーク
x スポーツ
x スマイル
x スマック
? スミイカ
? スミズミ
? スミヤキ
? スメラギ
x スモック
x スモッグ
x スモール
x スライド
x スラッジ
x スラング
x スランプ
? スリキズ
x スリット
? スリッパ
x スリップ
? スリバン
x スリラー
x スリーブ
x スルタン
x スレート
? スレーブ
x スロット
x スロープ
x スワップ
? スワラジ
? スンシン
? スンポウ
x スーパー
? ズイヒツ
? ズイムシ
? ズズダマ
? ズッコケ
? ズルチン
? ズロース
? ズンドウ
? セイアン
? セイウチ
? セイウン
? セイエイ
? セイエン
? セイオウ
? セイオン
? セイカイ
? セイカク
? セイガク
? セイガン
? セイギョ
? セイケイ
? セイケツ
? セイケン
? セイゲン
? セイコウ
? セイゴウ
? セイサイ
? セイサク
? セイザイ
? セイザン
? セイシキ
? セイシツ
? セイシュ
? セイショ
? セイシン
? セイジカ
? セイジュ
? セイジン
? セイスイ
? セイセキ
? セイセン
? セイソウ
? セイタイ
? セイタン
? セイダイ
? セイテイ
? セイテン
? セイデン
? セイトウ
? セイトク
? セイドウ
? セイナン
? セイネン
? セイノウ
? セイハン
? セイバン
? セイヒン
? セイフウ
? セイフク
? セイブツ
? セイブン
? セイベツ
? セイホウ
? セイホク
? セイホン
? セイボウ
? セイボク
? セイメイ
? セイヤク
? セイヨウ
? セイラン
? セイレイ
? セイレキ
? セイレン
? セイロウ
? セイロン
x セオリー
? セカント
x セカンド
? セキエイ
? セキスイ
? セキズイ
? セキセイ
? セキタン
? セキチク
? セキツイ
? セキニン
? セキレイ
x セクシー
x セクター
? セクハラ
x セコイア
? セコハン
? セコンド
x セシウム
x セックス
? セッコウ
? セッコク
x セッター
? セッチン
? セッテン
? セツブン
? セトモノ
? セパード
x セマフォ
x セミナー
x セミプロ
x セメント
x セラピー
x セリウム
x セレクト
x セレクター
? セロハン
? セロリー
? センエン
? センカク
? センカン
? センキョ
? センケイ
? センケン
? センゲン
? センコツ
? センゴク
? センサイ
? センサス
x センサー
? センザイ
? センシャ
? センショ
? センシン
? センジン
? センスイ
? センセキ
? センセン
? センソウ
? センタン
x センター
? センダイ
? センダン
? センテン
? センナリ
? センノウ
? センバツ
? センバン
? センパイ
? センパク
? センブリ
? センマイ
? センユウ
? センヨウ
x セーター
? セーブル
x セーラー
x セールス
? ゼイリシ
? ゼッケン
? ゼッピン
? ゼッペキ
? ゼニガタ
? ゼニガメ
? ゼニゴケ
? ゼネコン
? ゼネスト
x ゼラチン
? ゼンイキ
? ゼンオン
? ゼンカイ
? ゼンガク
? ゼンケイ
? ゼンケン
? ゼンコウ
? ゼンコク
? ゼンショ
? ゼンシン
? ゼンセン
? ゼンチン
? ゼンテイ
? ゼンハン
? ゼンパン
? ゼンボウ
? ゼンマイ
? ゼンメン
? ゼンリン
? ソウイン
? ソウオン
? ソウガク
? ソウギョ
? ソウケイ
? ソウケン
? ソウゲン
? ソウゴウ
? ソウサイ
? ソウザイ
? ソウショ
? ソウジン
? ソウスウ
? ソウセツ
? ソウゾク
? ソウタイ
? ソウダイ
? ソウダン
? ソウドウ
? ソウハク
? ソウヘイ
? ソウホウ
? ソウメン
? ソウヨウ
? ソウロン
? ソクシン
? ソクセキ
? ソクメン
x ソケット
? ソショウ
x ソックス
? ソツロン
x ソナチネ
x ソニック
x ソネット
? ソバカス
? ソバガキ
? ソバガラ
? ソビエト
? ソファー
x ソプラノ
? ソホーズ
? ソライロ
? ソラマメ
? ソリスト
x ソレイユ
? ソロバン
? ソンエキ
? ソンケイ
? ソンジャ
? ソンミン
x ソーラー
? ゾウキン
? ゾウケイ
? ゾウセイ
? ゾウムシ
? ゾルレン
? タイアン
? タイイク
? タイイン
? タイオウ
? タイオン
? タイカイ
? タイカン
? タイガン
x タイガー
? タイケイ
? タイケン
? タイゲン
? タイコク
? タイサイ
? タイサク
? タイサン
? タイザン
? タイシツ
? タイシャ
? タイショ
? タイシン
? タイジュ
? タイジン
? タイセツ
? タイセン
? タイチョ
x タイトル
? タイドウ
? タイナイ
? タイニン
? タイハク
? タイハン
? タイバン
? タイヘイ
? タイベイ
? タイホウ
? タイマイ
? タイマツ
x タイマー
x タイムス
? タイメン
? タイヤキ
? タイラン
? タイリク
? タイリン
? タイロウ
? タカキビ
? タカサゴ
? タカツキ
? タカナミ
? タキカワ
? タクアン
? タクシン
x タクシー
? タクゾウ
? タクボク
? タケウマ
? タケノコ
? タケミツ
? タケヤリ
? タコツボ
? タコノキ
? タコヤキ
? タチウオ
? タチバナ
? タッケン
? タツジン
? タテジマ
? タテマエ
? タテモノ
? タナバタ
? タニアイ
? タニガワ
? タニグチ
? タネイモ
? タネマキ
? タビラコ
? タピオカ
? タブロー
? タベモノ
? タマシイ
? タマネギ
? タマムシ
? タラチネ
? タラップ
? タラノキ
? タラノメ
x タリウム
? タルカン
x タレント
? タロイモ
? タンカン
x タンカー
? タンガラ
? タンガン
? タンケン
? タンゲン
? タンコウ
? タンサン
? タンザク
? タンシン
? タンジン
? タンスイ
? タンセン
? タンタイ
x タンタル
? タンダイ
? タンテイ
? タントウ
? タンドク
x タンニン
? タンパク
? タンピン
? タンブン
? タンペン
? タンポポ
? タンポン
? タンマツ
? タンメン
x タートル
x ターバン
x タービン
x ダイ
x ダイアル
? ダイアン
? ダイイン
? ダイエイ
? ダイオウ
? ダイカン
? ダイガク
? ダイガン
? ダイキチ
? ダイキン
? ダイケイ
? ダイゲン
? ダイコク
? ダイコン
? ダイザイ
? ダイジョ
? ダイジン
? ダイスウ
? ダイセン
? ダイソウ
? ダイダイ
? ダイトク
? ダイドウ
x ダイナモ
? ダイナン
? ダイニン
? ダイノジ
x ダイバー
? ダイフク
? ダイブツ
? ダイメイ
? ダイモク
? ダイモン
? ダイリン
? ダクセイ
? ダザイフ
? ダシガラ
? ダジャレ
? ダジュン
x ダスター
? ダチョウ
x ダッシュ
x ダブルス
? ダボハゼ
x ダメージ
? ダレダレ
? ダワダワ
? ダンイン
? ダンカイ
? ダンカン
? ダンガン
? ダンキン
? ダンコン
x ダンサー
? ダンジョ
? ダンセイ
? ダンソウ
? ダンタイ
? ダンダラ
? ダンダン
? ダントツ
? ダンネツ
? ダンビラ
x ダンベル
? ダンボウ
? ダンマク
? ダンメン
? ダーハム
x ダービー
x ダーリン
x チェック
x チェリー
x チェーン
? チカテツ
? チキュウ
? チクリン
x チケット
? チショウ
? チジョウ
x ティッカー
? チッコウ
? チツジョ
? チビオン
x チムニー
? チモシー
x チャイナ
x チャイム
? チャイロ
? チャウス
? チャオズ
? チャカイ
? チャガラ
? チャキン
x チャック
x チャット
? チャドル
x チャネル
? チャノマ
? チャバン
? チャパツ
? チャビン
x チャペル
? チャワン
x チャンス
x チャージ
x チャーチ
x チャート
? チュウイ
? チュウカ
? チュウコ
? チュウシ
? チュウジ
? チュウト
? チュウブ
? チュウヤ
x チューバ
x チューブ
? チョウイ
? チョウカ
? チョウキ
? チョウジ
? チョウナ
? チョウボ
? チョウヤ
? チョゴリ
? チョシャ
? チョッキ
x チョップ
? チョロギ
? チョンボ
x チョーク
? チリメン
? チンコロ
? チンチン
? チンピラ
x チーター
? チーバー
x ツァーリ
x ツイスター
x ツイスト
x ツイード
? ツキクサ
? ツキヤマ
? ツギダイ
? ツギハギ
? ツチグモ
? ツッコミ
? ツッパリ
? ツツドリ
? ツノマタ
? ツバクラ
? ツバクロ
? ツユクサ
x ツリウム
? ツリガネ
? ツワブキ
x ツンドラ
? テアトル
x ティーン
? テイケイ
x テキスト
? テクシー
x テクスト
? テジュン
x テスト
x テスター
? テチョウ
x テックス
? テッコウ
? テッセン
? テッテイ
? テヅクリ
? テトロン
x テナント
? テニヲハ
? テノヒラ
x テノール
x テフロン
? テマヒマ
? テラゾー
? テリヤキ
? テレクラ
x テロップ
x テンキー
? テングサ
? テンサイ
? テンジク
x テンソル
x フール
x マジシャン
x ハイプリーステス
x エンプレス
x エンペラー
x ハイエロファント
x ラヴァーズ
x チャリオット
x ジャスティス
x ハーミット
x フォーチュン
x ストレングス
x デス
x テンペランス
x ジャッジメント
? テンプラ
? テンペラ
x テーブル
x テーラー
? ディクス
x ディスク
x ディスコ
x ディナー
? ディプス
x デイリー
x マンスリー
? デキゴト
? デキモノ
x デキュー
x デコード
? デコーダ
x デザート
x デシマル
x デジタル
? デセール
x デタント
? デッサン
x デバイス
? デバカメ
x デバッグ
x デバッガ
x デパート
x デマンド
? デメキン
x デュアル
x デュエル
x デリート
? デージー
? デーテル
x デーモン
? トウガン
? トウキビ
? トウギョ
? トウゴマ
? トウシロ
? トウシン
? トウヂサ
? トウハン
? トウホン
? トウボク
? トウマル
? トウロウ
? トゲウオ
? トコナツ
? トコブシ
? トサイヌ
? トチノキ
? トックリ
? トッタリ
x トッパー
? トドマツ
? トドロキ
? トナカイ
? トネリコ
x トパーズ
? トビウオ
x トピック
? トモダチ
x トラウマ
x トラスト
x トラック
x トラップ
x ポイズン
? トラノオ
? トラヒゲ
x トラブル
x トラベル
x トランク
x トランス
x トランプ
x トリウム
x トリガー
? トリクミ
? トリコミ
x トリック
? トリツキ
? トリツケ
? トリトメ
x トリプル
? トリモチ
x トリュフ
x トルソー
x トレイル
x トレイン
? トレパン
x トレモロ
x トレンチ
x トレンド
x トレース
x トロイカ
? トロッコ
x トロット
x トロリー
x トローチ
x トロール
x オーガ
? トンカツ
? トングム
? トンチキ
x トンネル
x トーキー
x トースト
x トータル
? トーチカ
x トーテム
? トーナル
? ドウガメ
? ドウコウ
? ドクジャ
x ドクター
? ドクダミ
x ドクトル
? ドジョウ
? ドスキン
x ドトール
x ドメイン
x ドラクマ
x ドラゴン
x ドラッグ
x ドラフト
x ドラマー
x ドラムス
x ドリアン
x ドリンク
x ドリーム
x ドルメン
x ドロップ
? ドロノキ
? ドングリ
? ドンタク
? ドンドコ
x ドーナツ
? ドーラン
? ナアナア
? ナイター
x ナイロン
? ナカギリ
? ナカグロ
? ナカスジ
? ナカテン
? ナカニワ
? ナカユビ
? ナカライ
? ナガイモ
? ナガネギ
? ナギナタ
? ナシウリ
? ナタマメ
? ナチズム
x ナックル
x ナツメグ
? ナツメロ
? ナデシコ
? ナナイロ
? ナニサマ
? ナノハナ
x ナフキン
? ナプキン
? ナベヅル
? ナメクジ
? ナメタケ
? ナヨタケ
? ナリユキ
? ナリワイ
? ナレズシ
? ナンテン
x ナンバー
x ニアミス
? ニガウリ
? ニガシオ
? ニクズク
? ニクロム
x ニコチン
? ニシガワ
? ニシキギ
? ニシグチ
? ニジマス
? ニセガネ
? ニセクビ
? ニセモノ
? ニッケイ
x ニッケル
x ニッパー
x ニュース
x ニューズ
? ニューム
? ニワウメ
? ニワトコ
? ニワトリ
? ニンゲン
? ニンジン
? ニンズウ
? ニンテイ
? ニンドウ
? ニンニク
? ニンベン
x ニードル
x チャクラム
? ヌカヅケ
? ヌカミソ
? ヌクテー
x ヌードル
? ヌーボー
x ネオジム
x ネクタイ
x ネクター
? ネコババ
? ネジクギ
? ネジバナ
? ネジレモ
? ネムノキ
? ネーブル
? ノイバラ
x ノウハウ
x ノッカー
? ノネズミ
x ノミナル
? ノリカエ
? ノリシロ
? ノンブル
? ノンプロ
? ノンポリ
? ノータイ
x ノーモア
? ノーラン
x ハイエナ
? ハイカラ
x ハイカー
? ハイギョ
? ハイゼン
? ハイタカ
x ハイテク
x ハイドロ
? ハイハイ
x ハイフン
? ハイマツ
? ハイヤー
? ハイレグ
x ハウツー
? ハギシリ
? ハクサイ
? ハクトウ
? ハクヨウ
? ハゲタカ
? ハゲワシ
x ハザード
? ハシッコ
? ハシバミ
? ハジカミ
? ハジッコ
? ハジラミ
? ハゼノキ
? ハタオリ
? ハタハタ
? ハチドリ
? ハチミツ
? ハッカク
? ハッカユ
x ハッカー
? ハッコウ
? ハッサク
x ハッシュ
? ハッセン
? ハッソウ
? ハツオン
? ハツタケ
? ハツトリ
? ハツモノ
? ハツユキ
? ハトムギ
? ハナタレ
? ハナムケ
? ハニュウ
x ハフマン
? ハブソウ
? ハブラシ
? ハボタン
? ハマグリ
? ハマナス
? ハマユウ
? ハミガキ
x ハミング
? ハヤブサ
? ハヤワザ
? ハラワタ
? ハリガネ
? ハリキリ
? ハリコミ
? ハリノキ
? ハリボテ
? ハルカゼ
? ハルサメ
? ハルゼミ
? ハルマキ
x ハレルヤ
? ハレンチ
x ハロゲン
? ハンカチ
x ハンガー
? ハングル
? ハンザキ
? ハンスト
x ハンター
x ハント
x スレイヤー
x ハンディ
x ハンドラ
x ハンドル
? ハンノキ
x ハンマー
? ハーケン
x ハードル
x ハーネス
x ハーレム
x バイアス
? バイエル
? バイキン
x バイザー
x バイナリ
x バイナリー
x バイバイ
x バイパス
x バイブル
x バイヤー
? バカガイ
? バカタレ
? バカンス
x バケット
x バザール
? バショウ
? バスレフ
x バスーン
x バズーカ
? バタリー
? バチルス
x バッカス
? バッカル
? バックス
x バックル
? バッケン
x バッター
? バッテン
x バッファ
? バテレン
x ババロア
x バラスト
x バラック
x バラッド
? バラツキ
? バラマキ
x バラモン
x バランス
x バラード
x バリウム
? バリエテ
? バリカン
? バリコン
x バリトン
x バリュー
x ヴァルキリー
x ワルキューレ
x バルキー
? バルコン
? バルサム
x バルーン
x バロック
x バンカー
? バンザイ
x バンタム
x バンドル
x バンパー
x バーゲン
x バージン
x バースト
? バーター
? バーテン
x バーナー
x バーバリアン
x ソルジャー
? バーバリ
x バーバー
x バーベル
? バーレル
? パイパン
x パイパー
x パウダー
x パケット
? パサデナ
x パジャマ
x パスカル
x パステル
? パソコン
x パターン
? パチンコ
x パテント
? パトカー
x パトロン
x パドック
x パニック
x パノラマ
x パパイア
x パピルス
x パプリカ
x パラソル
x パラボラ
x パリサイ
x パリティ
x パレット
? パロチン
x パロディ
? パンクロ
x パンジー
? パンチャ
? パンノキ
? パンパス
? パンパン
? パンプス
x パーカー
? パーゴラ
? パーサ
? パーザ
x パーラー
? ヒイラギ
? ヒオウギ
? ヒグラシ
? ヒコバエ
? ヒコーキ
x ヒッター
x ヒッピー
? ヒトカゲ
? ヒトガタ
? ヒトゴミ
? ヒトサマ
? ヒトタチ
? ヒトダマ
? ヒトヅマ
? ヒトビト
? ヒナギク
? ヒナゲシ
? ヒマワリ
? ヒメマス
? ヒメユリ
? ヒヤカシ
? ヒュッテ
x ヒューズ
? ヒヨドリ
? ヒラグモ
? ヒルガオ
? ヒルメシ
x ヒロイン
? ヒロポン
x ヒンズー
? ヒンプン
x ヒーター
x ヒーロー
? ビオロン
x ビジネス
x ビジョン
x ビスマス
x ビタミン
x ビニロン
x ビニル
x ビニール
? ビビンバ
? ビビンパ
? ビフテキ
x ビリオン
? ビリケン
x ビリング
? ビロード
? ビンナガ
x ビーカー
x ビークル
x ビーコン
? ビーシー
? ビードロ
x ビーナス
x ビーバー
? ビールス
? ピカイチ
x ピクセル
x ピクチャー
x ピクルス
x ピケット
? ピコット
x ピザパイ
? ピジャマ
x ピストル
x ピストン
x ピッケル
? ピッコロ
x ピッツァ
? ピビンバ
? ピビンパ
x ピペット
x ピューマ
x ピューレ
x ピラニア
x ピリオド
? ピンペア
x ピンポン
? ピーマン
x ファイア
x フレイム
x ファイト
x ファイブ
x ファイル
x ファクト
x ファジィ
x ファンク
x ファンド
x ファース
x ファーム
x ファール
x フィルタ
x フィルム
x フィード
? フウラン
x フェイス
x フェイズ
x フェザー
x フェリー
x フェルト
x フェンス
x フェーン
x フォルテ
? フォルム
? フォロア
x フォロワー
x フォント
x フォーク
? フォーブ
x フォーム
x フォース
? フクソウ
? フクロウ
? フシアナ
? フシノキ
? フシブシ
? フジョキ
? フタモノ
? フトモモ
? フナバシ
? フナムシ
x フライス
x フライト
x フラスコ
x フラッグ
x フラット
x フラップ
x フラワー
? フリカエ
? フリカケ
? フリソデ
? フリダシ
x フリップ
x フリーク
x フリーズ
x フリート
? フルカワ
? フルモノ
x フルーツ
x フルート
x フルーレ
x フレスコ
x フレンチ
x フレンド
x フレーク
x フレーズ
x フレーム
x フロック
x フロップ
? フロリン
x フロント
? フンプン
? フートン
x フーリエ
x ブイヨン
x ブギウギ
x ブックス
? ブツブツ
x ブライド
x ブラウス
x ブラウン
x ブラザー
x ブラック
x ブランク
? ブランコ
x ブランチ
x ブランド
? ブラース
x ブリッジ
x ブリーフ
? ブルゾン
x ブルペン
? ブルマー
x ブルース
x ブルーズ
? ブルーマ
x ブレザー
x ブレスト
x ブレーキ
x ブレイン
x ブロック
x ブロンズ
x ブロンド
x ブローチ
x ブロード
? ブンタン
x ブースト
? プチブル
x プライス
x プライド
x プライム
x プラズマ
x プラチナ
x プラット
x プラント
x プリズム
? プリッツ
? プリムラ
x プリンス
x プリント
x プリーツ
? プルコギ
x プルーフ
x プレイ
x プレーン
x プレスト
x プレハブ
x プレミア
? プレヤー
? プレレコ
x プレート
x プロセス
x プロット
? プロッタ
x プロトン
x プロパン
x プロペラ
x プロミス
? プロレス
? プンシュ
x プードル
x プーリー
? ヘソクリ
? ヘラブナ
x ヘリウム
x ヘリカル
? ヘリクツ
x ヘルニア
x ヘルパー
x ヘロイン
? ヘンサン
x ベクタ
x ベクター
x ベクトル
x ベゴニア
? ベッチン
x ベテラン
? ベニガラ
? ベニザケ
? ベニバナ
? ベニマス
x ベランダ
? ベンガラ
x ベンジン
x ベンゼン
x ベンダー
x ベーコン
x ベージュ
x ベーラム
x ペイント
x ペインター
x ペガサス
x ペナント
x ペプシン
x ペプラム
x ペリカン
x ペンギン
x ペンシル
x ペースト
x ペーソス
? ペーチカ
? ペーハー
x ペーパー
x ホイスト
x ホイール
? ホウタイ
? ホウボウ
? ホウロク
? ホオジロ
? ホオズキ
? ホオノキ
? ホシゾラ
? ホスゲン
x ホステス
x ホステル
x ホスピス
? ホチキス
x ホッケー
x ホッパー
? ホラガイ
x ホリデー
? ホリュウ
x ホルダー
x ホルモン
x ホワイト
? ホンゾウ
? ホンポウ
? ホンモノ
? ホーデン
? ホーマー
x ホールド
x ボイラー
? ボウフウ
? ボウフラ
x ボウラー
x ボクサー
? ボコーダ
x ボサノバ
x ボックス
x ボリバル
x ボルシチ
? ボンサイ
? ボンタン
? ボンテン
x ボンボン
x ボーカル
x ヴォーカル
? ボースン
x ボーダー
x ボーナス
? ボールズ
x ボールド
x ポアソン
x ポインタ
x ポイント
? ポエジー
? ポケコン
x ポケット
? ポケベル
? ポコペン
x ポスター
x ポッキー
x ポップス
? ポプリン
x ポマード
x ポリシー
x ポリープ
? ポンカン
? ポンポン
x ポーカー
x ポーター
x ポーラー
? マイカー
x マイクロ
? マイコン
? マイシン
x マイナス
x マイナー
? マイワシ
x マインド
x マウント
? マウンド
? マエガワ
? マエマエ
? マエムキ
x マカロニ
x マガジン
? マガレイ
? マキガイ
? マクニン
? マクラメ
? マゴコロ
? マザコン
x マシーン
x マジック
x マジカル
? マジナイ
? マスカキ
x マスカラ
? マスコミ
x マスチフ
? マスプロ
x マズルカ
? マタグラ
? マタタビ
? マチアイ
? マチネー
x マックス
? マッコリ
x マッシュ
x マッシャー
? マツカサ
? マツカゼ
? マツスギ
? マツゼミ
? マツタケ
? マツバラ
? マツムシ
? マツヤニ
? マツヤマ
? マテガイ
? マドギワ
? マドグチ
? マドロス
x マドンナ
? マナヅル
? マヌカン
x マネキン
x マフラー
x マラカス
x マラソン
? マラリア
x マリンバ
? マリーナ
x マルコフ
? マルムギ
? マルメロ
? マロニエ
x マンガン
x マンゴー
? マンサク
x マントル
? マンネリ
? マンプク
? マンボウ
x マンモス
x マーカー
x マージン
x マーブル
? マーボー
? ミエミエ
? ミカヅキ
x ミキサー
x ミクロン
x ミサイル
? ミショウ
? ミジンコ
x ミスター
? ミズウミ
? ミズガキ
? ミズゴケ
? ミズヒキ
? ミズムシ
x ミゼット
? ミソハギ
? ミツスイ
? ミツバチ
? ミツマタ
? ミナモト
? ミニカー
? ミニコミ
? ミニコン
? ミニバス
? ミニバン
x ミニマム
x ミネラル
x ミネルバ
x ミネルヴァ
? ミノガメ
? ミノムシ
? ミミカキ
? ミミズク
? ミミナリ
x ミューズ
? ミョウガ
x ミラクル
x ミリオン
x ミルキー
? ミンボー
? ミーリー
? ムクドリ
? ムクノキ
? ムクロジ
? ムササビ
? ムシクイ
? ムシケラ
x ムジーク
? ムッター
? ムナクソ
x ムニエル
? ムラクモ
? ムラサキ
? ムラサメ
? ムラビト
? ムリョウ
? ムロアジ
? ムロマチ
x ムービー
x メガトン
x メガホン
x メジャー
x メソッド
x メッシュ
x メディア
? メドハギ
x メドレー
x メニュー
x メビウス
x メモリー
x メラニン
x メラミン
? メリケン
x メリット
? メリハリ
? メリヤス
? メリンス
x メルト
? メルトン
? メルヘン
x メロディ
? メンタイ
x メンバー
? メンヨウ
x メーカー
x メーター
x メーデー
x メートル
? モウソウ
? モクセイ
? モクレン
? モケット
x モザイク
? モジズリ
x モジュラー
x モジュロ
x モスリン
? モチノキ
? モチモノ
x モチーフ
? モッコク
x モットー
x モニター
? モノクロ
? モノサシ
? モノドモ
? モノポリ
? モノマネ
x モノラル
x モバイル
? モモヒキ
? モモンガ
x モルタル
? モルヒネ
? モロコシ
x モンキー
x モーグル
x モーゼル
x モーター
x モーテル
? モートル
x モービル
x モールス
? ヤキイモ
? ヤキソバ
? ヤキトリ
? ヤキニク
? ヤキブタ
? ヤキメシ
? ヤキモチ
? ヤキモノ
? ヤギュウ
? ヤジキタ
? ヤドカリ
? ヤドリギ
? ヤマイヌ
? ヤマイモ
? ヤマガタ
? ヤマガラ
? ヤマギシ
? ヤマドリ
? ヤマネコ
? ヤマバチ
? ヤマバト
? ヤマビコ
? ヤマブキ
? ヤマブシ
? ヤママユ
? ヤマモト
? ヤマモモ
? ヤマヤマ
? ヤマユリ
? ヤマンバ
? ヤリイカ
x ヤンキー
? ユウウツ
? ユウガオ
? ユウセイ
? ユウユウ
? ユカシタ
? ユキグニ
? ユズリハ
x ユニオン
x ユニタリ
x ユニーク
? ユニック
x ユニット
? ユマニテ
? ユーエス
? ユーカラ
? ユーカリ
x ユーザー
x ユーモア
? ヨウエキ
? ヨウカン
? ヨウジュ
? ヨウツウ
? ヨウナシ
? ヨウヘイ
? ヨコバイ
? ヨシキリ
? ヨジウム
? ヨノナカ
? ヨリドリ
? ヨルガオ
? ヨレヨレ
? ヨワムシ
? ヨーチン
x ヨーデル
x ヨーヨー
x ライオン
? ライギョ
x ライター
x ライダー
x ライナー
x ライバル
x ライフル
? ライムギ
x ラウンジ
x ラクロス
x ラグビー
? ラグラン
x ラケット
? ラシスム
x ラジウム
? ラジカセ
x ラスター
x ラッカー
x ラッシュ
x ラッセル
x ラティス
x ラノリン
x ラビオリ
x ラピッド
? ランセン
x ランタン
x ランナー
? ランビキ
? ランラン
? ランリン
? ラーゲル
? ラーメン
? リアカー
? リウマチ
x リカバリー
? リキガク
x リスナー
? リスリン
x リセット
x リソース
x リゾット
x リゾルバ
x リゾート
? リゾール
x リターン
x リチウム
? リッタイ
? リッター
? リットウ
? リットル
x リテラル
x リテール
? リトマス
? リハビリ
x リビドー
x リビング
x リベット
x リベート
? リポイド
x レポート
x リミット
x リムジン
? リモコン
x リモート
? リャンコ
? リュック
? リョウカ
? リョウケ
? リョウジ
? リョウヤ
? リョウリ
x リリック
? リリアン
? リンカイ
? リンカク
? リンクス
? リンケイ
? リンケン
? リンゲル
? リンゲン
? リンコウ
? リンジン
? リンセツ
? リンセン
? リンソン
? リンデン
? リンドウ
? リンネル
? リンバン
? リンプン
? リンモウ
x リーガー
x リーダー
? リーブス
? リーマー
? ルイケイ
? ルイルイ
? ルゴール
x ルックス
? ルパシカ
? ルビコン
? ルンペン
x ルーキー
x ルージュ
x ルーチン
? ルーバー
? ルーピー
x ルーブル
x ルーメン
? ルーラル
x ルーラー
? レアリテ
? レイアン
x レイオフ
x レイダー
x レイブン
? レイメイ
x レイヤー
? レイヨウ
? レガッタ
x レガート
x レギンス
? レグホン
x レコード
x レシート
x レジスタ
x レジスト
x レジャー
x レジュメ
? レジーム
x レスラー
x レッスン
? レッテル
? レディス
x レディー
? レトルト
x レニウム
x レリーフ
x レングス
? レンコン
? レンポウ
? レンメイ
? レヴェル
? レーコン
x レーサー
x レーザー
x レーズン
x レーダー
? レーベル
x レーヨン
x ロイヤル
? ロウケツ
? ロウサイ
? ロウソク
? ロウノキ
? ロウバイ
? ロウマン
? ロウロウ
x ロギング
x ログイン
x ログオフ
x ロケット
? ロケハン
? ロザリオ
x ロジウム
x ロジック
x ロジカル
? ロストル
? ロッカン
x ロッカー
x ロッキー
x ロボット
x ロマンス
? ロリコン
? ロンジン
? ロンソウ
? ロンブン
? ロンポウ
x ロースト
x ローダー
? ロートル
? ローマン
x ローラー
? ワイセツ
x ワイパー
x ワイヤ
x ワイヤー
? ワカクサ
? ワカサギ
? ワカゾウ
? ワカタケ
? ワカマツ
? ワクチン
? ワシュウ
? ワショク
x ワセリン
x ワックス
x ワッフル
? ワッペン
? ワニザメ
? ワビスケ
x ワラント
? ワリアイ
? ワリカン
? ワレモノ
? ワンゲル
? ワンタン
x ワークス
? ワーゲン
x ワースト
? ワープロ
x ワールド
x ヴァニラ
x ヴィオラ
x ヴィデオ
x ヴェーダ
x ヴェール
x アイシング
x アイスマン
x アイディア
x アイバンク
x アイボリー
x アイロニー
x アウトドア
? アオガエル
? アオミドロ
x アカウント
? アカガエル
? アカゲザル
? アカチャン
x アカデミー
? アカトンボ
? アカメイモ
? アカンボウ
? アカンボク
? アキザクラ
x アクション
x アセンション
x アクセント
x アクティブ
x パッシブ
? アグレマン
? アコウダイ
? アコウボク
? アコヤガイ
x アジェンダ
? アジタート
x アジャスト
? アスタチン
x アスピリン
? アスベスト
x アスペクト
? アズキイロ
x アセチレン
x アセテート
x アセンブラ
x アセンブリ
x アセンブル
x アタッカー
x アタック
? アタッシェ
x アダプター
x アダージョ
? アテイボク
x アデノイド
x アトリウム
x アドホック
x アナウンス
x アナリシス
x アナリスト
x アナロジー
x アニミズム
? アノラック
x アフリカン
? アブラゼミ
? アブラムシ
x アプリオリ
x アベニュー
x アベレージ
? アペリチフ
? アホウドリ
x アポイント
? アマガエル
x アマチュア
? アマドコロ
x アマリリス
x アマルガム
x アミロース
x アメジスト
x アメニティ
? アメノウオ
x アメリカン
? アライグマ
x アラカルト
x アラベスク
? アラミタマ
x アラモード
? アリジゴク
? アリナミン
? アリノトウ
x アルコール
? アルチザン
? アルデンテ
? アルマイト
x アルマジロ
x アレゴリー
? アレルギー
x アンケート
x アンダンテ
x アンチモン
x アンニュイ
? アンパイア
? アンパック
? アンモニア
x アンロード
x アーカイブ
x アーケード
? アーベント
x アーモンド
? イエスズメ
? イカリソウ
x イグジット
? イシタタキ
? イシダタミ
? イスラエル
? イソウロウ
? イタリアン
x イタリック
? イチジュク
? イチャモン
x イディオム
? イトミミズ
? イトヤナギ
x イニシャル
? イノコズチ
x イブニング
? イボタノキ
? イヤホーン
x イヤリング
x イリジウム
? イロオトコ
? イロメガネ
? イワツツジ
? イワツバメ
x インコース
x インゴット
x インサイド
x インサート
? インジウム
x インターン
x インテリア
? インディオ
x インハウス
? インバネス
x インバータ
x インパクト
x インパルス
x インボイス
x インライン
? イースタン
x イースター
x ウィスキー
x ウィンドウ
? ウィーナー
? ウイキョウ
? ウイスキー
x ウインカー
x ウインター
x ウェイター
? ウェスタン
? ウエスタン
? ウエハース
x ウェルカム
? ウエルター
? ウエーター
x ウォーター
? ウキブクロ
? ウサギウマ
? ウシガエル
? ウシコロシ
? ウズラマメ
? ウツセガイ
? ウバザクラ
? ウマゴヤシ
? ウミツバメ
? ウミボウズ
x ウムラウト
? ウメモドキ
x ウラニウム
? ウーボート
? エアゾール
x エアバッグ
x エアポート
x エアメール
x エアライン
x エイリアン
x エキストラ
? エキチョウ
? エクイティ
? エクスード
x エコノミー
x エコロジー
x エゴイスト
x エゴイズム
? エゴチスト
? エゴチズム
x エスカルゴ
x エチケット
x エチュード
x エッジング
x エッセンス
x エディター
x エトセトラ
? エトランゼ
x エネルギー
? エノキダケ
x エピグラム
x エピソード
x エピローグ
x エフェクト
x エベレスト
x エボナイト
x エメラルド
? エルビウム
? エルブラン
? エルミート
? エレガンス
x エレガント
? エレキテル
x エレベータ
x エレメント
x エンコーダ
x エンコード
x エンジェル
x エンジニア
? エンタシス
? エンダイブ
x エンブレム
? エンリッチ
x オイスター
? オオドオリ
? オオマガリ
? オオミソカ
? オカリーナ
? オキシフル
? オキナグサ
x オクターブ
? オジギソウ
? オスミウム
? オットセイ
? オトコエシ
? オトコマエ
? オトシブミ
? オナガドリ
? オニアザミ
? オニゴッコ
? オノマトペ
x オピニオン
x オフェンス
x オフセット
x オフライン
x オフロード
? オブラート
x オプション
x オベリスク
x オペランド
? オペレッタ
x オペレート
x オペレータ
? オマジナイ
? オミナエシ
x オムニバス
? オムライス
? オヤシラズ
? オラトリオ
? オリエント
x オリジナル
x オルゴール
? オルランド
? オンサイト
x オンライン
? オーキシン
x オーシャン
x オーディオ
? オートバイ
? オードブル
? オーバレイ
? オーラミン
? オーランド
? カイジュウ
? カイツブリ
? カイツムリ
? カイバシラ
? カイヒョウ
x カウボーイ
x カウンター
? カエリミチ
? カキツバタ
x カスケード
? カスタアド
? カスタード
? カセイカリ
? カソリック
? カタツムリ
x カタパルト
? カタルシス
x カテゴリー
? カテーテル
? カデンツァ
? カトラリー
x カドミウム
? カドリール
? カナガシラ
? カナシバリ
? カナダドル
? カナメモチ
? カニューレ
? カネタタキ
x カフェイン
x カフェオレ
x カフェラテ
? カブトガニ
? カブトムシ
x カプチーノ
? カプリチオ
? カマイタチ
? カマドウマ
? カメラマン
x カメレオン
? カモノハシ
x カモミール
? カラスウリ
? カラスガイ
? カラスヘビ
? カラスムギ
? カラリスト
x カルシウム
x カルチャー
x カルテット
x カレンダー
? カワヤナギ
x カンガルー
? カンコドリ
? カンタンシ
? カンタータ
? カンツバキ
x カントリー
? カンナヅキ
x カンパニー
? カンピョウ
? カーデッキ
? カードマン
x カーニバル
? カーバイド
x カーペット
x カーリング
x ガイダンス
? ガイチョウ
? ガジュマル
? ガスコンロ
? ガスタンク
? ガスマスク
? ガスレンジ
? ガルバンゾ
? ガンリョウ
? ガードマン
x ガーネット
x ガーリック
? キカンシャ
? キスマーク
? キスリング
? キタキツネ
? キックオフ
? キツネツキ
x キャスター
? キャタピラ
x キャッシュ
? キャディー
x キャニオン
? キャバレー
x キャピタル
x キャプテン
? キャラバン
? キャラボク
? キャラメル
x キャリアー
? キャリパス
x キャンディ
? キャンドル
x キャンバス
? キャンパス
? キャンパー
? キュウコン
? キュラソー
x キュリウム
? キュロット
? キューピー
? キューポラ
? キョウテイ
? キョウニン
? キョウボク
? キリギリス
? キリシタン
? キンキュウ
? キンセンカ
? キンタロウ
? キンチャク
? キンポウゲ
? キーストン
? キータッチ
x キーノート
x キーボード
x キーワード
x ギタリスト
? ギニョール
x ギブアップ
? ギャバジン
x ギャラリー
? ギャルソン
x ギャロップ
x ギャンブル
? ギュウニク
? ギョリュウ
? ギンギツネ
? クエンサン
? クエーカー
x クェーサー
x クォーター
? クサヒバリ
? クサリガマ
x クッキング
? クッション
? クツワムシ
? クビッタケ
? クマンバチ
x クライシス
x クラシカル
x クラシック
x クラッカー
x クラッシュ
? クラブサン
? クラリオン
? クリケット
x クリスタル
? クリスマス
? クリトリス
x クリニック
x クリプトン
x クリーナー
? クリーマー
? クルマイス
? クルマエビ
? クルマダイ
? クルーザー
x クレジット
? クレゾール
? クレンザー
? クレーター
? クロスバー
? クロッカス
? クロッキー
? クロッケー
x クロニクル
? クロマグロ
? クロミック
? クローカス
x クローズド
? クローバー
? クンシジン
? クンシラン
x クーデター
? クーニャン
x グライダー
x グラウンド
? グランプリ
? グリセリン
x グルタミン
x グロサリー
? グロッキー
? グロッシュ
? グンジョウ
? ケイジバン
? ケイムショ
? ケチャップ
? ケッショウ
? ケラツツキ
? ケンギュウ
? ケンショウ
? ケンダール
? ケーシング
? ゲイジュツ
? ゲイボーイ
? ゲシュタポ
? ゲンゴロウ
? ゲンチュウ
? ゲンリュウ
? ゲンリョウ
? コアメモリ
? コウキョウ
? コウギョク
? コウクウキ
? コウコガク
? コウサテン
? コウシュウ
? コウジョウ
? コウチセイ
? コウチュウ
? コウチョウ
? コウネンキ
? コウノトリ
? コウヤマキ
? コウリャン
? コガネムシ
? コクテール
x ココナッツ
? ココロイキ
? ココロモチ
? コゴメバナ
? コジュケイ
x コセカント
? コッペパン
x コニャック
? コノハズク
? コバンザメ
? コマネズミ
? コミュニケ
? コメディー
? コランダム
? コルセット
? コルネット
? コルホーズ
x コルーチン
x コレクター
x コロシアム
? コロタイプ
? コンクール
? コンコース
? コンサイス
? コンサルト
? コンサート
? コンジョウ
? コンセット
x コンセプト
? コンセント
x コンソール
x コンタクト
? コンチュウ
x コンテスト
? コンテナー
x コンテンツ
? コンデンサ
? コンドーム
? コンニャク
? コンバイン
x コンバート
? コンバータ
? コンパイラ
x コンパイル
x コンパクト
? コンビーフ
? コンフリー
? コンベヤー
? コンポート
x コースター
? コーチゾン
? コーチャー
? コーテッド
? コードバン
? コードレス
? コーポラス
? コーリング
? コールテン
? ゴクツブシ
? ゴムボート
? ゴヨウマツ
x ゴルファー
? ゴーサイン
x ゴールデン
x サイエンス
x サイクロン
x サイドカー
? サイネリア
? サイフォン
x サイプレス
x サイボーグ
x サイレント
? サイレージ
? サインペン
x サウザンド
? サウスポー
? サガシモノ
? サキソホン
x サクション
? サクライロ
? サクラエビ
? サクラガイ
? サクラソウ
? サクランボ
? ササニシキ
? サスペンス
? サッカリン
? サツマイモ
? サティアン
? サテライト
? サディズム
? サトウキビ
x サドンデス
? サナダムシ
? サネカズラ
x サバイブ
x サバイバル
x サピエンス
x サファイア
? サブウエー
? サブゴール
x サブマリン
x サポート
x サポーター
? サマリウム
x サムシング
? サモワール
x サラウンド
? サルオガセ
? サルスベリ
x サルベージ
? サレコウベ
x サンキュー
? サンキライ
? サングラス
? サンゴジュ
? サンショウ
x サンチーム
? サントウナ
? サントニン
? サンドーム
? サンマーク
? サンルーム
x サーキット
x サーディン
? サーロイン
? ザクースカ
x ザ・ベスト
x シェパード
? シェラック
x シェルター
? シェーカー
x シェーバー
x シガレット
? シキチョウ
? シクラメン
? シジミバナ
? システムズ
? シズミウオ
x シソーラス
? シタビラメ
? シチヘンゲ
? シツチョウ
? シツリョウ
? シニアプロ
? シネサイン
? シネラリア
? シノブグサ
? シノプシス
? シビリアン
? シフトイン
? シモバシラ
? シャカムニ
? シャクシナ
? シャクソン
? シャクナゲ
? シャクハチ
? シャクヤク
? シャコンヌ
? シャチホコ
? シャチョウ
? シャックリ
x シャッター
? シャボテン
? シャミセン
? シャリョウ
? シャンソン
? シャンタン
? シャンツェ
? シャンパン
? シャンペン
? シュウエキ
? シュウエン
? シュウカイ
? シュウカク
? シュウカン
? シュウコウ
? シュウゴウ
? シュウサク
? シュウシン
? シュウジツ
? シュウジン
? シュウセイ
? シュウゼン
? シュウタン
? シュウダン
? シュウネン
? シュウノウ
? シュウブン
? シュウヘイ
? シュウヘン
? シュウホウ
? シュウマイ
? シュウマツ
? シュウミン
? シュウメイ
? シュウラク
? シュウレイ
? シュクシャ
? シュクジツ
? シュクトク
? シュクメイ
? シュッシン
? シュッテン
? シュブング
x シュプール
? シュミーズ
? シュリケン
? シュンエイ
? シュンカン
? シュンギク
? シュンサイ
? シュンブン
? シュンライ
? シュンラン
? シューマイ
? ショウイン
? ショウエイ
? ショウエン
? ショウカキ
? ショウガイ
? ショウガク
? ショウガツ
? ショウキン
? ショウグン
? ショウゲキ
? ショウゲン
? ショウゴウ
? ショウサイ
? ショウサン
? ショウシャ
? ショウショ
? ショウジキ
? ショウスウ
? ショウセイ
? ショウセツ
? ショウセン
? ショウゾウ
? ショウタイ
? ショウダイ
? ショウテン
? ショウトク
? ショウナイ
? ショウナン
? ショウニカ
? ショウネン
? ショウノウ
? ショウヒン
? ショウホウ
? ショウホン
? ショウボウ
? ショウマン
? ショウメイ
? ショウメン
? ショウロウ
? ショキュウ
? ショクイン
? ショクサン
? ショクシュ
? ショクタク
? ショクドウ
? ショクニク
? ショクニン
? ショクバイ
? ショクパン
? ショクヒン
? ショクブツ
? ショクブン
? ショクモツ
? ショザイチ
? ショチョウ
? ショッツル
? ショヒョウ
x ショルダー
? ショーマン
? シラカンバ
? シランプリ
? シリコーン
x シリンダー
x シルエット
? シルケット
? シルリング
? シロネズミ
? シンキョウ
x シングルス
? シンシュウ
? シンシュン
? シンショウ
? シンジョウ
? シンセイジ
? シンチャク
? シンチュウ
? シンデンズ
? シンニホン
? シンニュウ
? シンブンシ
? シンホニー
? シンリュウ
? シンリョウ
? シンリョク
x シーケンス
x シーサイド
x シーフード
x シームレス
? シーリング
x ジェラシー
? ジカンワリ
? ジギタリス
? ジテンシャ
? ジドウシャ
? ジネンジョ
? ジフィリス
? ジフテリア
? ジベレリン
? ジムカーナ
? ジャカード
? ジャガイモ
? ジャケット
x ジャスミン
? ジャズマン
? ジャズメン
? ジャッカン
? ジャノヒゲ
x ジャングル
? ジャンケン
? ジャンパー
? ジャージー
x ジャーナル
? ジュウイチ
? ジュウオウ
? ジュウキョ
? ジュウケイ
? ジュウコウ
? ジュウショ
? ジュウジカ
? ジュウソウ
? ジュウタイ
? ジュウタク
? ジュウドウ
? ジュウネン
? ジュウミン
? ジュウヤク
x ジュエリー
? ジュキュウ
? ジュズダマ
x ジュピター
? ジュミョウ
? ジュンカン
? ジュンサイ
? ジュンジョ
? ジュンソク
? ジュンゾウ
? ジュンバン
? ジュンメン
x ジューサー
x ジョイフル
x ジョイント
? ジョウカン
? ジョウケン
? ジョウゲン
? ジョウコウ
? ジョウサイ
? ジョウシキ
? ジョウシャ
? ジョウジュ
? ジョウスイ
? ジョウセイ
? ジョウソウ
? ジョウダン
? ジョウテン
? ジョウトウ
? ジョウナイ
? ジョウニン
? ジョウネツ
? ジョウバン
? ジョウホウ
? ジョウモン
? ジョウヤク
? ジョウレイ
x ジョギング
? ジョシダイ
x ジョッキー
? ジョンブル
x ジョーカー
? ジングウジ
x ジンジャー
? ジンテーゼ
? スイカズラ
? スイギュウ
? スイジョウ
? スイッチョ
x スイミング
? スイリュウ
? スウリョウ
x スカッシュ
? スカラップ
? スキッパー
? スキャット
? スキャッブ
x スキャナー
? スキーヤー
x スクラップ
x スクリプト
x スクリュー
x スクリーン
? スクーター
? スクーナー
? スケルツォ
x スケルトン
? スコアラー
? スコーレム
? スズメバチ
x スタジアム
? スタンガン
x スタンバイ
? スターター
? スチロール
? ステアリン
x スティック
? ステッカー
? ステロイド
? ステロール
? ステンシル
x ステンレス
? ステークス
x ステータス
? ストアード
? ストッパー
x ストライク
x ストライプ
x ストリップ
x ストリング
x ストリート
x ストリーム
x ストレッチ
x ストレージ
x ストローク
? ストローブ
x ストーリー
? スナイドル
? スニーカー
? スネカジリ
? スノビズム
? スノーケル
? スパイカー
? スパイラル
? スパゲティ
x スピリット
? スピンドル
x スピーカー
x スプライン
x スプリング
x スプリント
? スベリヒユ
? スベリング
? スペクトル
x スペシャル
x スペリング
x スポンサー
? スミレイロ
x スライダー
? スラッガー
? スラックス
x スラッシュ
? スラローム
? スリーマー
? スルメイカ
x スロットル
? スローガン
x スローモー
? スーベニア
? ズイショウ
? ズッキーニ
? セイオウボ
? セイカガク
? セイキュウ
? セイキョウ
? セイシュン
? セイショウ
? セイショク
? セイジュン
? セイジョウ
? セイリガク
? セイリュウ
? セキショウ
x セクション
x セグメント
x セッション
? セニョーラ
? セニョール
? セパレーツ
x セパレート
x セブンティ
? セミクジラ
x セミコロン
? セミタイト
? セメダイン
? セメンシナ
? セラミック
x セルロイド
x セルロース
? セルローズ
? セレナーデ
? セレナード
x セレニウム
x セレモニー
? セロテープ
? センキュウ
? センキョウ
? センキョク
? センショク
? センタクキ
? センチュウ
? センチョウ
x センテンス
x セントラル
? センニュウ
? センリャク
? センリョウ
? ゼスチャー
? ゼスチュア
? ゼミナール
x ゼラニウム
? ゼロックス
? ゼンシュウ
? ゼンショウ
? ゼンチョウ
? ゼンニホン
? ゼンリョク
? ソウギョウ
? ソウシジュ
? ソウショウ
? ソウショク
? ソウジュツ
? ソウチョウ
? ソクタイプ
? ソノシート
? ソバージュ
? ソフィスト
? ソフホーズ
? ソラモヨウ
? ソリブジン
? ソンショウ
? ソンチョウ
? ソンブレロ
x ソーセージ
? ソープレス
? ゾウリムシ
? タイキュウ
? タイキョウ
? タイキョク
? タイコバン
? タイコモチ
? タイシャク
? タイシュウ
? タイショウ
? タイジュウ
? タイチョウ
? タイバーツ
? タイピスト
x タイミング
x タイラント
? タイリョウ
? タイリョク
? タガヤサン
x タキシード
? タグボート
? タッグマッチ
? タケトンボ
? タケニグサ
? タスキング
? タチアオイ
? タニワタリ
? タネガシマ
? タネンソウ
x タブレット
? タブロイド
? タモクテキ
? タラバガニ
? タランテラ
? タワリシチ
? タンキュウ
? タンチョウ
? タンバリン
x タンブラー
? タンブリン
? タンブール
x ターゲット
? ターニング
x ターミナル
x ターレット
? ダイアジン
x ダイアリー
x ダイオード
? ダイカスト
? ダイキュウ
? ダイキョウ
? ダイショウ
? ダイジョウ
? ダイチョウ
? ダイドコロ
? ダイナゴン
x ダイニング
? ダイヒョウ
? ダイフウシ
? ダイミョウ
? ダイモンジ
? ダウンヒル
? ダダイスト
? ダダイズム
x ダブリュー
? ダムサイト
? ダライラマ
? ダンシャク
? ダンジョウ
? ダンチョウ
? ダンディー
? ダンプカー
? ダンボール
? チアノーゼ
x チェアマン
x チェッカー
? チェリスト
? チェレスタ
x チェンバロ
? チカラワザ
? チゴイネル
x チタニウム
? チドメグサ
? チドリアシ
? チドリガケ
x チャイルド
? チャクメロ
? チャコール
? チャッカー
? チャドレス
? チャプスイ
? チャリティ
? チャルメラ
x チャンネル
? チャーハン
? チュウオウ
? チュウカイ
? チュウカク
? チュウカン
? チュウガク
? チュウケイ
? チュウケン
? チュウゲン
? チュウコウ
? チュウシン
? チュウセイ
? チュウダン
? チュウニチ
? チュウネン
? チュウモン
? チュニック
? チュンタオ
x チューナー
? チョウエイ
? チョウカイ
? チョウカク
? チョウコウ
? チョウサン
? チョウザメ
? チョウシャ
? チョウセイ
? チョウソン
? チョウタツ
? チョウチョ
? チョウテイ
? チョウナイ
? チョウハン
? チョウミン
? チョウメン
? チョウリツ
? チョウルイ
? チョコザイ
? チョッカン
? チョンガー
x チルドレン
? チンパニー
? ツキアカリ
? ツキミソウ
? ツクネイモ
? ツツガムシ
? ツヅラフジ
? ツバクラメ
? ツボスミレ
? ツルレイシ
? ツングース
? ツーピース
? ツーリスト
? テアーター
? ティケット
? ティシュー
? ティッシュ
? ティラミス
? ティンパニ
? テイタラク
? テクスチャ
? テクニクス
x テクニック
? テコンドー
? テディベア
? テマリバナ
? テラコッタ
? テルビウム
? テルミット
? テレカード
x テレタイプ
? テレックス
x テレパシー
x テレフォン
? テレマーク
? テレメトリ
? テレメータ
? テロリスト
? テロリズム
? テンガロー
x テンション
? テンジョウ
x テンポラリ
? テーピング
? ディオラマ
? ディジタル
x ディジット
? ディセクタ
x ディッシュ
x ディテール
? ディナール
x ダイレクト
? ディレクタ
? ディーゼル
? ディーラー
? デイ・ケア
? デカダンス
? デキゴコロ
? デコーダー
x デザイナー
x デスマスク
x デフォルト
? デフォルメ
x デポジット
? デマウント
? デマゴギー
? デマゴーグ
? デメリット
? デュエット
? デリカシー
x デリバリー
? デリミッタ
? デーゲーム
? データバス
x トイレット
x トゥエルブ
? トウガラシ
? トウチョウ
? トクショク
? トコロテン
? トショカン
x トッカータ
? トッテオキ
? トップタイ
? トップレス
? トビノウオ
? トピックス
x トポロジー
x トライアル
? トラクター
? トラコーマ
? トラツグミ
? トラヒック
? トラピスト
x トラベラー
? トラホーム
? トランクス
? トリカブト
? トリコット
x トリミング
x トリリオン
x トレラント
? トレーサー
x トレーダー
x トレーナー
x トレーラー
x トロピカル
x トロフィー
? トロロイモ
x トースター
? トーダンス
? ドクトリン
? ドブネズミ
x ドライバー
? ドライヤー
? ドルフィン
? ドレッサー
? ドレミファ
? ドロヤナギ
? ドンファン
? ドーピング
? ナイキスト
x ナインティ
? ナガオドリ
x ナショナル
x ナチュラル
x ナッシング
? ナツミカン
? ナツメヤシ
x ナトリウム
? ナナカマド
? ナニワブシ
x ナノレベル
? ナフタリン
? ナフトール
? ナマケモノ
? ナレーター
? ナンプラー
? ニイチャン
? ニカメイガ
? ニギミタマ
? ニシキゴイ
? ニシキヘビ
? ニストレム
? ニッパヤシ
? ニヒリスト
? ニヒリズム
? ニホンザル
? ニマイガイ
? ニュアンス
? ニュウコウ
x ニュートン
x ニューロン
? ニワタタキ
? ニンギョウ
? ニンショウ
? ヌートリア
? ネエチャン
? ネキリムシ
? ネグリジェ
? ネコカブリ
? ネコヤナギ
? ネックレス
? ネフローゼ
? ネマチック
? ネマトーダ
? ネムリグサ
? ノイローゼ
? ノキシノブ
x ノクターン
? ノッキング
? ノドボトケ
? ノンセンス
? ノンバンク
? ノーカット
? ノーギャラ
? ノーゲーム
? ノーサイド
? ノーシード
? ノータッチ
? ノーヒット
? ノーボギー
? ノーロード
? ハイアライ
x ハイウェイ
? ハイウエー
? ハイエンド
? ハイキング
? ハイクラス
? ハイネック
? ハイパント
? ハイヒール
? ハイファイ
? ハイフォン
? ハイペース
? ハイボール
x ハイライト
? ハウジング
? ハエジゴク
? ハオウジュ
? ハクチョウ
? ハゲイトウ
? ハゲチョロ
? ハコヤナギ
? ハシッシュ
? ハゼウルシ
? ハダカムギ
? ハダカムシ
? ハッカセイ
? ハッカノウ
? ハッショウ
? ハッシング
? ハナガツオ
? ハナススキ
? ハナズオウ
? ハナタラシ
? ハナバサミ
? ハナミズキ
? ハナヤサイ
? ハニムーン
x バニッシュ
? ハネジュウ
x ハネムーン
? ハハコグサ
x ハフニウム
? ハプニング
? ハマオモト
? ハマダラカ
? ハミガキコ
? ハムスター
x ハリケーン
? ハリネズミ
x ハロウィン
? ハワイアン
? ハンショウ
? ハンチング
x ハンバーグ
? ハンプウシ
? ハンミョウ
? ハンモック
? ハートレイ
? ハーモニカ
x ハーモニー
x バイオリン
x バイキング
? バイポーラ
? バイメタル
? バインダー
? バカボンド
? バガボンド
? バクテリア
? バスケット
? バスローブ
x バタフライ
? バチェラー
? バックラム
x バッテリー
? バッテーラ
? バティック
? バナジウム
? バプテスマ
? バラライカ
? バリケード
? バルコニー
? バレイショ
? バレリーナ
? バロメータ
? バンガロー
? バンキング
? バンショウ
? バンジョー
? バンパイア
x ヴァンパイア
? バーコード
x バージョン
x バースデー
x バーチャル
x バーディー
? バーレスク
x パイオニア
x パイロット
x パスポート
? パスワーク
x パスワード
? パソドブル
? パチンカー
? パッキング
x パッケージ
x パッション
? パッチベイ
? パトローネ
? パネリスト
? パビリオン
? パラグラフ
x パラジウム
x パラダイス
? パラチオン
? パラチフス
x パラノイア
? パラフィン
x パラメータ
? パリジャン
x パリティー
x パルチザン
? パルテノン
? パロディー
? パンケーキ
? パンタロン
? パンチャー
? パンティー
? パーキング
? パーセバル
x パーセント
x パーソナル
x パーティー
x パートナー
? パーマロイ
x ヒアリング
? ヒカリゴケ
? ヒガンバナ
? ヒキガエル
? ヒクイドリ
? ヒサシブリ
? ヒシンケイ
? ヒスタミン
? ヒステリー
x ヒストリー
? ヒツジグサ
? ヒツジサル
? ヒトゴロシ
? ヒトトナリ
? ヒメコマツ
? ヒヤシンス
? ヒヤリング
x ヒューマン
? ヒョウタン
? ヒラタグモ
x ヒロイズム
? ヒロイモノ
? ビアホール
x ビクトリー
x ビショップ
x ビスケット
? ビスコース
x ビッグバン
? ビャクダン
? ビヤホール
? ビュッフェ
? ビューアー
? ビューカム
? ビューロー
? ビリヤード
? ビンザサラ
? ビンビール
? ピアストル
? ピアニシモ
x ピアニスト
? ピクニック
x ピタゴラス
x ピチカート
? ピックルス
x ピッチャー
? ピューレー
x ピラミッド
? ピレトリン
? ピンアップ
? ピンセット
? ピンボード
? ピーエイチ
? ピーナッツ
? ファイアー
x ファイター
x ファイナル
x ファイバー
x ファクター
x ファクトリー
x ファゴット
? ファシスト
? ファシズム
? ファスナー
? ファッショ
? ファミコン
x ファミリー
x ファンシー
x ファースト
? フィアンセ
? フィエスタ
x フィギュア
x フィジカル
? フィックス
x フィナーレ
x フィフティ
? フィヨルド
? フィラリア
x フィルター
? フィルダー
x フィンガー
x フィーバー
x フィールド
? フウシンシ
? フウチョウ
x フェアリー
x フェイント
? フェノール
? フェライト
? フェロモン
? フェンダー
? フォアグラ
x フォワード
x フォーカス
x フォーティ
x フォーラム
x フォールト
? フカミグサ
? フカミドリ
? フキノトウ
? フジバカマ
? フダンソウ
? フツカヨイ
? フヨウホウ
? フライデー
? フライパン
? フラダンス
x フラッシュ
? フラッパー
? フラミンゴ
? フラメンコ
? フランネル
? フリカッセ
? フリスビー
? フリッター
? フリーザー
? フリージア
? フリーター
? フルゲート
? フルコース
? フルサイズ
? フルセット
? フルタイム
? フルネーム
? フルハウス
? フルバック
? フルベース
x フルムーン
? フルモデル
? フレックス
x フレーバー
? フロッピー
? フロンガス
? フンボルト
? ブイヤベス
? ブシュカン
? ブタノール
? ブッシェル
? ブティック
? ブライダル
? ブラインド
? ブラウザー
? ブラケット
? ブラジャー
? ブラッシュ
? ブランデー
x ブリザード
? ブルジョア
? ブルドック
? ブルドッグ
? ブルネット
? ブロイラー
? ブロッター
? ブロマイド
? ブローカー
? ブローニー
? ブンチョウ
? ブーイング
x ブースター
x ブーメラン
x プディング
? プトマイン
? プライヤー
? プラカード
? プラタナス
? プラモデル
? プランナー
x プリンセス
x プリンター
? プルートー
x プレイヤー
x プレゼンス
? プレックス
? プレツェル
x プレビュー
x プレミアム
? プレーオフ
? プレーヤー
? プログラマ
x プログラム
? プロセッサ
? プロセント
x プロダクト
x プロテイン
? プロテスト
? プロテニス
x プロトコル
? プロフィル
x プロブレム
x プロローグ
? ヘアサロン
? ヘアヌード
? ヘイケガニ
? ヘゲモニー
? ヘッドホン
? ヘディング
? ヘビイチゴ
? ヘリポート
? ヘルスケア
? ヘルメット
? ヘレニズム
? ヘンシュウ
? ヘンルーダ
? ベアリング
? ベジタブル
? ベストテン
? ベニスズメ
? ベビーカー
x ベリファイ
x ベリリウム
x ベルベット
? ベルモット
? ベロナール
? ベンゾール
? ベンチャー
? ベンベルグ
x ベーカリー
? ベーシスト
? ペシミスト
? ペシミズム
? ペチコート
? ペッサリー
? ペナルティ
? ペニシリン
? ペルーソル
? ペンクラブ
? ペンクラプ
? ペンション
? ペンタッチ
x ペンダント
? ペンネーム
? ペンライト
? ページング
? ホイッスル
? ホウキグサ
? ホウジョウ
? ホウセンカ
? ホオブクロ
? ホタテガイ
? ホタルイカ
? ホタルグサ
? ホッキガイ
? ホッチキス
? ホテイソウ
? ホトケノザ
? ホトトギス
? ホリゾント
? ホリドール
? ホルマリン
? ホルマント
? ホルミウム
? ホログラム
? ホンダワラ
? ホーミング
? ホームイン
? ホームラン
? ホームレス
? ボウリング
x ボクシング
? ボタンバケ
? ボタンユキ
? ボダイジュ
? ボディビル
? ボブスレー
? ボヘミアン
x ボリューム
? ボルテージ
? ボンサンス
? ボンネット
? ボールバン
? ボールペン
x ポインター
? ポシェット
? ポジショナ
x ポジション
? ポタージュ
x ポピュラー
? ポラロイド
? ポリッシュ
? ポリバケツ
? ポロシャツ
x ポロニウム
? ポロネーズ
? ポンツーン
? ポンピング
x ポータブル
? ポーリング
? マイシリン
? マイペース
? マイホーム
x マウンテン
x マキシマム
? マクシマム
? マクワウリ
? マグネシア
x マグネット
? マシェット
? マシュマロ
? マジョリカ
? マスカット
? マスキング
? マスゲーム
? マスコット
? マスタード
? マストドン
? マゾヒズム
? マチエール
? マッサージ
? マットレス
? マツバギク
? マツバヤシ
? マツリゴト
? マドリガル
? マナガツオ
? マニキュア
x マニュアル
? マニラアサ
? マネジャー
? マネージャ
? マネービル
? マホガニー
? ママポリス
? ママレード
? マヨネーズ
? マリファナ
? マルキスト
x マルチプル
? マルチョイ
? マルチーズ
? マンション
? マントヒヒ
? マンドゥー
? マンドリン
? マンホール
? マンリョウ
? マーガリン
? マーキュロ
? マーケット
? マージャン
? マーナハン
? ミエッパリ
? ミカンイロ
x ミキシング
x ミステリー
? ミステーク
? ミストラル
? ミズスマシ
? ミソサザイ
? ミチオシエ
? ミチシルベ
x ミッション
x ミッシング
? ミニゲーム
? ミニサイズ
? ミニチュア
? ミヌエット
? ミヤコドリ
x ミリタリー
? ミリバール
? ミレニアム
? ミーリング
? ムグラモチ
? ムシガレイ
? ムシメガネ
? ムッシュー
? ムツゴロウ
? ムネキュン
? メイチュウ
x メカニカル
? メカニズム
x メカニック
? メガネヘビ
? メガワット
? メキャベツ
? メジマグロ
? メゾネット
? メタデータ
x メタノール
? メタンガス
? メダリスト
? メチオニン
x メッセージ
? メッチェン
x メディカル
x メヌエット
x メモリアル
? メモワール
x メロディー
? メロドラマ
? メントール
? モウシコミ
? モウリョウ
x モジュール
? モダニズム
? モダリティ
? モデラート
? モデリング
? モデルガン
? モトクロス
? モノグラフ
? モノグラム
? モノタイプ
? モノトーン
? モノマニア
? モノレール
x モノローグ
? モラリスト
x モリブデン
? モルモット
x モンスター
? モンスーン
? モーゲージ
x モーション
x モーニング
x モーメント
? ヤエザクラ
? ヤエムグラ
? ヤジロベエ
? ヤセガマン
? ヤツガシラ
? ヤブガラシ
? ヤブコウジ
? ヤブジラミ
? ヤマアラシ
? ヤマカガシ
? ヤマザクラ
? ヤマトイモ
? ヤマノイモ
? ヤマブドウ
? ヤマボウシ
? ヤングマン
? ユキオンナ
? ユキダルマ
? ユキノシタ
? ユキヤナギ
? ユスラウメ
x ユニバース
? ユニパック
? ユニファイ
? ユニホーム
? ユリカモメ
? ユーザンス
? ユーザーズ
x ユートピア
? ユーフォー
? ヨシノボリ
? ヨッパライ
? ヨトウムシ
? ヨブコドリ
? ヨーグルト
x ライセンス
? ライチョウ
? ライトバン
? ライトペン
? ライニング
x ライブラリ
? ライラック
? ラオチュウ
? ラオチュー
? ラズベリー
? ラッカセイ
? ラッキョウ
? ラテックス
x ラビリンス
? ラブコール
? ラブシーン
? ラブソング
? ラブホテル
? ラブレター
? ラプソディ
? ラベリング
x ラベンダー
? ラムウール
? ラルゲット
? ランキング
? ランゲージ
? ランチュウ
? ランチョウ
? ランチョン
? ランデブー
? ランドセル
? ランドリー
? ランニング
? ラージヒル
? リアリスト
? リアリズム
x リアリティ
x リカーシブ
x リキュール
? リケッチア
? リゴリズム
? リサイタル
x リスタート
? リスニング
? リトグラフ
? リノリウム
? リハーサル
? リバウンド
? リバノール
? リフレイン
? リポーター
? リュウガン
? リュウキン
? リューマチ
? リョウイキ
? リョウカン
? リョウキン
? リョウコウ
? リョウサン
? リョウシン
? リョウセイ
? リョウヨウ
? リョクソウ
? リョーマチ
? リリシズム
x リワインド
x リンケージ
? リンショウ
? リンシルイ
x リージョン
? リーゼント
? ルテチウム
? ルテニウム
x ルネサンス
? ルバーシカ
x ルビジウム
? ルリチョウ
x ルーレット
? レアリスム
x レインボー
? レオタード
? レオロジー
x レギュラー
x レクイエム
x レコーダー
? レシーバー
x レジスター
x レジデンス
x レスキュー
x レストラン
? レスビアン
x レスポンス
? レスリング
? レズビアン
? レタリング
? レッツゴー
? レディース
? レトリック
? レフェリー
? レポーター
? レモネード
? レンギョウ
? レンゲソウ
? レンコダイ
? レンジャク
? レンタカー
? レントゲン
? レーウィン
? ロイマチス
? ロカビリー
x ログアウト
? ログハウス
? ロスタイム
x ロッキング
? ロビイスト
? ロマネスク
? ロングトン
? ロングパス
? ロングラン
? ロンバーグ
? ロンパース
? ローション
? ロースター
? ロータリー
? ローマンス
? ロームシャ
? ロールイン
? ワイシャツ
x ワイヤレス
x ワイヤード
? ワスレグサ
? ワタリドリ
? ワライダケ
? ワラジムシ
? ワレモコウ
? ワンカップ
? ワンセット
? ワンタッチ
x ワンダフル
? ワンテンポ
? ワンピース
? ワンルーム
x ワーキング
? ヴァイラス
x ヴァージン
? ヴィオロン
? ヴィタミン
? ヴィールス
? アイシャドー
? アイスダンス
x アイスティー
? アイスバーン
? アイソトープ
? アイバーソン
? アウタルキー
? アウトコース
? アウトバーン
x アウトプット
x アウトライン
? アオエンドウ
x アカデミズム
x アカデミック
? アカメガシワ
? アキョウボク
x アクアマリン
? アクアラング
x アクシデント
x アクセサリー
? アクチニウム
? アクチノイド
x アクチュアル
x アクロバット
? アゲハチョウ
? アコーデオン
? アサクサノリ
x アサーション
x アシスタント
? アシダカグモ
? アシナガバチ
x アスタリスク
? アストラカン
? アスパラガス
? アスファルト
? アスレチック
? アセスメント
? アソシェイツ
? アチドージス
? アップダウン
x アップデート
? アップルパイ
x アテンション
? アトランダム
x アドバイス
? アドバイザー
? アドバルーン
x アドバンスド
x アドレシング
x アドレスバス
? アドレナリン
? アナウンサー
x アナーキスト
x アナーキズム
? アノフェレス
? アバンゲール
? アフォリズム
x アフタヌーン
? アフターケア
? アプレゲール
? アペリティフ
? アペンデージ
? アメニティー
? アメリシウム
? アモルファス
? アラセイトウ
? アラビアゴム
x アルカロイド
x アルゴリズム
? アルバイター
? アルピニスト
x アルミニウム
? アルミホイル
? アレグレット
? アロハシャツ
? アンゴラヤギ
? アンサンブル
? アンジェラス
? アンソクコウ
? アンソロジー
? アンダフロー
? アンダーパー
? アンチテーゼ
x アンチモニー
? アンチョビー
? アンツーカー
x アンティーク
? アンプラグド
x アンモニウム
? アーチェリー
x アーティスト
? アームチェア
? イタイイタイ
? イタリアリラ
x イットリウム
? イデオロギー
? イニシアチブ
? イヒチオール
? イボタノムシ
? イルージョン
? イロトリドリ
? インクライン
? インクリボン
x インサイダー
x インシデント
? インシュリン
? インジケータ
x インスタンス
? インスタント
x インストール
? インタセプト
? インタプリタ
? インタリスプ
? インタリーブ
x インタレスト
? インタワーク
? インターハイ
x インターバル
? インターホン
x インダストリ
? インディアン
x インデックス
? インドルピー
? インポテンツ
? ウィントナー
? ウィークデー
x ウィークリー
? ウィービング
? ウィーリング
? ウェイトレス
? ウェディング
? ウェーデルン
? ウォルフラム
x ウォーキング
x ウォッチング
? ウッコンコウ
? ウッテガエシ
? ウッドパネル
? ウツボカズラ
? ウマオイムシ
? ウミホオズキ
? ウーステッド
? エアシュート
? エアブレーキ
? エアポケット
? エアログラム
? エアロビクス
x エンシェント
? エイジェント
x エイティーン
x エキスパート
? エクスタシー
? エクスプレス
? エコノミスト
? エシャロット
? エスオーエス
? エスカロープ
? エスノロジー
x エスプレッソ
? エスペラント
? エチモロジー
? エッジカード
? エッセイスト
? エディション
? エノコログサ
? エピゴーネン
? エフェドリン
? エミッション
x エミュレータ
x エミュレート
x エラーコード
x エラーレベル
x エレクトロン
? エレクトーン
x エレベーター
? エロチシズム
? エンシレージ
x エンティティ
x エンディング
x エントロピー
? エンドマーク
? エンドライン
x エンベロープ
x エージェント
? エーログラム
? オイランソウ
? オウショッキ
? オウンゴール
? オオクワガタ
? オオハシャギ
? オオムラサキ
? オカチメンコ
? オガタマノキ
? オキシダント
? オキャクサマ
? オシロイバナ
? オシログラフ
? オタフクマメ
? オタンコナス
? オトギリソウ
? オトコゴコロ
? オドリコソウ
? オバタリアン
? オフシーズン
? オフローダー
x オブザーバー
x オブジェクト
x オブリガード
? オプチミスト
? オプチミズム
x オペラグラス
x オペレーター
? オリエンタル
? オリンピック
? オルガスムス
x オンザフライ
? オンザロック
? オンステージ
? オンナゴコロ
? オンパレード
? オンブズマン
? オーガンジー
x オークション
x オーケストラ
? オーディット
? オーデコロン
x オートマトン
x オートミール
? オートレース
? オーバパンチ
x オーバーフロー
x オーバーヘッド
x オーバーラップ
x オーバーレイ
x オープニング
? オープンカー
? オールスター
? オールドミス
? オールナイト
? オールバック
? カイオウセイ
? カイガラボネ
? カイガラムシ
? カイニンソウ
? カウンセラー
? カジカガエル
? カスタネット
x カスタマイズ
? カセイソーダ
? カゼシリグサ
x カチューシャ
? カットグラス
? カットセット
? カップリング
? カツヨウジュ
? カナマイシン
? カニクイザル
? カフェテラス
? カフェテリア
? カフスボタン
? カマンベール
? カミキリムシ
? カヤツリグサ
? カラタチバナ
? カリイレキン
? カリカチュア
? カリキュラム
? カリフラワー
? カレーライス
? カンキツルイ
? カンタービレ
? カンツォーネ
? カーエアコン
? カーディガン
x カートリッジ
? カードデック
? カードパンチ
? カードホッパ
? カーフェリー
? ガイドブック
? ガイドライン
? ガスバーナー
? ガソリンカー
? ガチャガチャ
? ガッツポーズ
? ガドリニウム
? ガラガラヘビ
? ガラスケース
? ガンライコウ
? ガードレール
? キクイタダキ
? キャタピラー
? キャッチャー
? キャッツアイ
? キャビネット
? キャブレター
? キャプション
? キャプスタン
? キャミソール
x キャラクター
? キャンディー
? キャンピング
? キャンペーン
x キューイング
? キュービズム
x キューピッド
? キョウガノコ
? キョウリュウ
? キリトリセン
? キルティング
? キングコング
? キングサイズ
? キンモクセイ
? キーパラメタ
? キーパースン
? キーホルダー
? キーポイント
? ギュウニュウ
x クィンテット
x クエスチョン
? クェッション
x クォータリー
? クサカゲロウ
? クサカンムリ
? クジャクセキ
? クッククック
x クックブック
? クラクション
? クラシックス
? クラスメート
x クラッシャー
? クラブハウス
? クラリネット
? クランクイン
? クランベリィ
? クランベリー
? クリスチャン
x クリティカル
? クレオソート
? クレッセンド
? クレバネット
? クロスゲーム
? クロスフット
? クロスワード
? クロロフィル
? クロロホルム
? クロワッサン
? クワイアタマ
? クワガタムシ
? グビジンソウ
? グライバッハ
? グラインダー
? グラジオラス
? グラスノスチ
? グラフィクス
x グラフィック
? グリコーゲン
? グリルガード
? グリンピース
? グレイコード
? グレイジング
? グローランプ
? グーズベリー
? ケプストラム
? ケンギュウカ
? ケーブルカー
? ケープタウン
? ゲイマガカリ
? ゲシュタルト
? ゲストハウス
? ゲストルーム
? ゲッカビジン
? ゲッケイカン
? ゲッケイジュ
? ゲリマンダー
x ゲルマニウム
? ゲンジボタル
? ゲートボール
? ゲームセット
? コウコツギョ
? コウショッキ
? コウシンヅカ
? コウシンバラ
? コウシンマチ
? コウソンジュ
? コウライシバ
? コクゾウムシ
? コグニトロン
? コケットリー
? コスチューム
? コストダウン
? コスメチック
x コックピット
? コニイビイヤ
? コノハチョウ
? コハルビヨリ
x コヒーレント
x コピーライト
? コピールール
? コマーシャル
x コミッション
? コミュニスト
? コミュニズム
x コミュニティ
? コムトラック
? コメクイムシ
? コメツキムシ
? コメディアン
? コラムニスト
x コレクション
? コロラチュラ
x コンカレント
x コンクリート
? コンシューマ
? コンスターチ
? コンセンサス
? コンダクター
? コンチェルト
? コンツェルト
? コンツェルン
x コンテキスト
? コンデンサー
? コントラスト
? コントラバス
? コントラルト
? コントローリ
x コントロール
? コンバーター
? コンパニオン
? コンビナート
? コンピュート
? コンペートー
? コンミューン
? コースアウト
? コースウェア
? コーディング
? コーデュロイ
? コードセット
? コードネーム
? コーポレート
? コールカード
? コールガール
? コールサイン
? コールタール
? コールミート
? コーンチップ
? コーンビーフ
? ゴルフコース
? ゴルフリンク
? ゴロフクレン
? ゴーストップ
? サイコロジー
? サイドアウト
? サイドバック
? サイドワーク
? サイノロジー
? サウジリアル
? サキソホーン
? ササリンドウ
? サスペンダー
? サツキツツジ
? サナトリウム
? サニーレタス
x サブシステム
x サブジェクト
x サブスキーマ
x サブタイトル
? サブチャネル
? サブリミナル
? サブリーダー
x サブルーチン
? サプライヤー
? サボタージュ
x サマータイム
? サヤインゲン
? サヤエンドウ
? サラソウジュ
? サラダオイル
? サラブレッド
? サラリーマン
? サルバルサン
? サンゴショウ
? サンタマリア
? サンドイッチ
? サンボウカン
? サンボリスム
? サーチライト
x サーティーン
? サービスデー
? ザトウクジラ
? シェアリング
? シェルソート
? シェービング
x シグニチャー
? シジュウカラ
? シダレザクラ
? シダレヤナギ
x シックスティ
? シッタカブリ
? シフトアウト
? シフトパルス
? シマフクロウ
x シミュレート
? シミュレータ
? シャクシャク
? シャブシャブ
? シャレコウベ
? シャンデリア
? シャーベット
? シャーリング
? シュウキョウ
? シュウショウ
? シュウショク
? シュウニュウ
? シュウハスウ
? シュウリョウ
? シュクシュク
? シュクショウ
? シュノーケル
? シュモクザメ
? シュンジュウ
? ショウキョウ
? ショウギョウ
? ショウジョウ
? ショウチュウ
? ショウチョウ
? ショウヒョウ
? ショウリュウ
? ショクギョウ
? ショクリョウ
? ショシンシャ
? ショベルカー
? ショーケース
? ショールーム
? シルクハット
? シンカンセン
? シンクイムシ
? シンクタンク
? シンジケート
? シンジュガイ
x シンタックス
x シンドローム
? シンフォニー
? シンボリズム
? シンポジウム
? シンメトリー
? シーカヤック
? シーズンオフ
? シートベルト
? シーラカンス
? ジアスターゼ
x ジェスチャー
? ジェスチュア
? ジェットバス
? ジオプトリー
? ジステンパー
? ジヘイショウ
? ジャイアンツ
? ジャコウジカ
? ジャコウネコ
? ジャズバンド
? ジャパニーズ
? ジャポニズム
? ジャンボリー
? ジュウシマツ
? ジュウショウ
? ジュウモンジ
? ジュウリョウ
? ジュラルミン
? ジョウカソウ
? ジョウキュウ
? ジョウキョウ
? ジョウショウ
? ジョウジョウ
? ジョウチュウ
? ジョウリョク
? ジョオウバチ
? ジョガクイン
? ジョロウグモ
? ジョーゼット
x ジルコニウム
? ジンギスカン
? ジンチョウゲ
? ジンフィーズ
? スイスフラン
? スイートピー
? スエツムハナ
? スカイウエイ
? スカイメイト
? スカイライン
x スカンジウム
x スカーレット
? スキムミルク
? スキャンダル
? スキンシップ
? スキーイング
? スクランブル
? スクリプター
? スクーリング
? スクールバス
x スケジュール
? スケトウダラ
? スコアブック
? スコアボード
? スズカケノキ
? スズラントウ
? スタイリスト
? スタイリング
? スタッカート
x スタティック
? スタントマン
? スターリング
? スッカラカン
? ステアリング
? ステンカラー
x ステーション
? ステージング
? ストッキング
? ストライカー
x ストラクチャ
? ストラッセン
? ストリッパー
? ストロフルス
x ストロベリー
? スノーボード
x スパゲッティ
? スパムメール
? スパンコール
? スパーリング
? スピロヘータ
x スフィンクス
x スプラッシュ
? スプリンター
? スプーリング
? スペクタクル
? スペクトラム
? スペースラブ
? スポーツカー
? スポーツバー
? スポーツマン
x スモーキング
? スライシング
? スラッシング
? スループット
? スローカーブ
? スローペース
? スワッピング
? スワップイン
? スーツケース
? スーパバイザ
? スーパーマン
? スーブニール
? ズームレンズ
? セイサクショ
? セイサクジョ
? セイヨウナシ
? セキチクイロ
x セキュリティ
x セクレタリー
? セセッション
x セッティング
x セットアップ
? セツルメント
? セニョリータ
? セパタクロー
? セミカスタム
? セラミックス
? セレクション
? センシュケン
? センタリング
? センニチコウ
x セーフティー
? セールスマン
? ゼブラゾーン
? ゼムクリップ
? ゼントルマン
? ソウダガツオ
? ソシアリスト
? ソシアリズム
x ソフトウェア
x ソフトエラー
? ソフトコピー
? ソフトテニス
? ソフトハウス
? ソフトボール
? ソメイヨシノ
? ソロアルバム
? ソーラーカー
? ゾーンパンチ
? タイイクカン
? タイサンボク
? タイブレーク
? タイプライタ
? タイムアップ
? タオルケット
? タカマガハラ
x タコメーター
? タタミイワシ
? タップダンス
? タペストリー
? タマムシイロ
x タングステン
? タンシチュー
x タンジェント
? タンブリング
x ターミネート
x ターミネーター
? タームリスト
? ダイアローグ
? ダイオキシン
? ダイガクイン
? ダイガクセイ
? ダイシャリン
? ダイシンサイ
x ダイナマイト
? ダイナミズム
? ダイヤグラム
x ダイアモンド
? ダイ・ハード
? ダッグアウト
? ダブルスカル
? ダブルパンチ
? ダブルボギー
? ダンスホール
? ダークホース
? チアリーダー
? チェッキング
? チェーニング
? チェーンソー
? チキンライス
? チャキチャキ
? チャリティー
? チャンピオン
? チャーシュー
? チュウキュウ
? チュウゴクゴ
? チュウショウ
? チュウショク
? チュウジョウ
x チューリップ
? チョウシュウ
? チョウチョウ
? チョウツガイ
? チョウリョク
x チョコレート
? チンゲンサイ
? チンチョウゲ
? チンパンジー
? チークダンス
? チーフコーチ
? チーフメート
? チームメート
? チームワーク
? ツェツェバエ
? ツキノワグマ
? ツベルクリン
? ツマクレナイ
? ツリガネソウ
? ツーショット
x ティンパニー
? ティーセット
? ティーチイン
? ティーポット
? ティールーム
? テキスタイル
? テクスチュア
? テクニカラー
? テクニシャン
? テクネチウム
? テクノポリス
x テクノロジー
? テスウリョウ
x テストケース
? テストパタン
? テッポウムシ
? テッポウユリ
? テトラポット
? テラマイシン
x テレビジョン
? テントウムシ
x テンプレート
? テープマーク
? テーマパーク
? テールライト
? ディオニソス
x ディシジョン
? ディジタイザ
? ディスケット
x ディスパッチ
x ディスプレイ
? ディスペンサ
? ディフェクト
x ディフェンス
? ディレクター
x ディレクトリ
? ディーコック
? ディーリング
? デイサービス
? デイセンター
x デキストリン
? デキソコナイ
? デザイナーズ
? デジャ・ビュ
? デスクリプタ
? デッドヒート
? デッドボール
? デッドライン
x デッドロック
? デバッギング
? デベロッパー
? デミヌエンド
? デモクラシー
? デリバティブ
? デルマトール
? データウェイ
? データコード
? データセット
? データタイプ
? データバンク
x データベース
? データモデル
? データリンク
x トゥエンティ
? トウシングサ
? トウテンコウ
? トウモロコシ
? トップクラス
? トップコート
? トップダウン
? トップページ
? トップモデル
? トトカルチョ
? トモグラフィ
x トラッキング
? トランシット
? トランジスタ
x トランスファー
? トランペット
? トランポリン
? トリアツカイ
? トリプレット
? トリムライン
? トレアドール
? トレッキング
? トレンディー
? トレーシング
? トロツキスト
? トロリーバス
? トロロアオイ
? トロロコンブ
? トロンボーン
? トークショー
? トーシューズ
? トートロジー
? トーナメント
? ドイツマルク
x ドキュメント
? ドッジボール
? ドナーカード
? ドライアイス
? ドライブイン
? ドライミルク
? ドレッシング
? ドロンゲーム
x ドローイング
? ドンキホーテ
? ナイトクラブ
? ナガスクジラ
? ナップザック
x ナビゲーター
? ナラタージュ
? ナルシシスト
? ナルシシスム
? ナルシシズム
? ナレーション
? ナンキンムシ
? ナンバリング
? ナンバーワン
? ニイニイゼミ
? ニセアカシア
x ニックネーム
x ニューイヤー
x ニュータイプ
? ニュータウン
? ニュートラム
? ニュートロン
? ニューモデル
? ニュールック
x ヌーディスト
? ネオンサイン
? ネクタイピン
? ネコジャラシ
? ネスティング
? ネッカチーフ
? ネットプレー
x ネットワーク
? ネブライザー
x ネプチューン
? ネプツニウム
? ネームリング
? ノスタルジア
? ノスタルジー
? ノッチカード
? ノルディック
? ノンストップ
? ノントロッポ
x ノヴェンバー
? ノーコメント
? ノースリーブ
? ノートブック
? ノーネクタイ
? ノーベリウム
? ノーマルヒル
? ハイアラーキ
x ハイスクール
? ハイスピード
? ハイソックス
? ハイティーン
? ハイビジョン
? ハイビスカス
x ハイブリッド
? ハウスビール
? ハエトリグサ
? ハクトウオウ
? ハクトウワシ
? ハクモクレン
? ハタオリムシ
? ハタラキアリ
? ハタラキバチ
? ハタンキョウ
? ハチュウルイ
? ハツカネズミ
? ハナショウブ
? ハナデンシャ
? ハマボウフウ
? ハヤシライス
? ハラスメント
? ハリエンジュ
? ハルマゲドン
? ハレーション
? ハンディホン
? ハンドバック
? ハンドバッグ
? ハンドブック
? ハンドボール
x ハンドレッド
x ハンバーガー
x ハードウェア
? ハードカバー
x ハードコピー
? ハーフタイム
? ハーフメード
? バイアスロン
? バイオニクス
? バイオレット
x バイオレンス
x バイタリティ
? バイブレータ
x バケーション
? バチスカーフ
? バックアウト
? バックスキン
? バックボレー
? バックボーン
? バックミラー
? バッタバッタ
? バッティング
? バトミントン
? バドミントン
? バブルメモリ
? バラエティー
? バランシング
? バリアフリー
? バルビタール
? バレーボール
? バロメーター
? バンソウコウ
? バンドネオン
? バンバンザイ
? バークリウム
? バートレット
? バーバリズム
? バープリンタ
? バーベキュー
x パイナップル
x パイプライン
x パシフィック
? パッチエリア
? パッチコード
? パッチボード
? パッチワーク
? パラシュート
? パラショック
x パラドックス
x パラメトロン
? パラメーター
x パラライズ
? パラライザー
x パララックス
? パリジェンヌ
x パルティータ
? パルナシアン
? パワーゲーム
? パワーダウン
? パンタグラフ
? パントマイム
? パンフレット
? パートタイム
? パートダウン
x パーフェクト
x パーマネント
x ヒエラルキー
? ヒガンザクラ
? ヒゲペンギン
x ヒステリシス
x ヒストグラム
? ヒッチハイク
? ヒトリシズカ
? ヒドラジット
? ヒマラヤスギ
? ヒョウヒョウ
? ヒープソート
? ビエンナーレ
? ビジネスマン
? ビジョザクラ
? ビッグアーチ
? ビッグスリー
? ビデオカメラ
? ビデオテープ
? ビデオデッキ
? ビナンカズラ
x ビューティー
? ビューレット
? ビヨウヤナギ
x ビルディング
? ビンディング
? ビンロウジュ
? ビーチバレー
? ビーフカレー
? ビーンボール
? ピギイバック
? ピークシフト
? ファイナンス
? ファイリング
? ファインダー
? ファクシミリ
? ファシリティ
? ファッション
? ファンクラブ
x ファンタジー
x フィクション
x フィニッシュ
x フィボナッチ
? フィラメント
? フィーリング
? フェアウエー
? フェアプレー
? フェアリング
? フェイスオフ
? フェッヒャー
? フェナセチン
x フェニックス
? フェミニスト
? フェミニズム
? フェルミウム
? フェロアロイ
? フェンシング
? フォアハンド
? フォルマリン
? フォークロア
? フォートラン
? フォービスム
x フォーマット
x フォーミュラ
? フクジュソウ
? フクラスズメ
? フタリシズカ
? フットボール
? フットライト
? フットワーク
? フラクション
? フランシウム
? フルスピード
? フルマラソン
x フロンティア
? フローグラフ
? フローリング
? ブックエンド
? ブックガイド
? ブッポウソウ
? ブラスバンド
? ブランケット
? ブルドーザー
? ブルーカラー
? ブルーベリィ
? ブルーベリー
? ブルーマース
? ブレスレット
? ブロッコリー
? ブローニング
? ブールバール
? ブーンブーン
? プッシュホン
x プライバシー
? プラスチック
? プラセオジム
? プラトニウム
? プランクトン
? プリアンブル
? プリマドンナ
? プリンシプル
? プルオーバー
x プルトニウム
? プレイガイド
? プレイバック
? プレイベント
? プレシーズン
x プレジデント
? プレスコード
? プレタポルテ
? プレッシャー
? プレッツェル
? プレパラート
? プレリュード
? プレーガイド
? プレーテッド
? プレーボール
x プログラマー
? プロショップ
x プロシージャ
? プロジェクタ
x プロジェクト
x プロセッサー
x プロテクター
? プロデューサ
? プロトコール
x プロトタイプ
? プロバイダー
? プロパガンダ
? プロパンガス
x プロフィール
? プロポーザル
x プロミネンス
? プロムナード
? プロメチウム
? プロモーター
? プロレスラー
? プロレタリア
? プロンプター
? ヘアスタイル
? ヘアトニック
? ヘッディング
? ヘッドコーチ
? ヘッドライト
? ヘッピリムシ
? ヘブライズム
? ヘモグロビン
? ヘリコプター
? ヘーゲリヤン
? ベストスコア
? ベストスリー
? ベストセラー
? ベストナイン
? ベターハーフ
? ベッドタウン
? ベニショウガ
? ベビーブーム
? ベビーベッド
? ベリーセット
? ベリーマッチ
? ベルトライン
? ベンケイソウ
? ベンチマーク
? ベークライト
? ベースアップ
? ベースボール
? ペダントリー
? ペットボトル
? ペディキュア
? ペパーミント
? ペリスコープ
x ペリフェラル
? ペンディング
? ペントハウス
? ペンフレンド
? ペンペングサ
? ページェント
? ペーブメント
? ホウレンソウ
? ホスジャンプ
? ホストマシン
? ホタルブクロ
? ホットケーキ
? ホットドッグ
? ホットメタル
? ホットライン
? ホメオパシー
? ホルスタイン
? ホログラフィ
? ホロコースト
? ホンコンドル
? ホンゾウガク
? ホースアウト
? ホームシック
? ホームスパン
? ホームタウン
? ホームドラマ
? ホームページ
? ホームラバー
? ホームランド
? ホームルーム
? ボタンキョウ
? ボタンザクラ
? ボッブスレー
? ボディガード
? ボディービル
? ボトムアップ
? ボトルネック
? ボランティア
? ボルシェビキ
? ボーカリスト
? ボーキサイト
? ボートレース
? ポインセチア
? ポケットベル
? ポストコード
? ポップアップ
? ポップアート
? ポップコーン
? ポテトチップ
? ポテンシャル
? ポニーテール
? ポリアクリル
? ポリウレタン
? ポリエステル
? ポリエチレン
x ポリティカル
x ポートレート
? ポートワイン
? マイクロバス
? マイクロホン
? マグナカルタ
x マグネシウム
? マグネチック
? マスクメロン
? マスタモード
? マスターキー
x マスメディア
? マツクイムシ
? マツバボタン
? マツボックリ
x マトリックス
? マドモアゼル
x マニフェスト
? マネジメント
? マネージャー
x マリオネット
? マルキシスト
? マルキシズム
x マルチタスク
? マルチバッチ
? マルチポート
? マルチユース
? マルチレベル
? マルチワーク
? マングローブ
? マンゴスチン
? マンツーマン
? マンネリズム
? マーガレット
? マークカード
? マークシート
? マーマレード
? ミガキニシン
? ミスキャスト
? ミスチシズム
? ミスプリント
? ミズバショウ
x ミッドナイト
? ミニスカート
x ミニマックス
? ミヤイリガイ
? ミヤコワスレ
x ミュージアム
x ミュージカル
x ミュージック
? ミリタリスト
? ミリタリズム
? ミリメートル
? ミルクセーキ
? ミルクホール
? ミンククジラ
? ミンミンゼミ
? ミーティング
? ムチャクチャ
x ムーンライト
? メガロポリス
? メゾソプラノ
? メタセコイア
? メトロノーム
? メトロポリス
? メランコリー
? メルクマール
? メンシェビキ
? メンズウェア
? メンチボール
x メンテナンス
? メンデリズム
? メーンゲート
? メーンテーマ
? メーンバンク
? メーンマスト
? メーンレース
? モウセンゴケ
? モスグリーン
? モダンジャズ
? モデルケース
? モデルハウス
? モデルルーム
? モニタコール
? モニタリスト
? モニタリング
? モニュメント
x モノクローム
? モノスコープ
x モノリシック
? モミジアオイ
? モラトリアム
? モルフィック
? モンゴリズム
x モンテカルロ
? ヤグルマギク
? ヤグルマソウ
? ヤコウチュウ
? ヤツメウナギ
? ヤマトコトバ
? ヤングレディ
? ユウロピウム
? ユキワリソウ
? ユニテリアン
x ユニバーサル
? ユニフォーム
? ユータナジー
? ユートピアン
? ユーモリスト
? ユーモレスク
? ユーロピアン
? ヨイマチグサ
? ヨシノザクラ
? ヨードチンキ
? ヨードホルム
? ヨーロピアン
? ライスカレー
? ライトアップ
? ライトヘビー
? ライトミドル
? ライノタイプ
? ライフライン
? ライフワーク
? ライブハウス
? ライブラリー
? ライムライト
? ラインアウト
? ラインナップ
? ラウティング
x ラグランジュ
? ラジエーター
? ラジオゾンデ
? ラジオドラマ
? ラストシーン
? ラストヘビー
? ラップタイム
x ラディッシュ
? ラバーソール
? ラブロマンス
? ラプソディー
? ラプラシアン
x ラボラトリー
? ラムジェット
? ランジェリー
? ランタノイド
? ランチタイム
? ランプステー
x ランレングス
? リアクション
x リアリティー
x リアルタイム
? リソグラフィ
? リターンキー
? リダクション
? リッターカー
x リファレンス
? リベラリスト
? リベラリズム
? リュウチョウ
? リュウノヒゲ
? リユーザブル
? リレーション
? リレーレース
? リンガフォン
x リンクリスト
? リーグトップ
? リーディング
? リーフレット
? ルックザック
? ルネッサンス
? ルーズリーフ
x ルーティング
? ルーデサック
? ルーフィング
? レインコート
? レインジャー
x レジスタンス
? レジデュアル
? レストハウス
? レセプション
? レッドカード
? レディタスク
? レパートリー
? レフレクター
? レフレックス
? レモンティー
? レーゼドラマ
? レーンコート
? レーンジャー
? レーンハット
? ロイドメガネ
x ロイヤリティ
x ロケーション
? ロックアップ
? ロックオペラ
? ロックバンド
? ロマンチスト
? ロングシート
? ロングセラー
? ロングレンジ
? ローズマリー
? ローティーン
x ローディング
? ロードショー
? ロードレース
? ロープウェー
? ロールアウト
? ロールプレー
? ローンテニス
? ワイドショー
? ワキアイアイ
? ワスレナグサ
? ワンステップ
? ワンチャンス
? ワンパターン
? ワンポイント
? ワークブック
? ワーストワン
? ワープルート
? ヴァイオリン
? ヴァガボンド
? アイスアリーナ
? アイスクリーム
? アイススケート
? アイスホッケー
? アウトサイダー
? アオダイショウ
? アカウンテング
x アキュムレータ
? アクセスアーム
? アクセスモデル
? アクセスモニタ
x アクチュエータ
? アクロバチック
? アグリーメント
? アコーディオン
? アジドチミジン
? アソシアティブ
? アタックライン
x アタッチメント
? アダルトビデオ
? アデノビールス
x アトモスフィア
? アトラクション
x アトリビュート
? アドバンテージ
x アドベンチャー
? アナクロニズム
x アニメーション
? アバンギャルド
? アバンチュール
? アパルトヘイト
? アフォーダンス
? アフタサービス
? アフタファイブ
? アフリカーナー
x アブストラクト
? アポステリオリ
? アメリカニズム
? アルカロージス
x アルファベット
? アルペンスキー
x アレンジメント
? アンゴラウサギ
? アンダーシャツ
? アンダーハンド
? アンダーライン
? アンデパンダン
? ア・ラ・カルト
? アーキテクチャ
? アーギュメント
? イエローカード
? イオンエンジン
? イギリスポンド
? イソギンチャク
? イッカクジュウ
x イッテルビウム
x イニシャライズ
? イノベーション
? イボタロウムシ
? イミテーション
? イメージアップ
? イメージダウン
x イリュージョン
? インキスタンド
? インキュベート
? インクジェット
? インクワイアリ
? イングリッシュ
? インタチェンジ
? インタフェース
x インターネット
x インタープリタ
? インターリーブ
? インテグリティ
? インディケータ
? インデクシング
? インドホシガメ
? インフィックス
? インフルエンザ
? インプリシット
? ウィークエンド
? ウインドヤッケ
? ウエザーオール
? ウエストボール
? ウォークスルー
? ウオーターポロ
? ウスターソース
? ウスバカゲロウ
? ウマノアシガタ
? エアターミナル
? エキシビション
? エキジビション
? エキスパンダー
? エキゾチシズム
? エクスリブリス
x エクセプション
? エクゼクティブ
x エクトプラズム
? エコーチェック
? エスカレーター
? エディティング
? エピキュリアン
? エラーリカバリ
? エラーロギング
x エリミネーター
? エルゴステリン
? エンマコオロギ
? エージェンシー
? エーデルワイス
? オイルショック
? オシロスコープ
? オタマジャクシ
? オッシログラフ
? オハグロトンボ
? オプティマイザ
? オポチュニスト
? オポチュニズム
? オランウータン
? オリジナリティ
? オルガナイザー
? オレンジカード
? オーソリティー
? オーダーメード
? オーディエンス
? オーディション
? オートキャンプ
? オートジャイロ
? オーバーハンド
? オーバーホール
? オーバーローン
? オーバーワーク
? オープンセット
? オールウエーブ
? オールスターズ
? カウンセリング
? カウントアップ
? カウントダウン
? カセットテープ
? カセットメモリ
? カタクチイワシ
? カタログデータ
? カッターシャツ
? カッターナイフ
? カップラーメン
? カフェ・オ・レ
? カモフラージュ
? カリホルニウム
? カルチベーター
? カワラナデシコ
x カンファレンス
? カーテンコール
? カードスタッカ
? カーネーション
? カーブフォロア
? カーボランダム
? ガッシュウコク
? ガールスカウト
? ガールフレンド
? キノミキノママ
? キャスティング
? キャッチボール
x キャピタリズム
? キャラクトロン
? キャリーバッグ
? キャンデーバー
? キョウチクトウ
? キンダーブック
? キーパンチャー
? ギフトチェック
? ギョウギョウシ
x クィックソート
x クライマックス
? クラトフスキー
? クリエイティブ
? クリスチャニア
? クリスマスイブ
? クリノメーター
? クリームチーズ
? クリーンアップ
x クレッシェンド
? クロックパルス
x クロノメーター
? クロマトグラフ
? クロルピクリン
? クローフォード
? クロールカルキ
x グラデーション
x グラフィックス
? グリーンカード
? グリーンピース
? グリーンルーム
? グループホーム
? グループマーク
? グレコローマン
? グレートデーン
? グレーハウンド
? ケ・セラ・セラ
? ケースワーカー
? ゲゼルシャフト
? ゲンゴロウブナ
? ゲンノショウコ
? ゲームセンター
? コインロッカー
? コストプッシュ
? コスモポリタン
? コタンジェント
? コバルトブルー
? コバンイタダキ
? コピーライター
? コミッショナー
? コミットメント
? コミュニティー
? コメツキバッタ
? コメンテーター
? コレクトコール
? コレクトマニア
? コレステロール
? コロンビアペソ
? コンサルタント
? コンセプトカー
x コンソーシアム
? コンチネンタル
? コンテンション
x コンディション
? コントローラー
? コンドミニアム
x コンパクション
? コンパクトネス
? コンビニエンス
x コンピューター
? コンプレックス
? コンプレッサー
? コンベンション
? コンポジション
? コンポーネント
? コンミッション
? コンメンタール
? コンモンセンス
? コースレコード
? コーディネータ
? コーナーキック
? コーヒーポット
? コールドゲーム
? コールドパーマ
? コールドミート
? コーンスナック
? ゴクラクチョウ
? ゴールキーパー
? ゴールドプラン
? サイクロトロン
? サイザルロープ
? サイドテーブル
? サイドブレーキ
? サキソフォーン
? サジェスチョン
? サスペンション
? サトウダイコン
? サブプログラム
? サマースクール
? サルトリイバラ
? サルノコシカケ
x サンクチュアリ
? サンシキスミレ
? サンショウウオ
? サンジカリスム
? サンジカリズム
? サンスクリット
? サンタクローズ
? サンデーカップ
? サンドペーパー
? サンフォライズ
? サーベイランス
? サーペンタイン
? サーモスタット
? ザルコマイシン
? シェーカソート
? シェークハンド
? シオカラトンボ
? シチメンチョウ
? シネマスコープ
? シフトレジスタ
x シミュレーター
? シャクトリムシ
? シャドーマスク
? シャンピニオン
? シャークスキン
x シャーマニズム
? シュウカイドウ
? シュッコンソウ
? シュークリーム
x シューティング
? ショウガクセイ
? ショウガクボウ
? ショウガッコウ
? ショウキンルイ
? ショウコウグン
? ショウコウシュ
? ショウニンズウ
? ショウボウショ
? ショウロンブン
? ショクセイカツ
? ショートカット
? ショートケーキ
? ショートステイ
? ショートニング
? ショービニスム
? ショービニズム
? シラタマツバキ
? シラブルリーダ
? シリアルポール
? シリアルメモリ
? シルバーガイド
? シルバースター
? シンクロトロン
? シングルスカル
? シングルライフ
x シンセサイザー
? シンニュウセイ
? シンパサイザー
? シンボルマーク
? シークアドレス
x シーケンシャル
? シーソーゲーム
? シートフィーダ
? ジェントルマン
? ジグソーパズル
? ジストロフィー
? ジスプロシウム
? ジヒシンチョウ
? ジャガタライモ
? ジャズボーカル
? ジャックナイフ
? ジャングルジム
? ジャンケンポン
? ジャーナリスト
? ジャーナリズム
? ジュウニヒトエ
? ジュニアフライ
? ジュニアミドル
? ジョウスイドウ
? ジョキョウジュ
? ジョチュウギク
? スイッチバック
? スイートホーム
? スイートポテト
? スクエアダンス
? スケッチブック
? スケートリンク
? スタイルブック
? スタティサイザ
x スタンドアロン
? スタンドプレー
? スターシステム
? スターティング
? スタートライン
? スチュワーデス
? スチール・パン
? ステッキガール
? ステップワイズ
? ステンドグラス
x ステートメント
? ストラクチャー
? ストリキニーネ
x ストロンチウム
? ストローハット
? スネークウッド
? スノーボーダー
? スパンレーヨン
? スピードウェイ
? スピードダウン
? スピードレース
? スプリンクラー
? スプーンレース
? スペインペセタ
? スペシャリスト
? スボールクラブ
? スポットライト
? スポンジボール
? スポークスマン
? スポーツファン
? スレーブモード
? スワップアウト
? スーパースター
? スーパードライ
? セイキョウイク
? セイショウネン
? セイジンビョウ
? セキセイインコ
? セキュリティー
x セブンティーン
x セマンティック
? セミトレーラー
? セルフサービス
? セルフタイマー
? セルフ・バンド
? セレクティング
? センセーション
? センチメートル
? センボンシメジ
? セーブバリュー
? セーブポイント
? ゼネレーション
? ソシアルダンス
? ソツギョウセイ
? ソフトクリーム
? ソフトドリンク
? ソラソラシラミ
? ソークワクチン
? ソーシャリズム
? タイトルマッチ
x タイプライター
? タイムスイッチ
? タイムトンネル
? タイムリミット
? タグフィールド
? タッパーウエア
? タツノオトシゴ
? タルタルソース
? タンクローリー
? タートルネック
? ターボジェット
? ターボプロップ
? ターミナルケア
? ダイチョウキン
? ダイトウリョウ
? ダイナミックス
? ダストシュート
? ダックスフント
? ダッシュボード
? ダブルキャスト
? ダブルヘッダー
? ダーウィニズム
? ダークチェンジ
? チェックビット
? チェンジアップ
? チェーンストア
? チミモウリョウ
x チャレンジャー
? チャンピオンズ
? チュウガクセイ
? チュウガッコウ
? チュウゴクジン
? チューインガム
x チュートリアル
? チリメンジャコ
? チームリーダー
? ツクツクボウシ
? ツートンカラー
? ツーバイフォー
? ツーリングカー
? ティーショット
? ティースプーン
? テクノクラート
? テストパターン
? テルテルボウズ
? テレファックス
? テレホンカード
? テレホンクラブ
? テンジクアオイ
? テンジクネズミ
? テンダーロイン
? テンナンショウ
? テーブルエリア
? テーブルクロス
? テーブルセット
? テープスプール
? テープバッファ
? ディジスプレイ
? ディスインフレ
? ディスクパック
x ディスクリプタ
x ディスパッチャ
? ディスペンサー
? ディスポーザー
? ディダクティブ
x ディフェンダー
? ディベロッパー
? ディメンション
? ディレクトリー
x ディレッタント
x デクレッセンド
x デコレーション
? デステージング
? デバッグモード
? デフレーション
? デブロッキング
? デベロッパーズ
? デュアルバッチ
? デュプレックス
? デレゲーション
? データセレクタ
? データチェック
? データチェーン
? データチャネル
? データテレホン
? データパラメタ
? データファイル
? データブロック
? トウシミトンボ
? トウシントンボ
? トウバンジャン
? トコロテングサ
? トップニュース
? トノサマガエル
? トライアスロン
x トライアングル
? トライステート
? トラックピッチ
? トラックボール
? トランシーバー
? トランジスター
x トランスポート
x トランスレータ
? トランペッター
? トリエンナーレ
? トリケラトプス
? トリコマイシン
? トリシマリヤク
? トレンチコート
? トレーディング
? トレードマーク
? トータルダンプ
? ドウダンツツジ
? ドラッグストア
? ドラッグバント
? ドラマツルギー
? ドルトンプラン
? ドレスメーカー
? ナイトキャップ
x ナインティーン
? ナショナリスト
? ナショナリズム
? ナタマメギセル
? ナチュラリズム
? ナックルフォア
? ナノプログラム
? ナビスコカップ
? ナムアミダブツ
? ナンキンネズミ
? ニカメイチュウ
? ニッコウキスゲ
? ニホンカモシカ
? ニホンカワウソ
? ニュースソース
? ニュースレター
? ニューヒーロー
? ニュービジネス
? ニューフェイス
? ニューフェース
? ニューメディア
? ニューメリック
? ニューヨーカー
? ニワゼキショウ
? ヌーベルバーグ
? ネームバリュー
? ノウゼンカズラ
? ノンインパクト
? ノンロッキング
? ノースウエスト
? ハイソサエティ
? ハイポチャート
? ハウスキーパー
? ハットトリック
? ハッピーエンド
? ハツカダイコン
? ハフマンコード
? ハミルトンガメ
? ハミングコード
? ハンドシェーク
? ハードディスク
? ハーフマラソン
x ハープシコード
? バイオリニスト
? バイタリティー
? バイブレーター
? バイプレーヤー
? バインディング
? バウムクーヘン
? バキュームカー
x バスター
? バスターミナル
? バックアタック
? バックトラック
? バックナンバー
? バッファメモリ
? バッファリング
? バディシステム
? バビットメタル
? バランスシート
? バリエーション
? バリデーション
? バーゲンセール
? パイプオルガン
? パステルカラー
? パターンメモリ
? パチンコホール
? パトロールカー
x パフォーマンス
x パブリシティー
? パラメタリスト
? パラリンピック
? パラレルポール
x パリティビット
? パワーショベル
? パンスティック
? パーコレーター
x パーセプトロン
? パーセンテージ
x パーソナリティ
? パートタイマー
? ヒカゲノカズラ
? ヒットメーカー
? ヒポコンデリー
? ヒャクジツコウ
? ヒャクニチソウ
? ヒューマニスト
? ヒューマニズム
? ビアレストラン
? ビキニスタイル
? ビジージャンプ
? ビッグイベント
? ビッグ・バンド
? ビデオカセット
? ビデオレンタル
? ビニールカバー
? ビニールシート
? ビブリオマニア
? ビルドゥングス
? ビーチパラソル
? ビーフジャーキ
? ビーフステーキ
? ピコプログラム
? ピストンリング
? ピーティーエー
? ファイルサイズ
? ファインプレー
? ファクシミリー
? ファストエイド
? ファストフード
x ファンクション
? ファンファーレ
x ファームウェア
x フィフティーン
? フィリッピーナ
? フィロソフィー
x フェスティバル
? フェティシズム
? フェリーボート
? フェールセーフ
? フェールソフト
? フォトレジスト
? フォルティシモ
? フォローアップ
? フォントメモリ
? フォンノイマン
? フォークソング
? フォークダンス
? フォークボール
? フォークリフト
x フォーティーン
? フォームラバー
? フォールバック
? フォーヴィスム
? フラットフェア
? フランチャイズ
? フリースクール
? フリーダイヤル
? フリーライター
? フリーランサー
? フルペイアウト
? フルーツポンチ
? フレッシュマン
? フロントガラス
? フローショップ
? フローチャート
x フローティング
? ブックメーカー
? ブックレビュー
? ブラウンソース
x ブラックホール
x ブラックリスト
? ブリーフィング
? ブルジョアジー
? ブレザーコート
? ブロックサイン
? ブロードウェイ
? ブーゲンビリア
? プッシュダウン
x プライオリティ
? プライバシキー
? プライムレート
? プラグマチズム
? プラスアルファ
? プラズマパネル
? プラットホーム
? プラネタリウム
? プリコンパイラ
x プリプロセッサ
? プリンティング
? プリントスルー
x プレフィックス
? プレミアショー
? プレースキック
? プレースヒット
? プレーンソーダ
x プログラマブル
? プロジェクター
? プロセッシング
? プロダクション
? プロッティング
? プロデューサー
? プロフェッサー
? プロポジション
? プロポーション
? プロモーション
? ヘリオトロープ
? ヘルスセンター
? ベアラフレーム
? ベストショット
? ベッコウトンボ
? ベビーシッター
? ベルギーフラン
? ベンチレーター
? ベースアドレス
? ベースキャンプ
? ベータカロチン
? ペインテックス
? ペナントレース
? ペレストロイカ
? ページテーブル
? ページパターン
? ページプリンタ
? ペーパータオル
? ペーパーバック
? ペーパープラン
? ホッキョクグマ
? ホログラフィー
? ホワイトカラー
? ホークミサイル
? ホームアドレス
? ホームセンター
? ホームヘルパー
? ホールインワン
? ホールドアップ
? ホールドモード
x ボキャブラリー
? ボストンバッグ
? ボディーガード
? ボナンザグラム
? ボーイスカウト
? ボーイソプラノ
? ボーイフレンド
? ボーダーライン
? ボートピープル
? ボードビリアン
? ボールドルック
? ポイントダウン
? ポケットマネー
? ポジショニング
? ポスターカラー
? ポストアンブル
? ポップ・アート
? ポテトチップス
? ポリプロセッサ
? ポリプロピレン
? ポンポンダリア
x ポートフォリオ
x マイノリティー
? マガジンラック
? マキアベリズム
x マクロコスモス
? マクロコマンド
? マグニチュード
? マゴタロウムシ
? マジックショー
? マジックリスト
? マスクパターン
? マスストレージ
? マスタスレーブ
? マスタファイル
? マスタープラン
? マッコウクジラ
? マッシュポテト
? マッシュルーム
? マテリアリズム
? マドロスパイプ
x マニピュレータ
? マネーサプライ
? マネージメント
? マルチエミッタ
? マルチファイル
? マルチプレクサ
? マルチポイント
x マルチメディア
? マンジュシャゲ
? マントルピース
? マーケティング
? マーシャリング
x ミクロコスモス
? ミックスチーズ
? ミトコンドリア
? ミドルシュート
? ミニブルワリー
? ミヤマキリシマ
x ミュージシャン
? ミリオンセラー
? ミルキーハット
? ムギワラトンボ
? ムーンフェース
? メジシンボール
? メスシリンダー
? メタフィジック
x メッセンジャー
? メモリプレイン
? メモリレジスタ
? メンタルテスト
? メンデレビウム
x メールアドレス
x メールボックス
? メーンエベント
? メーンスタンド
? メーンテーブル
? モダンリビング
x モディファイド
? モデルノロジー
? モノグラフィー
? モンシロチョウ
? モーターバイク
? モータープール
? モーターボート
? ヤマトダマシイ
? ヤマトナデシコ
? ユーザチェーン
? ユースホステル
? ユーゼニックス
x ユーティリティ
? ヨシワラスズメ
? ヨジウムチンキ
? ライトグリーン
? ライトモチーフ
x ライフサイクル
? ライフスタイル
x ライブラリアン
? ラインアダプタ
? ラインプリンタ
? ラクヨウショウ
? ラグビーボール
? ラジオビーコン
? ラスタユニット
? ラストスパート
? ラッキーセブン
? ラッシュアワー
? ラブストーリー
? ラリーポイント
? リアーエンジン
x リエントラント
? リクライニング
? リセットモード
? リゾートウエア
? リターンコード
? リターンマッチ
? リップルキャリ
? リフレーション
? リモートバッチ
? リュウガンニク
? リュウゼツラン
? リュックサック
? リョウセイルイ
? リリーフエース
x リレーショナル
? リングカウンタ
? リーダーシップ
? ルポルタージュ
? ルートフェーズ
? ルーフガーデン
? ルーマニアルー
? レクレーション
? レシタティーブ
? レターペーパー
? レディーメード
? レトロウイルス
? レトロフィット
? レンタサイクル
? レンタルビデオ
? レーシングカー
? レーンシューズ
? ロックンロール
x ロボティクス
? ロマンスグレー
? ロマンチシスト
? ロマンチシズム
? ロングヒッター
? ローカルカラー
? ロージンバッグ
? ローテーション
? ロードポイント
? ロールスロイス
? ローレンシウム
? ワイルドピッチ
? ワインドアップ
? ワッハハマーク
? ワークキャンプ
? ワークショップ
? ワープロソフト
? ヴァラエティー
? アイスキャンデー
x アイデンティティ
x アイデンティカル
? アカウンティング
? アストリンゼント
? アセンブリセット
? アソシエーション
? アソーシアティブ
? アタッシェケース
? アタッシュケース
? アドレストラック
? アドレスレジスタ
? アナフィラキシー
? アパレルメーカー
? アフターサービス
x アプリケーション
? アベイラビリティ
? アペンディックス
? アポイントメント
x アポストロフィー
? アマチュアチーム
? アミューズメント
? アルゴリズミック
? アレイプロセッサ
? アンテナショップ
? アーティチョーク
? イエローペーパー
x イクイップメント
x インベントリー
? イタリア・リーグ
? イニシエーション
? イマジネーション
? イメージスケッチ
x イラストレーター
? イルミネーション
? インカショクブツ
x インクリメント
x デクリメント
x インクリメンタル
x エレメンタル
? インコヒーレント
? インストラクター
? インタナショナル
? インタプリティブ
? インタラクティブ
? インタリービング
? インタレーシング
? インターチェンジ
? インターフェロン
x インターフェース
? インターンシップ
x インダストリアル
? インティファーダ
? インテリゲンチア
x インテリジェンス
? インテリジェント
? インデアペーパー
? インデックシング
? イントネーション
x インフレーション
? インプレッション
? イージーオーダー
? ウィンドウサイズ
? ウイニングボール
? ウイングシャトル
x ウィークポイント
? ウォームスタート
? ウースターソース
? ウーリーナイロン
? エクアドルスクレ
? エクスプリシット
? エステティシャン
? エスペランチスト
? エチルアルコール
? エプロンステージ
x エミュレーション
x エラーメッセージ
x エレクトロニクス
? エロキューション
? エンゲージリング
x エンジニアリング
? エンタテイメント
? エンターテイナー
x エンタープライズ
? エープリルフール
? オイスターソース
? オフロードタイプ
? オペレーションズ
x オペレーティング
? オランダギルダー
? オリジナリティー
? オリジナルグッズ
? オーサランゲージ
? オーソドックシー
? オートクチュール
? オートマティズム
? オートメーション
? オーバーシューズ
? オープンショップ
? オールタナティブ
? オールマイティー
? オーレオマイシン
? オーヴァードーズ
? カイメンドウブツ
? カイロウドウケツ
? カジュアルウエア
x カタストロフィー
x アポカリプス
? カバートワラント
? カバードワラント
? カラオケボックス
? カントリークラブ
? ガソリンエンジン
? ガソリンスタンド
? ガラ・コンサート
? キックボクシング
? キャッシュカード
? キャッシュメモリ
? キャッチフレーズ
? キャラクタセット
? キャリアウーマン
? キャンプファイア
? キュウカンチョウ
? キーツーフロッピ
? ギブアンドテイク
? ギブアンドテーク
? ギリシャドラクマ
x クォーテーション
? クリスタルグラス
? クリスマスカロル
? クリスマスカード
? クリスマスツリー
? クレジットカード
? クロスカントリー
? クロスコンパイラ
? クロックトラック
? クロロマイセチン
? グレープフルーツ
? ケンケンゴウゴウ
? ケースバイケース
? ゲッカヒョウジン
? ゲマインシャフト
? ゲンセイドウブツ
? コアカリキュラム
? コマーシャリズム
? コラボレーション
? コンサルティング
? コンサートホール
x コンストレイント
? コンタクトレンズ
? コンディショナー
? コンデンスミルク
? コンパクトカメラ
? コンパートメント
? コンビネーション
? コンプリーション
? コンペティション
? コーディネーター
? コードコンバータ
? コーポレーション
? コールドクリーム
? ゴールデンタイム
x サイエンティスト
? サイコアナリシス
? サウンドスケープ
? サウンドトラック
? サウンドボックス
? サンカメイチュウ
? サンドイッチマン
? シチュエーション
x シックスティーン
? シナリオライター
? シプリペジューム
? シャープペンシル
? シュテムボーゲン
? シュプレヒコール
? シュミットカメラ
? シュラーフザック
? ショウエネルギー
? ショウジョウバエ
? ショクヨウガエル
? ショルダーバック
? ショルダーバッグ
? ショーウインドー
? ショートアイアン
? ショートトラック
? シリアルプリンタ
? シリンダーヘッド
? シンコペーション
? シームレスパイプ
x ジェネレーション
? ジャイロコンパス
? ジャイロスコープ
? ジャムセッション
? ジャンク・ボンド
? ジュウロクササゲ
? ジュニアバンタム
? ジュニアフェザー
? ジュークボックス
? ジーゼルエンジン
? スエーデンリレー
? スキンダイビング
? スクラップブック
? スケジューリング
x スタックポインタ
? ストップウォッチ
x ストラクチャード
? ストラックアウト
? ストローブパルス
x スナップショット
? スプリングコート
? スペースシャトル
? スポーツシューズ
? スポーツドリンク
? スポーツレジャー
? スラップショット
? スリークオーター
x スローモーション
? スーパールーキー
? セイコウトウテイ
? セクショナリズム
? セクショングラフ
? セッションレイヤ
? セマフォシステム
x セマンティクス
? セレクタチャネル
? センシビリティー
? セールスポイント
? ソシアルワーカー
? ソフトウェアバグ
? ソフトフォーカス
x ソリッドステート
? ソーシャルダンス
x ソープレスソープ
? タイムレコーダー
? タスクステータス
x タックスヘイブン
? ターゲットマシン
? ターミネィテング
? ターンアラウンド
? ダイレクトメール
? ダウンサイジング
? チェックポイント
? チェーンプリンタ
? チャドレステープ
? チャネルボコーダ
? チュニックコート
? チームスピリット
? ツマグロヨコバイ
? ティーパーティー
? テキストエディタ
? テキストファイル
? テクニカルコース
? テクニカルターム
? テストパイロット
? テレメトリデータ
? テロテクノロジー
? テーブルクロース
? テーブルスピーチ
? テーブルセンター
? テープレコーダー
? ディクテーション
? ディジタルデータ
? ディスクプレート
? ディスパッチング
x デクレッシェンド
? デジタルデバイド
? デスカレーション
? デノミネーション
? デュープレックス
? データコンバータ
? データタブレット
? データハイウェイ
? データモジュール
? データランゲージ
? トマトケチャップ
? トラックメーカー
? トランキライザー
? トランケーション
? トランザクション
? トランスデューサ
? トレード・マーク
? トレーニングジム
? トータルシステム
? ドキュメンタリー
? ドジョウインゲン
? ドルマンスリーブ
? ナギナタホオズキ
? ナンバープレート
? ナーシングホーム
? ニッカーボッカー
? ニトログリセリン
? ニトロセルロース
? ニトロセルローズ
? ニュウナイスズメ
? ニュースバリュー
? ネイティブモード
? ノンフィクション
? ノードプロセッサ
? ハイテクノロジー
? ハウスキーピング
? ハモンドオルガン
? ハンディキャップ
? ハーラーダービー
? バイキングシップ
? バイブレーション
? バスケットボール
? バスコントロール
? バックグラウンド
? バックスクリーン
? バックストレート
? バッターボックス
? バニティーケース
? バレンタインデー
? バンジージャンプ
? バージョンアップ
? バーチャルコール
? バーディーパット
? パイロットモデル
? パソコンユーザー
? パラボラアンテナ
? パリティチェック
? パークマンション
? パースペクティブ
? パーソナリティー
? パートナーシップ
? ヒットエンドラン
? ヒューマニティー
? ビジネスチャンス
? ビューロクラシー
? ビルメンテナンス
? ビーフジャーキー
? ファンデーション
? フィジカルレイヤ
? フィラスティーン
? フィラデルフィア
? フィランスロピー
? フィルハーモニー
? フィンガーボール
? フィールディング
? フィールドワーク
? フェアリーランド
? フェスティヴァル
? フェッチサイクル
? フォアグラウンド
? フォトコンテスト
? フォーミュラワン
? フラグシーケンス
? フリップフロップ
? フリーランニング
? フルオロウラシル
? フルファッション
? フルーツパーラー
? フレッシュガール
x ブラックボックス
? ブラックマンデー
? ブラックユーモア
? ブリリアンティン
? ブレーントラスト
? ブロードキャスト
? プライバシロック
? プラグマティクス
? プラットフォーム
? プラトニックラブ
? プリペイドカード
? プレスビテリアン
? プロトケラトプス
? プロバビリティー
? プロブレムモード
? プロレタリアート
? ヘッドポジショナ
? ヘリカルスキャン
? ベシャメルソース
? ベルトコンベヤー
? ペアウォッチング
? ペネトレーション
? ページレイアウト
? ホストファミリー
? ホルムアルデヒド
? ホワイトボックス
? ホームグラウンド
? ホームスタジアム
? ホームストレッチ
? ホールディングス
? ボイスレコーダー
? ボタニカルアート
? ボールベアリング
? ポストハーベスト
? ポストフィックス
? ポストプロセッサ
? ポテンショメータ
? ポラロイドカメラ
? ポーカーフェース
? ポールポジション
? マイクロアンペア
? マイクロウエーブ
? マイクロステップ
? マイクロフィルム
? マイクロメーター
? マウンテンバイク
? マクロプロセッサ
? マタニティドレス
? マニュスクリプト
? マルシェ・コマン
? マルチスペクトル
? マルチタスキング
? マルチプレックス
? マルチプロセッサ
? マルチ・メディア
? マレーシアリンギ
? ミス・ユニバース
? ミニコンピュータ
? ムラサキツユクサ
? ムラサキハシドイ
? メイプルシロップ
? メインプロセッサ
? メタモルフォーゼ
? メチルアルコール
? メッセージキュー
? メディアスコープ
? メディアミックス
? メビウスカウンタ
? メリーゴーランド
? メープルシロップ
? メーンストリート
? モノネガウイルス
? モーターサイクル
? モータースポーツ
? モーニングコート
? モーニングショー
? ユニオンショップ
? ユニットショップ
? ユニバーシアード
? ユニバーシティー
? ユーティリティー
? ライトアジャスト
? ラウドスピーカー
? ランゲージボード
? ランダマイジング
? ランダムアクセス
? リクリエーション
? リクルートスーツ
? リターンアドレス
? リップスティック
? リファインメント
? リフォームローン
? リプレースメント
? リミットスイッチ
? リンクプロトコル
? ルカーシェビッチ
? レクリェーション
? レクリエーション
? レコードホルダー
? レジオンドヌール
? レジャースポット
? レスポンスタイム
? レッドデリシャス
? レモンスカッシュ
? レーウィンゾンデ
? レーザーカラオケ
? レーゾンデートル
? ロシアンルーブル
? ロックコンサート
? ロマンティシズム
? ロンバードレート
? ローカルニュース
? ロータリークラブ
? ロードモジュール
? ローラースケート
? ワイルドフラワー
? ワンサイドゲーム
? ワーキングエリア
? ワーキングセット
? ワーキングランチ
? ワードプロセッサ
? ヴァリエーション
? ヴォキャブラリー
? アイデンティティー
? アインスタイニウム
? アスレチックルーム
? アソシアティビティ
? アドミニストレータ
? アドレスストリーム
? アブストラクション
? アメリカシロヒトリ
? アメリカンスクール
? アルペンシュトック
? イメージディセクタ
? イラストレーション
? イリオモテヤマネコ
? インスタレーション
? インスタンシェート
? インストラクション
? インストラクチャー
? インスピレーション
? インターナショナル
? インターバルタイマ
? インテグレーション
? インディアペーパー
? インディペンデント
? インデンテーション
? イントロダクション
? インドネシアルピア
? インパクトプリンタ
? インフォメーション
? イージーペイメント
? ウインターキャンプ
? ウインタースポーツ
? ウインドブレーカー
? ウエディングドレス
? ウォーキートーキー
? ウオーターシュート
? ウオーターフロント
? エアコンプレッサー
? エキスプレッション
? エンゼルフィッシュ
? エンターテイメント
? オウンコーディング
? オリエンテーション
? オンラインシステム
? オンライントレード
? オーストラリアドル
? オープンマーケット
? カイロプラクチック
? カートリッジテープ
? カーブジェネレータ
? キャスチングボート
? キャタストロフィー
? キャッチャーボート
? キャリア・ウーマン
? キュロットスカート
? キーワードテーブル
? クエスチョンマーク
? クリアランスセール
? クリスチャンネーム
? クロスソフトウエア
? クローズドショップ
? コツソショウショウ
? コミュニケーション
? コンサートマスター
? コンストラクション
? コンソールボックス
? コンディショニング
? コンパクトディスク
? コンピュートモード
? コーディネーション
? コーリングスタック
? ゴールデンウィーク
? ゴールデンウイーク
? サイバネティックス
? サウンド・トラック
? ザ・スクープ・オブ
? システムエンジニア
? システムプログラム
? シュールリアリズム
? ショートプログラム
? ジャイアントパンダ
? スタグフレーション
? スタティックリンク
? スタートエレメント
? ストアードロジック
? ストップエレメント
? ストレプトマイシン
? ストレージパラメタ
? ストレート・プレー
? スペキュレーション
? スポットアナウンス
? スポーツマンシップ
? スリーピングバッグ
? スワッピングメモリ
? スーパバイザモード
? スーパーインポーズ
? スーパーファミコン
? スーパーマーケット
? セクションペーパー
? セグメンテーション
? セグメントアドレス
? セグメントテーブル
? セラミックエンジン
? セルフソフトウェア
? セルフチェッキング
? センチメンタリスト
? センチメンタリズム
? ゼネラルマネジャー
? ソフトウェアモニタ
? タウンウオッチング
? タスクターミネート
? ターニングポイント
? チャリティーショー
? チャンピオンシップ
? チューリングテスト
? チューリングマシン
? チョウセンニンジン
? ツアーコンダクター
? ティッシュペーパー
? ティーチングマシン
? ティーンエイジャー
? ティーンエージャー
? テントウムシダマシ
? ディスクジョッキー
? ディスクロージャー
? ディーゼルエンジン
? データチェーニング
? データベースマシン
? データリンクレイヤ
? データリンクレベル
? トイレットペーパー
? トップダウンテスト
? トランジスタラジオ
? トランスダクション
? トランスデューサー
? トレンディードラマ
? ドライクリーニング
? ナショナルトラスト
? ナノプログラミング
? ニッポンチャレンジ
? ニュースキャスター
? ニューロサイエンス
? ノルディックスキー
? ハンガーストライキ
? ハードウェアモニタ
? バイオサナトロジー
? バイオテクノロジー
? バニシングクリーム
? バンキングシステム
? バンプルプラエーン
? バースコントロール
? バードウオッチング
? パケットプロトコル
? パターンマッチング
? パラグアイグァラニ
? パワースペクトラム
? パンアメリカニズム
? パーキングメーター
? パーフォレーション
? ヒューリスティック
? ビジネスベーシック
? ビットアドレシング
? ビデオオンデマンド
? ビートルズナンバー
? ピクチャエレメント
? ファウンデーション
? ファッションショー
? ファッションブック
? ファッションモデル
? ファンダメンタルズ
? ファーストレディー
? フィンランドマルカ
? フォックストロット
? フォトリソグラフィ
? フォルムアルデヒド
? フォーマッティング
? フォームオーバレイ
? フライトレコーダー
? フラストレーション
? フリーウィーリング
? フリーエージェント
? フリーフォーマット
? フロッピーディスク
? フンボルトペンギン
? ブラック・ユーモア
? プレゼンテーション
? プロトアクチニウム
? ヘッドホンステレオ
? ヘディングシュート
? ベクトルプロセッサ
? ベネズエラボリバル
? ベリファイチェック
? ベーキングパウダー
? ペナルティーエリア
? ホームショッピング
? ホームランバッター
? ボデートラッキング
? ボトムアップテスト
? ポップミュージック
? マイクロプログラム
? マイクロプロセッサ
? マスターベーション
? マスプロダクション
? マッシュルームヘア
? マニピュレーション
? マルチコンピュータ
? マルチステーション
? マーカンティリズム
? ミッションスクール
? ミネラルウオーター
? ミュージックビデオ
? メフィストフェレス
? メモリスワッピング
? メモリハイアラーキ
? メリーゴーラウンド
? モータリゼーション
? ユニフィケーション
? ラインバランシング
? リニアモーターカー
? リハビリテーション
? リバーベレーション
? リモートセンシング
? リンケージエディタ
? レコードコンサート
? レコードプレーヤー
? レコードレイアウト
? レセプションホール
? レディーファースト
? ロッキングチェアー
? ロッククライミング
? ローラーコースター
? ワイヤボンディング
? ワイヤードロジック
? ワンダーフォーゲル
? ワーキンググループ
? ワークシェアリング
? ワークステーション
? ワードプロセッサー
? ヴィッセンシャフト
? アイススケートリンク
? アウト・オブ・モード
? アチーブメントテスト
? アマチュアカメラマン
? アンティークショップ
? アーギュメントリスト
? インデックスレジスタ
? インフォーメーション
? ウエートトレーニング
? ウエートリフティング
? エアコンディショナー
? エステティックサロン
? エンサイクロペディア
? エンターテインメント
? オフィスコンピュータ
? オーストリアシリング
? オーディオビジュアル
? オールスターキャスト
? オールドファッション
? カタログプロシージャ
? キューイングファイル
? ギブ・アンド・テーク
? クウェートディナール
? クラトフスキーグラフ
? クレンジングクリーム
? クレートコントローラ
? グローバリゼーション
? コストパフォーマンス
? コミュッタティビティ
? コンクリートブロック
? コンディションコード
? コンパイラコンパイラ
? コンビニエンスストア
? コンピューターソフト
? コンピューターボード
? コンベンションホール
? ゴールデンデリシャス
? サービスステーション
? シャドーキャビネット
? ショックアブソーバー
? シルバーボランティア
? スキューバダイビング
? スケジュールファイル
? スタティックレジスタ
? ストラットタワーバー
? ストリートチルドレン
? スライドプロジェクタ
? スーパバイザプロセス
? スーパーコンピュータ
? セミドキュメンタリー
? ソフトウェアシステム
? タスクディスパッチャ
? チューンナップパーツ
? テレフォンバンキング
? ディスクカートリッジ
? データベースシステム
? データマルチプレクサ
? トップマネージメント
? トラッキングファイル
? トレーシングペーパー
? ドキュメンテーション
? ネイティブアメリカン
? ノンマルチプレックス
? ハイアラーキシステム
? ハードウェアシステム
? バックアップファイル
? バッテリバックアップ
? パートプログラミング
? ヒット・エンド・ラン
? ヒューリスティックス
? ビデオカセットテープ
? ファミリーレストラン
? フォールトトレラント
? フラグメンテーション
? フレキシブルディスク
? フローティングゲート
? ブックディテクティヴ
? プライベートブランド
? プラスチックキャップ
? ベクトルジェネレータ
? ペリフェラルパターン
? ホエールウオッチング
? ホストインタフェース
? ホストコンピューター
? ホットケーキミックス
? ポイントツーポイント
? ポリッシュストリング
? ポルトガルエクスード
? マイクロコンピュータ
? マネジメントサイクル
? マルチパーソナリティ
? マルチプログラミング
? マルチプロセッシング
? ミュージアムショップ
? ユーザプログラマブル
? ラウンドロビンモデル
? ラグビーフットボール
? ランダムサンプリング
? リストラクチャリング
? リフレッシュサイクル
? リモートコントロール
? リモートメンテナンス
? リンケージフォールト
? レーシングドライバー
? ロケーションファイル
? ロックミュージシャン
? ワンツーフィニッシュ
? アソシアティブレジスタ
? アドベンチャーワールド
? アドミニストレーション
? アメリカンフットボール
? インフラストラクチャー
? エクイティファイナンス
? オープニングセレモニー
? キャッシュディスペンサ
? キャラクタジェネレータ
? キャラクタディスプレイ
? クリティカルセクション
? グラフィックデザイナー
? コンピューターウイルス
? コンピューターメーカー
? シビリアンコントロール
? シンガーソングライター
? シンプル・イズ・ベスト
? シーケンストラッキング
? スタンドアロンシステム
? スナップショットダンプ
? スライディングシステム
? スライディングスケール
? スーパーコンピューター
? セットアソーシアティブ
? ターフコミュニケーター
? ターンアラウンドタイム
? チェックインカウンター
? テンプレートマッチング
? テンポラリエンティティ
? ディスインフレーション
? ノンインパクトプリンタ
? ハミングコードチェック
? ハーフデュープレックス
? バイポーラトランジスタ
? バックエンドプロセッサ
? パーソナルコンピュータ
? ファッションデザイナー
? フォーマットオーバレイ
? フラットベッドプロッタ
? フロッピディスクメモリ
? プチ・シネマ・バザール
? プッシュダウンスタック
? プロダクションシステム
? ページリプレースメント
? マイクログラフィックス
? マイクロプログラマブル
? マイクロプログラミング
? マスコットキャラクター
? マスコミュニケーション
? マスストレージシステム
? マルチプレクサチャネル
? マーシャリングショップ
? メード・イン・アメリカ
? ヤンキー・ゴー・ホーム
? ラプラシアンオペレータ
? リモートジョブエントリ
? リモートバッチシステム
? ワーキングセットサイズ
? インタリービングファクタ
? インタロゲーションマーク
? インターネットバンキング
? インパクトラインプリンタ
? オペレーションズリサーチ
? オペレーティングシステム
? オール・オア・ナッシング
? グラフィックディスプレイ
? コンテクストスイッチング
? コンピュータトモグラフィ
? コンピュータネットワーク
? シビリアン・コントロール
? シンガー・ソングライター
? ジェネレーションギャップ
? ストリートパフォーマンス
? セマフォアプリケーション
? ソフトウェアモニタリング
? チャネルチェックハンドラ
? ディストリビュティビティ
? データコミュニケーション
? ハードウェアモニタリング
? バックグラウンドシステム
? パーマネントエンティティ
? ビデオ・オン・ディマンド
? フロントエンドプロセッサ
? ヘリカルポテンショメータ
? ホモモルフィックフィルタ
? マニュアルプログラミング
? ミュージカル・コメディー
? ユニバーサルホストマシン
? リプロダクティブ・ヘルス
? ルーティングアルゴリズム
? インテリジェントターミナル
? インフォームド・コンセント
? グローバルパートナーシップ
? コンピュータアーキテクチャ
? コンピュータグラフィックス
? ショート・ロード・ムービー
? シンクロナイズドスイミング
? セクシュアル・ハラスメント
? セマンティックネットワーク
? トップダウンプログラミング
? プッシュダウンオートマトン
? ミッシングページフォールト
? レコード・オブ・ジ・イヤー
? コンピューターグラフィックス
? シンクロナイズド・スイミング
? ディスクリプタベースレジスタ
? バイトマルチプレクサチャネル
? ユニバーサルホストプロセッサ
? インダストリアルダイナミックス
? コーポレート・アイデンティティー
? ビットスライスマイクロプロセッサ
? フレキシブルディスクカートリッジ
